
O                   PRODUCTION RXS              INT RX RATE    TP =  7.00E+14
   8) H       + HO2     = H2O     + O            4.785E+08
  20) OH      + OH      = H2O     + O            7.797E+08
  21) O1D     + N2      = O       + N2           4.380E+14
  22) O1D     + O2      = O       + O2           5.376E+10
  23) O2      + HV      = O       + O1D          2.187E+11
  24) O2      + HV      = O       + O            6.811E+11
  27) H2O     + HV      = H       + H       O    9.695E+08
  29) O3      + HV      = O2      + O            2.594E+14
  30) O3      + HV      = O       + O       O    2.118E+11
  38) CO2     + HV      = CO      + O            2.095E+11
  53) HO2     + HV      = OH      + O            1.360E+10
  61) HNO3    + HV      = HNO2    + O            2.271E+08
  63) NO      + HV      = N       + O            4.682E+07
  65) NO2     + HV      = NO      + O            3.033E+11
  85) N       + O2      = NO      + O            1.662E+06
  88) N       + NO      = N2      + O            7.572E+07
 117) SO      + HV      = S       + O            1.106E+08
 119) SO2     + HV      = SO      + O            2.658E+10
 122) SO      + O2      = O       + SO2          8.764E+09
 143) S       + O2      = SO      + O            1.101E+08
 163) SO3     + HV      = SO2     + O            3.934E+04
 168) SO21    + O2      = SO3     + O            4.371E+02
 185) HSO     + HV      = HS      + O            1.494E+08
 203) CO      + O1D     = CO      + O            7.674E+07
 217) NO3     + HV      = NO2     + O            6.297E+09
 218) N       + NO2     = N2O     + O            2.943E+06
 237) N2O5    + HV      = NO3     + NO      O    1.635E+06

O                      LOSS RXS                INT RX RATE    TL =  7.00E+14
   3) H2      + O       = OH      + H            3.101E+07
  10) OH      + O       = H       + O2           8.158E+11
  13) HO2     + O       = OH      + O2           1.183E+12
  17) O       + O       = O2      +              9.195E+10
  18) O       + O2      = O3      +              6.980E+14
  19) O       + O3      = O2      + O2           3.100E+10
  35) O       + HCO     = H       + CO2          7.652E+06
  36) O       + HCO     = OH      + CO           7.652E+06
  41) CO      + O       = CO2     +              1.384E+08
  51) H2CO    + O       = HCO     + OH           8.241E+08
  52) H2O2    + O       = OH      + HO2          4.564E+07
  76) CH3     + O       = H2CO    + H            1.517E+08
  90) NO      + O       = NO2     +              9.567E+09
  93) NO2     + O       = NO      + O2           4.720E+10
 100) O       + HNO     = OH      + NO           1.561E+05
 103) CH4     + O       = CH3     + OH           1.382E+08
 106) CH23    + O       = HCO     + H            4.576E+06
 109) C2H6    + O       = C2H5    + OH           9.591E-01
 112) C2H5    + O       = CH3     + HCO     H    1.518E+00
 124) SO      + O       = SO2     +              3.830E+08
 127) SO2     + O       = SO3     +              9.641E+07
 132) HSO3    + O       = OH      + SO3          2.600E+04
 135) H2S     + O       = OH      + HS           7.863E+04
 136) HS      + O       = H       + SO           4.861E+05
 150) S2      + O       = S       + SO           9.572E-06
 191) HSO     + O       = OH      + SO           1.946E+09
 196) O       + OCS     = CO      + SO           1.489E-03
 197) O       + OCS     = S       + CO2          1.090E-08
 211) O       + NO3     = O2      + NO2          7.913E+07
 214) O       + NO2     = NO3     +              6.256E+09
 224) O       + N2O5    = NO2     + NO2     O2   1.129E+03
 231) O       + HO2NO2  = OH      + NO2     O2   3.479E+04
 238) O       + HNO3    = OH      + NO3          2.479E+05

O2                  PRODUCTION RXS              INT RX RATE    TP =  7.01E+14
   5) H       + O3      = OH      + O2           1.332E+11
   7) H       + HO2     = H2      + O2           2.064E+09
  10) OH      + O       = H       + O2           8.158E+11
  11) OH      + HO2     = H2O     + O2           2.790E+11
  12) OH      + O3      = HO2     + O2           1.369E+11
  13) HO2     + O       = OH      + O2           1.183E+12
  14) HO2     + O3      = OH      + O2      O2   9.219E+10
  15) HO2     + HO2     = H2O2    + O2           4.911E+11
  17) O       + O       = O2      +              9.195E+10
  19) O       + O3      = O2      + O2           3.100E+10
  22) O1D     + O2      = O       + O2           5.376E+10
  28) O3      + HV      = O2      + O1D          4.377E+14
  29) O3      + HV      = O2      + O            2.594E+14
  86) N       + O3      = NO      + O2           6.217E+05
  89) NO      + O3      = NO2     + O2           2.148E+11
  93) NO2     + O       = NO      + O2           4.720E+10
 138) HS      + HO2     = H2S     + O2           1.004E+07
 146) S       + HO2     = HS      + O2           1.321E+01
 174) SO      + O3      = SO2     + O2           1.218E+10
 176) HS      + O3      = HSO     + O2           3.174E+08
 178) S       + O3      = SO      + O2           5.446E+05
 182) SO      + HO2     = HSO     + O2           3.288E+09
 211) O       + NO3     = O2      + NO2          7.913E+07
 212) HO2     + NO3     = OH      + NO2     O2   1.484E+07
 216) NO3     + HV      = NO      + O2           8.586E+08
 220) O1D     + N2O     = N2      + O2           4.172E+07
 224) O       + N2O5    = NO2     + NO2     O2   1.129E+03
 227) NO2     + NO3     = NO      + NO2     O2   3.601E+02
 228) NO2     + O3      = NO3     + O2           5.178E+07
 229) NO3     + NO3     = NO2     + NO2     O2   3.784E-02
 231) O       + HO2NO2  = OH      + NO2     O2   3.479E+04
 232) OH      + HO2NO2  = H2O     + NO2     O2   2.775E+09
 239) HO2     + NO2     = HNO2    + O2           5.192E+06

O2                     LOSS RXS                INT RX RATE    TL =  7.02E+14
   6) H       + O2      = HO2     +              2.120E+12
  18) O       + O2      = O3      +              6.980E+14
  22) O1D     + O2      = O       + O2           5.376E+10
  23) O2      + HV      = O       + O1D          2.187E+11
  24) O2      + HV      = O       + O            6.811E+11
  47) HCO     + O2      = HO2     + CO           2.305E+11
  70) CH21    + O2      = HCO     + OH           3.195E+05
  74) CH23    + O2      = HCO     + OH           9.766E+08
  75) CH3     + O2      = H2CO    + OH           3.370E+11
  85) N       + O2      = NO      + O            1.662E+06
 116) C2H5    + O2      = CH3     + HCO     OH   2.442E+02
 122) SO      + O2      = O       + SO2          8.764E+09
 129) HSO3    + O2      = HO2     + SO3          7.747E+09
 137) HS      + O2      = OH      + SO           2.001E+06
 143) S       + O2      = SO      + O            1.101E+08
 168) SO21    + O2      = SO3     + O            4.371E+02

H2O                 PRODUCTION RXS              INT RX RATE    TP =  1.33E+11
   4) H2      + OH      = H2O     + H            1.067E+11
   8) H       + HO2     = H2O     + O            4.785E+08
  11) OH      + HO2     = H2O     + O2           2.790E+11
  16) H2O2    + OH      = HO2     + H2O          2.168E+11
  20) OH      + OH      = H2O     + O            7.797E+08
  34) OH      + HCO     = H2O     + CO           9.392E+04
  48) H2CO    + OH      = H2O     + HCO          1.327E+11
  49) H       + OH      = H2O     +              1.971E+07
  66) CH4     + OH      = CH3     + H2O          3.341E+11
  96) HNO3    + OH      = H2O     + NO3          8.770E+08
 101) OH      + HNO     = H2O     + NO           4.144E+04
 102) HNO2    + OH      = H2O     + NO2          1.805E+08
 108) C2H6    + OH      = C2H5    + H2O          2.446E+02
 130) HSO3    + OH      = H2O     + SO3          2.114E+03
 133) H2S     + OH      = H2O     + HS           1.640E+08
 187) HSO     + OH      = H2O     + SO           1.510E+09
 205) H2S     + HO2     = H2O     + HSO          2.702E+07
 232) OH      + HO2NO2  = H2O     + NO2     O2   2.775E+09

H2O                    LOSS RXS                INT RX RATE    TL =  7.06E+10
   1) H2O     + O1D     = OH      + OH           1.492E+11
  25) H2O     + HV      = H       + OH           3.099E+11
  26) H2O     + HV      = H2      + O1D          6.465E+08
  27) H2O     + HV      = H       + H       O    9.695E+08
 128) SO3     + H2O     = H2SO4   +              7.844E+09

H                   PRODUCTION RXS              INT RX RATE    TP =  2.28E+12
   2) H2      + O1D     = OH      + H            8.216E+08
   3) H2      + O       = OH      + H            3.101E+07
   4) H2      + OH      = H2O     + H            1.067E+11
  10) OH      + O       = H       + O2           8.158E+11
  25) H2O     + HV      = H       + OH           3.099E+11
  27) H2O     + HV      = H       + H       O    9.695E+08
  35) O       + HCO     = H       + CO2          7.652E+06
  40) CO      + OH      = CO2     + H            9.433E+11
  43) H2CO    + HV      = HCO     + H            9.598E+10
  44) HCO     + HV      = H       + CO           1.266E+06
  55) CH4     + HV      = CH3     + H            9.679E+08
  56) CH4     + HV      = CH23    + H       H    1.738E+08
  72) CH23    + H2      = CH3     + H            1.816E+06
  76) CH3     + O       = H2CO    + H            1.517E+08
  78) CH3     + HV      = CH21    + H            3.384E+05
  87) N       + OH      = NO      + H            5.804E+07
  98) HNO     + HV      = NO      + H            2.943E+05
 104) CH21    + H2      = CH3     + H            3.079E+04
 106) CH23    + O       = HCO     + H            4.576E+06
 112) C2H5    + O       = CH3     + HCO     H    1.518E+00
 118) H2S     + HV      = HS      + H            3.329E+07
 125) SO      + OH      = SO2     + H            1.544E+09
 136) HS      + O       = H       + SO           4.861E+05
 142) HS      + S       = H       + S2           1.646E-05
 144) S       + OH      = SO      + H            8.567E+01
 195) HS      + CO      = OCS     + H            4.839E-04
 200) S       + HCO     = OCS     + H            8.024E-05

H                      LOSS RXS                INT RX RATE    TL =  2.28E+12
   5) H       + O3      = OH      + O2           1.332E+11
   6) H       + O2      = HO2     +              2.120E+12
   7) H       + HO2     = H2      + O2           2.064E+09
   8) H       + HO2     = H2O     + O            4.785E+08
   9) H       + HO2     = OH      + OH           2.153E+10
  31) H       + CO      = HCO     +              2.194E+07
  32) H       + HCO     = H2      + CO           9.853E+05
  45) H2CO    + H       = H2      + HCO          4.766E+05
  46) H       + H       = H2      +              6.318E+06
  49) H       + OH      = H2O     +              1.971E+07
  79) CH3     + H       = CH4     +              6.847E+05
  83) H       + NO      = HNO     +              1.279E+05
  95) NO2     + H       = NO      + OH           9.544E+06
  99) H       + HNO     = H2      + NO           2.074E+02
 111) C2H5    + H       = CH3     + CH3          4.235E-02
 131) HSO3    + H       = H2      + SO3          4.317E-01
 134) H2S     + H       = H2      + HS           6.421E+03
 141) HS      + H       = H2      + S            2.186E+01
 184) H       + SO      = HSO     +              1.076E+03
 188) HSO     + H       = HS      + OH           1.976E+05
 189) HSO     + H       = H2      + SO           9.882E+04
 194) H       + OCS     = CO      + HS           4.977E-07

OH                  PRODUCTION RXS              INT RX RATE    TP =  2.99E+12
   1) H2O     + O1D     = OH      + OH           1.492E+11
   2) H2      + O1D     = OH      + H            8.216E+08
   3) H2      + O       = OH      + H            3.101E+07
   5) H       + O3      = OH      + O2           1.332E+11
   9) H       + HO2     = OH      + OH           2.153E+10
  13) HO2     + O       = OH      + O2           1.183E+12
  14) HO2     + O3      = OH      + O2      O2   9.219E+10
  25) H2O     + HV      = H       + OH           3.099E+11
  36) O       + HCO     = OH      + CO           7.652E+06
  37) H2O2    + HV      = OH      + OH           2.179E+11
  51) H2CO    + O       = HCO     + OH           8.241E+08
  52) H2O2    + O       = OH      + HO2          4.564E+07
  53) HO2     + HV      = OH      + O            1.360E+10
  59) HNO2    + HV      = NO      + OH           6.672E+09
  60) HNO3    + HV      = NO2     + OH           2.147E+09
  67) CH4     + O1D     = CH3     + OH           1.877E+09
  70) CH21    + O2      = HCO     + OH           3.195E+05
  74) CH23    + O2      = HCO     + OH           9.766E+08
  75) CH3     + O2      = H2CO    + OH           3.370E+11
  91) NO      + HO2     = NO2     + OH           1.277E+11
  95) NO2     + H       = NO      + OH           9.544E+06
 100) O       + HNO     = OH      + NO           1.561E+05
 103) CH4     + O       = CH3     + OH           1.382E+08
 109) C2H6    + O       = C2H5    + OH           9.591E-01
 110) C2H6    + O1D     = C2H5    + OH           1.828E-01
 116) C2H5    + O2      = CH3     + HCO     OH   2.442E+02
 123) SO      + HO2     = SO2     + OH           3.288E+09
 132) HSO3    + O       = OH      + SO3          2.600E+04
 135) H2S     + O       = OH      + HS           7.863E+04
 137) HS      + O2      = OH      + SO           2.001E+06
 147) S       + HO2     = SO      + OH           1.321E+01
 175) SO2     + HO2     = SO3     + OH           5.994E+05
 188) HSO     + H       = HS      + OH           1.976E+05
 191) HSO     + O       = OH      + SO           1.946E+09
 212) HO2     + NO3     = OH      + NO2     O2   1.484E+07
 223) N       + HO2     = NO      + OH           7.052E+06
 231) O       + HO2NO2  = OH      + NO2     O2   3.479E+04
 235) HO2NO2  + HV      = OH      + NO3          4.206E+08
 238) O       + HNO3    = OH      + NO3          2.479E+05

OH                     LOSS RXS                INT RX RATE    TL =  2.99E+12
   4) H2      + OH      = H2O     + H            1.067E+11
  10) OH      + O       = H       + O2           8.158E+11
  11) OH      + HO2     = H2O     + O2           2.790E+11
  12) OH      + O3      = HO2     + O2           1.369E+11
  16) H2O2    + OH      = HO2     + H2O          2.168E+11
  20) OH      + OH      = H2O     + O            7.797E+08
  34) OH      + HCO     = H2O     + CO           9.392E+04
  40) CO      + OH      = CO2     + H            9.433E+11
  48) H2CO    + OH      = H2O     + HCO          1.327E+11
  49) H       + OH      = H2O     +              1.971E+07
  50) OH      + OH      = H2O2    +              5.575E+08
  66) CH4     + OH      = CH3     + H2O          3.341E+11
  87) N       + OH      = NO      + H            5.804E+07
  92) NO      + OH      = HNO2    +              6.457E+09
  94) NO2     + OH      = HNO3    +              3.562E+09
  96) HNO3    + OH      = H2O     + NO3          8.770E+08
 101) OH      + HNO     = H2O     + NO           4.144E+04
 102) HNO2    + OH      = H2O     + NO2          1.805E+08
 108) C2H6    + OH      = C2H5    + H2O          2.446E+02
 113) C2H5    + OH      = CH3     + HCO     H2   3.868E-03
 125) SO      + OH      = SO2     + H            1.544E+09
 126) SO2     + OH      = HSO3    +              7.747E+09
 130) HSO3    + OH      = H2O     + SO3          2.114E+03
 133) H2S     + OH      = H2O     + HS           1.640E+08
 144) S       + OH      = SO      + H            8.567E+01
 187) HSO     + OH      = H2O     + SO           1.510E+09
 199) OCS     + OH      = CO2     + HS           5.104E-04
 215) OH      + NO3     = HO2     + NO2          1.362E+07
 232) OH      + HO2NO2  = H2O     + NO2     O2   2.775E+09

HO2                 PRODUCTION RXS              INT RX RATE    TP =  2.72E+12
   6) H       + O2      = HO2     +              2.120E+12
  12) OH      + O3      = HO2     + O2           1.369E+11
  16) H2O2    + OH      = HO2     + H2O          2.168E+11
  47) HCO     + O2      = HO2     + CO           2.305E+11
  52) H2O2    + O       = OH      + HO2          4.564E+07
 129) HSO3    + O2      = HO2     + SO3          7.747E+09
 215) OH      + NO3     = HO2     + NO2          1.362E+07
 233) HO2NO2  + M       = HO2     + NO2          9.073E+09
 234) HO2NO2  + HV      = HO2     + NO2          1.572E+09

HO2                    LOSS RXS                INT RX RATE    TL =  2.72E+12
   7) H       + HO2     = H2      + O2           2.064E+09
   8) H       + HO2     = H2O     + O            4.785E+08
   9) H       + HO2     = OH      + OH           2.153E+10
  11) OH      + HO2     = H2O     + O2           2.790E+11
  13) HO2     + O       = OH      + O2           1.183E+12
  14) HO2     + O3      = OH      + O2      O2   9.219E+10
  15) HO2     + HO2     = H2O2    + O2           4.911E+11
  53) HO2     + HV      = OH      + O            1.360E+10
  91) NO      + HO2     = NO2     + OH           1.277E+11
 123) SO      + HO2     = SO2     + OH           3.288E+09
 138) HS      + HO2     = H2S     + O2           1.004E+07
 146) S       + HO2     = HS      + O2           1.321E+01
 147) S       + HO2     = SO      + OH           1.321E+01
 175) SO2     + HO2     = SO3     + OH           5.994E+05
 182) SO      + HO2     = HSO     + O2           3.288E+09
 205) H2S     + HO2     = H2O     + HSO          2.702E+07
 212) HO2     + NO3     = OH      + NO2     O2   1.484E+07
 223) N       + HO2     = NO      + OH           7.052E+06
 230) HO2     + NO2     = HO2NO2  +              1.386E+10
 239) HO2     + NO2     = HNO2    + O2           5.192E+06

H2O2                PRODUCTION RXS              INT RX RATE    TP =  4.92E+11
  15) HO2     + HO2     = H2O2    + O2           4.911E+11
  50) OH      + OH      = H2O2    +              5.575E+08

H2O2                   LOSS RXS                INT RX RATE    TL =  4.80E+11
  16) H2O2    + OH      = HO2     + H2O          2.168E+11
  37) H2O2    + HV      = OH      + OH           2.179E+11
  52) H2O2    + O       = OH      + HO2          4.564E+07

H2                  PRODUCTION RXS              INT RX RATE    TP =  1.08E+11
   7) H       + HO2     = H2      + O2           2.064E+09
  26) H2O     + HV      = H2      + O1D          6.465E+08
  32) H       + HCO     = H2      + CO           9.853E+05
  42) H2CO    + HV      = H2      + CO           1.039E+11
  45) H2CO    + H       = H2      + HCO          4.766E+05
  46) H       + H       = H2      +              6.318E+06
  54) CH4     + HV      = CH21    + H2           8.857E+08
  68) CH4     + O1D     = H2CO    + H2           1.252E+08
  99) H       + HNO     = H2      + NO           2.074E+02
 113) C2H5    + OH      = CH3     + HCO     H2   3.868E-03
 131) HSO3    + H       = H2      + SO3          4.317E-01
 134) H2S     + H       = H2      + HS           6.421E+03
 141) HS      + H       = H2      + S            2.186E+01
 189) HSO     + H       = H2      + SO           9.882E+04

H2                     LOSS RXS                INT RX RATE    TL =  1.08E+11
   2) H2      + O1D     = OH      + H            8.216E+08
   3) H2      + O       = OH      + H            3.101E+07
   4) H2      + OH      = H2O     + H            1.067E+11
  72) CH23    + H2      = CH3     + H            1.816E+06
 104) CH21    + H2      = CH3     + H            3.079E+04

CO                  PRODUCTION RXS              INT RX RATE    TP =  6.73E+11
  32) H       + HCO     = H2      + CO           9.853E+05
  33) HCO     + HCO     = H2CO    + CO           3.481E-01
  34) OH      + HCO     = H2O     + CO           9.392E+04
  36) O       + HCO     = OH      + CO           7.652E+06
  38) CO2     + HV      = CO      + O            2.095E+11
  39) CO2     + HV      = CO      + O1D          1.285E+11
  42) H2CO    + HV      = H2      + CO           1.039E+11
  44) HCO     + HV      = H       + CO           1.266E+06
  47) HCO     + O2      = HO2     + CO           2.305E+11
  80) CH3     + HCO     = CH4     + CO           1.276E+01
  97) HCO     + NO      = HNO     + CO           2.192E+04
 105) CH21    + CO2     = H2CO    + CO           4.952E+04
 107) CH23    + CO2     = H2CO    + CO           7.647E+07
 114) C2H5    + HCO     = C2H6    + CO           9.545E-08
 140) HS      + HCO     = H2S     + CO           7.903E-01
 145) S       + HCO     = HS      + CO           1.003E-05
 181) S       + CO2     = SO      + CO           1.986E+00
 183) SO      + HCO     = HSO     + CO           9.511E+01
 194) H       + OCS     = CO      + HS           4.977E-07
 196) O       + OCS     = CO      + SO           1.489E-03
 198) OCS     + S       = CO      + S2           3.076E-11
 202) OCS     + HV      = CO      + S            7.345E-02
 203) CO      + O1D     = CO      + O            7.674E+07

CO                     LOSS RXS                INT RX RATE    TL =  9.44E+11
  31) H       + CO      = HCO     +              2.194E+07
  40) CO      + OH      = CO2     + H            9.433E+11
  41) CO      + O       = CO2     +              1.384E+08
 195) HS      + CO      = OCS     + H            4.839E-04
 201) S       + CO      = OCS     +              7.488E-02
 203) CO      + O1D     = CO      + O            7.674E+07
 210) OCS2    + CO      = OCS     + OCS          5.311E-11

HCO                 PRODUCTION RXS              INT RX RATE    TP =  2.31E+11
  31) H       + CO      = HCO     +              2.194E+07
  43) H2CO    + HV      = HCO     + H            9.598E+10
  45) H2CO    + H       = H2      + HCO          4.766E+05
  48) H2CO    + OH      = H2O     + HCO          1.327E+11
  51) H2CO    + O       = HCO     + OH           8.241E+08
  70) CH21    + O2      = HCO     + OH           3.195E+05
  74) CH23    + O2      = HCO     + OH           9.766E+08
  82) CH3     + H2CO    = CH4     + HCO          2.387E-01
 106) CH23    + O       = HCO     + H            4.576E+06
 112) C2H5    + O       = CH3     + HCO     H    1.518E+00
 113) C2H5    + OH      = CH3     + HCO     H2   3.868E-03
 116) C2H5    + O2      = CH3     + HCO     OH   2.442E+02
 151) HS      + H2CO    = H2S     + HCO          1.320E+07

HCO                    LOSS RXS                INT RX RATE    TL =  2.31E+11
  32) H       + HCO     = H2      + CO           9.853E+05
  33) HCO     + HCO     = H2CO    + CO           3.481E-01
  34) OH      + HCO     = H2O     + CO           9.392E+04
  35) O       + HCO     = H       + CO2          7.652E+06
  36) O       + HCO     = OH      + CO           7.652E+06
  44) HCO     + HV      = H       + CO           1.266E+06
  47) HCO     + O2      = HO2     + CO           2.305E+11
  80) CH3     + HCO     = CH4     + CO           1.276E+01
  97) HCO     + NO      = HNO     + CO           2.192E+04
 114) C2H5    + HCO     = C2H6    + CO           9.545E-08
 140) HS      + HCO     = H2S     + CO           7.903E-01
 145) S       + HCO     = HS      + CO           1.003E-05
 183) SO      + HCO     = HSO     + CO           9.511E+01
 200) S       + HCO     = OCS     + H            8.024E-05

H2CO                PRODUCTION RXS              INT RX RATE    TP =  3.37E+11
  33) HCO     + HCO     = H2CO    + CO           3.481E-01
  68) CH4     + O1D     = H2CO    + H2           1.252E+08
  75) CH3     + O2      = H2CO    + OH           3.370E+11
  76) CH3     + O       = H2CO    + H            1.517E+08
 105) CH21    + CO2     = H2CO    + CO           4.952E+04
 107) CH23    + CO2     = H2CO    + CO           7.647E+07

H2CO                   LOSS RXS                INT RX RATE    TL =  3.36E+11
  42) H2CO    + HV      = H2      + CO           1.039E+11
  43) H2CO    + HV      = HCO     + H            9.598E+10
  45) H2CO    + H       = H2      + HCO          4.766E+05
  48) H2CO    + OH      = H2O     + HCO          1.327E+11
  51) H2CO    + O       = HCO     + OH           8.241E+08
  82) CH3     + H2CO    = CH4     + HCO          2.387E-01
 151) HS      + H2CO    = H2S     + HCO          1.320E+07

CH4                 PRODUCTION RXS              INT RX RATE    TP =  6.85E+05
  58) C2H6    + HV      = CH4     + CH21         1.473E+02
  79) CH3     + H       = CH4     +              6.847E+05
  80) CH3     + HCO     = CH4     + CO           1.276E+01
  81) CH3     + HNO     = CH4     + NO           1.484E-03
  82) CH3     + H2CO    = CH4     + HCO          2.387E-01

CH4                    LOSS RXS                INT RX RATE    TL =  3.38E+11
  54) CH4     + HV      = CH21    + H2           8.857E+08
  55) CH4     + HV      = CH3     + H            9.679E+08
  56) CH4     + HV      = CH23    + H       H    1.738E+08
  66) CH4     + OH      = CH3     + H2O          3.341E+11
  67) CH4     + O1D     = CH3     + OH           1.877E+09
  68) CH4     + O1D     = H2CO    + H2           1.252E+08
  69) CH21    + CH4     = CH3     + CH3          6.411E+02
  73) CH23    + CH4     = CH3     + CH3          8.118E-06
 103) CH4     + O       = CH3     + OH           1.382E+08

CH3                 PRODUCTION RXS              INT RX RATE    TP =  3.37E+11
  55) CH4     + HV      = CH3     + H            9.679E+08
  66) CH4     + OH      = CH3     + H2O          3.341E+11
  67) CH4     + O1D     = CH3     + OH           1.877E+09
  69) CH21    + CH4     = CH3     + CH3          6.411E+02
  72) CH23    + H2      = CH3     + H            1.816E+06
  73) CH23    + CH4     = CH3     + CH3          8.118E-06
 103) CH4     + O       = CH3     + OH           1.382E+08
 104) CH21    + H2      = CH3     + H            3.079E+04
 111) C2H5    + H       = CH3     + CH3          4.235E-02
 112) C2H5    + O       = CH3     + HCO     H    1.518E+00
 113) C2H5    + OH      = CH3     + HCO     H2   3.868E-03
 116) C2H5    + O2      = CH3     + HCO     OH   2.442E+02

CH3                    LOSS RXS                INT RX RATE    TL =  3.37E+11
  75) CH3     + O2      = H2CO    + OH           3.370E+11
  76) CH3     + O       = H2CO    + H            1.517E+08
  77) CH3     + CH3     = C2H6    +              3.931E+02
  78) CH3     + HV      = CH21    + H            3.384E+05
  79) CH3     + H       = CH4     +              6.847E+05
  80) CH3     + HCO     = CH4     + CO           1.276E+01
  81) CH3     + HNO     = CH4     + NO           1.484E-03
  82) CH3     + H2CO    = CH4     + HCO          2.387E-01

C2H6                PRODUCTION RXS              INT RX RATE    TP =  3.93E+02
  77) CH3     + CH3     = C2H6    +              3.931E+02
 114) C2H5    + HCO     = C2H6    + CO           9.545E-08
 115) C2H5    + HNO     = C2H6    + NO           8.575E-14

C2H6                   LOSS RXS                INT RX RATE    TL =  3.93E+02
  58) C2H6    + HV      = CH4     + CH21         1.473E+02
 108) C2H6    + OH      = C2H5    + H2O          2.446E+02
 109) C2H6    + O       = C2H5    + OH           9.591E-01
 110) C2H6    + O1D     = C2H5    + OH           1.828E-01

NO                  PRODUCTION RXS              INT RX RATE    TP =  3.59E+11
  59) HNO2    + HV      = NO      + OH           6.672E+09
  64) NO2     + HV      = NO      + O1D          1.105E+08
  65) NO2     + HV      = NO      + O            3.033E+11
  81) CH3     + HNO     = CH4     + NO           1.484E-03
  85) N       + O2      = NO      + O            1.662E+06
  86) N       + O3      = NO      + O2           6.217E+05
  87) N       + OH      = NO      + H            5.804E+07
  93) NO2     + O       = NO      + O2           4.720E+10
  95) NO2     + H       = NO      + OH           9.544E+06
  98) HNO     + HV      = NO      + H            2.943E+05
  99) H       + HNO     = H2      + NO           2.074E+02
 100) O       + HNO     = OH      + NO           1.561E+05
 101) OH      + HNO     = H2O     + NO           4.144E+04
 115) C2H5    + HNO     = C2H6    + NO           8.575E-14
 173) SO      + NO2     = SO2     + NO           5.917E+08
 177) HS      + NO2     = HSO     + NO           2.746E+06
 216) NO3     + HV      = NO      + O2           8.586E+08
 221) O1D     + N2O     = NO      + NO           6.528E+07
 223) N       + HO2     = NO      + OH           7.052E+06
 227) NO2     + NO3     = NO      + NO2     O2   3.601E+02
 237) N2O5    + HV      = NO3     + NO      O    1.635E+06

NO                     LOSS RXS                INT RX RATE    TL =  3.59E+11
  63) NO      + HV      = N       + O            4.682E+07
  83) H       + NO      = HNO     +              1.279E+05
  88) N       + NO      = N2      + O            7.572E+07
  89) NO      + O3      = NO2     + O2           2.148E+11
  90) NO      + O       = NO2     +              9.567E+09
  91) NO      + HO2     = NO2     + OH           1.277E+11
  92) NO      + OH      = HNO2    +              6.457E+09
  97) HCO     + NO      = HNO     + CO           2.192E+04
 186) HSO     + NO      = HNO     + SO           3.424E+05
 213) NO      + NO3     = NO2     + NO2          3.430E+08

NO2                 PRODUCTION RXS              INT RX RATE    TP =  3.75E+11
  60) HNO3    + HV      = NO2     + OH           2.147E+09
  89) NO      + O3      = NO2     + O2           2.148E+11
  90) NO      + O       = NO2     +              9.567E+09
  91) NO      + HO2     = NO2     + OH           1.277E+11
 102) HNO2    + OH      = H2O     + NO2          1.805E+08
 211) O       + NO3     = O2      + NO2          7.913E+07
 212) HO2     + NO3     = OH      + NO2     O2   1.484E+07
 213) NO      + NO3     = NO2     + NO2          3.430E+08
 215) OH      + NO3     = HO2     + NO2          1.362E+07
 217) NO3     + HV      = NO2     + O            6.297E+09
 224) O       + N2O5    = NO2     + NO2     O2   1.129E+03
 226) N2O5    + M       = NO3     + NO2          8.487E+04
 227) NO2     + NO3     = NO      + NO2     O2   3.601E+02
 229) NO3     + NO3     = NO2     + NO2     O2   3.784E-02
 231) O       + HO2NO2  = OH      + NO2     O2   3.479E+04
 232) OH      + HO2NO2  = H2O     + NO2     O2   2.775E+09
 233) HO2NO2  + M       = HO2     + NO2          9.073E+09
 234) HO2NO2  + HV      = HO2     + NO2          1.572E+09
 236) N2O5    + HV      = NO3     + NO2          2.235E+06

NO2                    LOSS RXS                INT RX RATE    TL =  3.75E+11
  64) NO2     + HV      = NO      + O1D          1.105E+08
  65) NO2     + HV      = NO      + O            3.033E+11
  93) NO2     + O       = NO      + O2           4.720E+10
  94) NO2     + OH      = HNO3    +              3.562E+09
  95) NO2     + H       = NO      + OH           9.544E+06
 173) SO      + NO2     = SO2     + NO           5.917E+08
 177) HS      + NO2     = HSO     + NO           2.746E+06
 214) O       + NO2     = NO3     +              6.256E+09
 218) N       + NO2     = N2O     + O            2.943E+06
 225) NO2     + NO3     = N2O5    +              3.956E+06
 227) NO2     + NO3     = NO      + NO2     O2   3.601E+02
 228) NO2     + O3      = NO3     + O2           5.178E+07
 230) HO2     + NO2     = HO2NO2  +              1.386E+10
 239) HO2     + NO2     = HNO2    + O2           5.192E+06

HNO                 PRODUCTION RXS              INT RX RATE    TP =  4.92E+05
  83) H       + NO      = HNO     +              1.279E+05
  97) HCO     + NO      = HNO     + CO           2.192E+04
 186) HSO     + NO      = HNO     + SO           3.424E+05

HNO                    LOSS RXS                INT RX RATE    TL =  4.92E+05
  81) CH3     + HNO     = CH4     + NO           1.484E-03
  98) HNO     + HV      = NO      + H            2.943E+05
  99) H       + HNO     = H2      + NO           2.074E+02
 100) O       + HNO     = OH      + NO           1.561E+05
 101) OH      + HNO     = H2O     + NO           4.144E+04
 115) C2H5    + HNO     = C2H6    + NO           8.575E-14

H2S                 PRODUCTION RXS              INT RX RATE    TP =  2.44E+07
 138) HS      + HO2     = H2S     + O2           1.004E+07
 139) HS      + HS      = H2S     + S            3.875E+02
 140) HS      + HCO     = H2S     + CO           7.903E-01
 151) HS      + H2CO    = H2S     + HCO          1.320E+07
 190) HSO     + HS      = H2S     + SO           1.180E+06

H2S                    LOSS RXS                INT RX RATE    TL =  2.24E+08
 118) H2S     + HV      = HS      + H            3.329E+07
 133) H2S     + OH      = H2O     + HS           1.640E+08
 134) H2S     + H       = H2      + HS           6.421E+03
 135) H2S     + O       = OH      + HS           7.863E+04
 205) H2S     + HO2     = H2O     + HSO          2.702E+07

HS                  PRODUCTION RXS              INT RX RATE    TP =  3.47E+08
 118) H2S     + HV      = HS      + H            3.329E+07
 133) H2S     + OH      = H2O     + HS           1.640E+08
 134) H2S     + H       = H2      + HS           6.421E+03
 135) H2S     + O       = OH      + HS           7.863E+04
 145) S       + HCO     = HS      + CO           1.003E-05
 146) S       + HO2     = HS      + O2           1.321E+01
 185) HSO     + HV      = HS      + O            1.494E+08
 188) HSO     + H       = HS      + OH           1.976E+05
 192) HSO     + S       = HS      + SO           1.317E+00
 194) H       + OCS     = CO      + HS           4.977E-07
 199) OCS     + OH      = CO2     + HS           5.104E-04

HS                     LOSS RXS                INT RX RATE    TL =  3.47E+08
 136) HS      + O       = H       + SO           4.861E+05
 137) HS      + O2      = OH      + SO           2.001E+06
 138) HS      + HO2     = H2S     + O2           1.004E+07
 139) HS      + HS      = H2S     + S            3.875E+02
 140) HS      + HCO     = H2S     + CO           7.903E-01
 141) HS      + H       = H2      + S            2.186E+01
 142) HS      + S       = H       + S2           1.646E-05
 151) HS      + H2CO    = H2S     + HCO          1.320E+07
 176) HS      + O3      = HSO     + O2           3.174E+08
 177) HS      + NO2     = HSO     + NO           2.746E+06
 190) HSO     + HS      = H2S     + SO           1.180E+06
 195) HS      + CO      = OCS     + H            4.839E-04

S                   PRODUCTION RXS              INT RX RATE    TP =  1.11E+08
 117) SO      + HV      = S       + O            1.106E+08
 139) HS      + HS      = H2S     + S            3.875E+02
 141) HS      + H       = H2      + S            2.186E+01
 150) S2      + O       = S       + SO           9.572E-06
 152) S2      + HV      = S       + S            6.884E-06
 159) S3      + HV      = S2      + S            1.936E-16
 179) SO      + SO      = SO2     + S            2.191E+03
 197) O       + OCS     = S       + CO2          1.090E-08
 202) OCS     + HV      = CO      + S            7.345E-02

S                      LOSS RXS                INT RX RATE    TL =  1.11E+08
 142) HS      + S       = H       + S2           1.646E-05
 143) S       + O2      = SO      + O            1.101E+08
 144) S       + OH      = SO      + H            8.567E+01
 145) S       + HCO     = HS      + CO           1.003E-05
 146) S       + HO2     = HS      + O2           1.321E+01
 147) S       + HO2     = SO      + OH           1.321E+01
 148) S       + S       = S2      +              2.981E-11
 154) S       + S2      = S3      +              1.936E-16
 156) S       + S3      = S4      +              3.289E-30
 178) S       + O3      = SO      + O2           5.446E+05
 181) S       + CO2     = SO      + CO           1.986E+00
 192) HSO     + S       = HS      + SO           1.317E+00
 198) OCS     + S       = CO      + S2           3.076E-11
 200) S       + HCO     = OCS     + H            8.024E-05
 201) S       + CO      = OCS     +              7.488E-02
 206) OCS     + S       = OCS2    +              5.311E-11
 207) OCS2    + S       = OCS     + S2           1.034E-22

SO                  PRODUCTION RXS              INT RX RATE    TP =  3.02E+10
 119) SO2     + HV      = SO      + O            2.658E+10
 136) HS      + O       = H       + SO           4.861E+05
 137) HS      + O2      = OH      + SO           2.001E+06
 143) S       + O2      = SO      + O            1.101E+08
 144) S       + OH      = SO      + H            8.567E+01
 147) S       + HO2     = SO      + OH           1.321E+01
 150) S2      + O       = S       + SO           9.572E-06
 169) SO21    + SO2     = SO3     + SO           1.374E+01
 172) SO23    + SO2     = SO3     + SO           1.639E+00
 178) S       + O3      = SO      + O2           5.446E+05
 181) S       + CO2     = SO      + CO           1.986E+00
 186) HSO     + NO      = HNO     + SO           3.424E+05
 187) HSO     + OH      = H2O     + SO           1.510E+09
 189) HSO     + H       = H2      + SO           9.882E+04
 190) HSO     + HS      = H2S     + SO           1.180E+06
 191) HSO     + O       = OH      + SO           1.946E+09
 192) HSO     + S       = HS      + SO           1.317E+00
 196) O       + OCS     = CO      + SO           1.489E-03

SO                     LOSS RXS                INT RX RATE    TL =  3.02E+10
 117) SO      + HV      = S       + O            1.106E+08
 122) SO      + O2      = O       + SO2          8.764E+09
 123) SO      + HO2     = SO2     + OH           3.288E+09
 124) SO      + O       = SO2     +              3.830E+08
 125) SO      + OH      = SO2     + H            1.544E+09
 173) SO      + NO2     = SO2     + NO           5.917E+08
 174) SO      + O3      = SO2     + O2           1.218E+10
 179) SO      + SO      = SO2     + S            2.191E+03
 180) SO3     + SO      = SO2     + SO2          7.451E+00
 182) SO      + HO2     = HSO     + O2           3.288E+09
 183) SO      + HCO     = HSO     + CO           9.511E+01
 184) H       + SO      = HSO     +              1.076E+03

SO2                 PRODUCTION RXS              INT RX RATE    TP =  4.87E+11
 122) SO      + O2      = O       + SO2          8.764E+09
 123) SO      + HO2     = SO2     + OH           3.288E+09
 124) SO      + O       = SO2     +              3.830E+08
 125) SO      + OH      = SO2     + H            1.544E+09
 163) SO3     + HV      = SO2     + O            3.934E+04
 165) SO21    + M       = SO2     + M            4.172E+11
 167) SO21    + HV      = SO2     + HV           9.095E+07
 170) SO23    + M       = SO2     + M            4.262E+10
 171) SO23    + HV      = SO2     + HV           3.088E+07
 173) SO      + NO2     = SO2     + NO           5.917E+08
 174) SO      + O3      = SO2     + O2           1.218E+10
 179) SO      + SO      = SO2     + S            2.191E+03
 180) SO3     + SO      = SO2     + SO2          7.451E+00

SO2                    LOSS RXS                INT RX RATE    TL =  4.95E+11
 119) SO2     + HV      = SO      + O            2.658E+10
 120) SO2     + HV      = SO21    +              4.591E+11
 121) SO2     + HV      = SO23    +              9.196E+08
 126) SO2     + OH      = HSO3    +              7.747E+09
 127) SO2     + O       = SO3     +              9.641E+07
 169) SO21    + SO2     = SO3     + SO           1.374E+01
 172) SO23    + SO2     = SO3     + SO           1.639E+00
 175) SO2     + HO2     = SO3     + OH           5.994E+05

H2SO4               PRODUCTION RXS              INT RX RATE    TP =  7.84E+09
 128) SO3     + H2O     = H2SO4   +              7.844E+09

H2SO4                  LOSS RXS                INT RX RATE    TL =  7.75E+09

HSO                 PRODUCTION RXS              INT RX RATE    TP =  3.64E+09
 176) HS      + O3      = HSO     + O2           3.174E+08
 177) HS      + NO2     = HSO     + NO           2.746E+06
 182) SO      + HO2     = HSO     + O2           3.288E+09
 183) SO      + HCO     = HSO     + CO           9.511E+01
 184) H       + SO      = HSO     +              1.076E+03
 205) H2S     + HO2     = H2O     + HSO          2.702E+07

HSO                    LOSS RXS                INT RX RATE    TL =  3.61E+09
 185) HSO     + HV      = HS      + O            1.494E+08
 186) HSO     + NO      = HNO     + SO           3.424E+05
 187) HSO     + OH      = H2O     + SO           1.510E+09
 188) HSO     + H       = HS      + OH           1.976E+05
 189) HSO     + H       = H2      + SO           9.882E+04
 190) HSO     + HS      = H2S     + SO           1.180E+06
 191) HSO     + O       = OH      + SO           1.946E+09
 192) HSO     + S       = HS      + SO           1.317E+00

S2                  PRODUCTION RXS              INT RX RATE    TP =  1.65E-05
 142) HS      + S       = H       + S2           1.646E-05
 148) S       + S       = S2      +              2.981E-11
 158) S4      + HV      = S2      + S2           2.582E-21
 159) S3      + HV      = S2      + S            1.936E-16
 198) OCS     + S       = CO      + S2           3.076E-11
 207) OCS2    + S       = OCS     + S2           1.034E-22

S2                     LOSS RXS                INT RX RATE    TL =  1.65E-05
 150) S2      + O       = S       + SO           9.572E-06
 152) S2      + HV      = S       + S            6.884E-06
 154) S       + S2      = S3      +              1.936E-16
 155) S2      + S2      = S4      +              2.582E-21

S4                  PRODUCTION RXS              INT RX RATE    TP =  2.58E-21
 155) S2      + S2      = S4      +              2.582E-21
 156) S       + S3      = S4      +              3.289E-30
 162) S8      + HV      = S4      + S4           1.231E-57

S4                     LOSS RXS                INT RX RATE    TL =  2.58E-21
 157) S4      + S4      = S8      +              1.231E-57
 158) S4      + HV      = S2      + S2           2.582E-21

S8                  PRODUCTION RXS              INT RX RATE    TP =  1.23E-57
 157) S4      + S4      = S8      +              1.231E-57

S8                     LOSS RXS                INT RX RATE    TL =  1.23E-57
 162) S8      + HV      = S4      + S4           1.231E-57

SO3                 PRODUCTION RXS              INT RX RATE    TP =  7.84E+09
 127) SO2     + O       = SO3     +              9.641E+07
 129) HSO3    + O2      = HO2     + SO3          7.747E+09
 130) HSO3    + OH      = H2O     + SO3          2.114E+03
 131) HSO3    + H       = H2      + SO3          4.317E-01
 132) HSO3    + O       = OH      + SO3          2.600E+04
 168) SO21    + O2      = SO3     + O            4.371E+02
 169) SO21    + SO2     = SO3     + SO           1.374E+01
 172) SO23    + SO2     = SO3     + SO           1.639E+00
 175) SO2     + HO2     = SO3     + OH           5.994E+05

SO3                    LOSS RXS                INT RX RATE    TL =  7.84E+09
 128) SO3     + H2O     = H2SO4   +              7.844E+09
 163) SO3     + HV      = SO2     + O            3.934E+04
 180) SO3     + SO      = SO2     + SO2          7.451E+00

OCS                 PRODUCTION RXS              INT RX RATE    TP =  7.54E-02
 195) HS      + CO      = OCS     + H            4.839E-04
 200) S       + HCO     = OCS     + H            8.024E-05
 201) S       + CO      = OCS     +              7.488E-02
 207) OCS2    + S       = OCS     + S2           1.034E-22
 210) OCS2    + CO      = OCS     + OCS          5.311E-11

OCS                    LOSS RXS                INT RX RATE    TL =  7.54E-02
 194) H       + OCS     = CO      + HS           4.977E-07
 196) O       + OCS     = CO      + SO           1.489E-03
 197) O       + OCS     = S       + CO2          1.090E-08
 198) OCS     + S       = CO      + S2           3.076E-11
 199) OCS     + OH      = CO2     + HS           5.104E-04
 202) OCS     + HV      = CO      + S            7.345E-02
 206) OCS     + S       = OCS2    +              5.311E-11

S3                  PRODUCTION RXS              INT RX RATE    TP =  1.94E-16
 154) S       + S2      = S3      +              1.936E-16

S3                     LOSS RXS                INT RX RATE    TL =  1.94E-16
 156) S       + S3      = S4      +              3.289E-30
 159) S3      + HV      = S2      + S            1.936E-16

O3                  PRODUCTION RXS              INT RX RATE    TP =  6.98E+14
  18) O       + O2      = O3      +              6.980E+14

O3                     LOSS RXS                INT RX RATE    TL =  6.98E+14
   5) H       + O3      = OH      + O2           1.332E+11
  12) OH      + O3      = HO2     + O2           1.369E+11
  14) HO2     + O3      = OH      + O2      O2   9.219E+10
  19) O       + O3      = O2      + O2           3.100E+10
  28) O3      + HV      = O2      + O1D          4.377E+14
  29) O3      + HV      = O2      + O            2.594E+14
  30) O3      + HV      = O       + O       O    2.118E+11
  86) N       + O3      = NO      + O2           6.217E+05
  89) NO      + O3      = NO2     + O2           2.148E+11
 174) SO      + O3      = SO2     + O2           1.218E+10
 176) HS      + O3      = HSO     + O2           3.174E+08
 178) S       + O3      = SO      + O2           5.446E+05
 228) NO2     + O3      = NO3     + O2           5.178E+07

HNO3                PRODUCTION RXS              INT RX RATE    TP =  3.56E+09
  94) NO2     + OH      = HNO3    +              3.562E+09

HNO3                   LOSS RXS                INT RX RATE    TL =  3.54E+09
  60) HNO3    + HV      = NO2     + OH           2.147E+09
  61) HNO3    + HV      = HNO2    + O            2.271E+08
  62) HNO3    + HV      = HNO2    + O1D          1.630E+08
  96) HNO3    + OH      = H2O     + NO3          8.770E+08
 238) O       + HNO3    = OH      + NO3          2.479E+05

N                   PRODUCTION RXS              INT RX RATE    TP =  4.68E+07
  63) NO      + HV      = N       + O            4.682E+07

N                      LOSS RXS                INT RX RATE    TL =  1.47E+08
  84) N       + N       = N2      +              3.870E+05
  85) N       + O2      = NO      + O            1.662E+06
  86) N       + O3      = NO      + O2           6.217E+05
  87) N       + OH      = NO      + H            5.804E+07
  88) N       + NO      = N2      + O            7.572E+07
 218) N       + NO2     = N2O     + O            2.943E+06
 223) N       + HO2     = NO      + OH           7.052E+06

NO3                 PRODUCTION RXS              INT RX RATE    TP =  7.61E+09
  96) HNO3    + OH      = H2O     + NO3          8.770E+08
 214) O       + NO2     = NO3     +              6.256E+09
 226) N2O5    + M       = NO3     + NO2          8.487E+04
 228) NO2     + O3      = NO3     + O2           5.178E+07
 235) HO2NO2  + HV      = OH      + NO3          4.206E+08
 236) N2O5    + HV      = NO3     + NO2          2.235E+06
 237) N2O5    + HV      = NO3     + NO      O    1.635E+06
 238) O       + HNO3    = OH      + NO3          2.479E+05

NO3                    LOSS RXS                INT RX RATE    TL =  7.61E+09
 211) O       + NO3     = O2      + NO2          7.913E+07
 212) HO2     + NO3     = OH      + NO2     O2   1.484E+07
 213) NO      + NO3     = NO2     + NO2          3.430E+08
 215) OH      + NO3     = HO2     + NO2          1.362E+07
 216) NO3     + HV      = NO      + O2           8.586E+08
 217) NO3     + HV      = NO2     + O            6.297E+09
 225) NO2     + NO3     = N2O5    +              3.956E+06
 227) NO2     + NO3     = NO      + NO2     O2   3.601E+02
 229) NO3     + NO3     = NO2     + NO2     O2   3.784E-02

N2O                 PRODUCTION RXS              INT RX RATE    TP =  2.94E+06
 218) N       + NO2     = N2O     + O            2.943E+06

N2O                    LOSS RXS                INT RX RATE    TL =  1.31E+11
 220) O1D     + N2O     = N2      + O2           4.172E+07
 221) O1D     + N2O     = NO      + NO           6.528E+07
 222) N2O     + HV      = N2      + O1D          1.313E+11

HO2NO2              PRODUCTION RXS              INT RX RATE    TP =  1.39E+10
 230) HO2     + NO2     = HO2NO2  +              1.386E+10

HO2NO2                 LOSS RXS                INT RX RATE    TL =  1.39E+10
 231) O       + HO2NO2  = OH      + NO2     O2   3.479E+04
 232) OH      + HO2NO2  = H2O     + NO2     O2   2.775E+09
 233) HO2NO2  + M       = HO2     + NO2          9.073E+09
 234) HO2NO2  + HV      = HO2     + NO2          1.572E+09
 235) HO2NO2  + HV      = OH      + NO3          4.206E+08

N2O5                PRODUCTION RXS              INT RX RATE    TP =  3.96E+06
 225) NO2     + NO3     = N2O5    +              3.956E+06

N2O5                   LOSS RXS                INT RX RATE    TL =  3.96E+06
 224) O       + N2O5    = NO2     + NO2     O2   1.129E+03
 226) N2O5    + M       = NO3     + NO2          8.487E+04
 236) N2O5    + HV      = NO3     + NO2          2.235E+06
 237) N2O5    + HV      = NO3     + NO      O    1.635E+06

CO2                 PRODUCTION RXS              INT RX RATE    TP =  9.43E+11
  35) O       + HCO     = H       + CO2          7.652E+06
  40) CO      + OH      = CO2     + H            9.433E+11
  41) CO      + O       = CO2     +              1.384E+08
 197) O       + OCS     = S       + CO2          1.090E-08
 199) OCS     + OH      = CO2     + HS           5.104E-04

CO2                    LOSS RXS                INT RX RATE    TL =  3.38E+11
  38) CO2     + HV      = CO      + O            2.095E+11
  39) CO2     + HV      = CO      + O1D          1.285E+11
 105) CH21    + CO2     = H2CO    + CO           4.952E+04
 107) CH23    + CO2     = H2CO    + CO           7.647E+07
 181) S       + CO2     = SO      + CO           1.986E+00

SO4AER              PRODUCTION RXS              INT RX RATE    TP =  7.53E+09

SO4AER                 LOSS RXS                INT RX RATE    TL =  7.44E+09

S8AER               PRODUCTION RXS              INT RX RATE    TP =  0.00E+00

S8AER                  LOSS RXS                INT RX RATE    TL =  1.70E-19

HNO2                PRODUCTION RXS              INT RX RATE    TP =  0.00E+00
  61) HNO3    + HV      = HNO2    + O            2.271E+08
  62) HNO3    + HV      = HNO2    + O1D          1.630E+08
  92) NO      + OH      = HNO2    +              6.457E+09
 239) HO2     + NO2     = HNO2    + O2           5.192E+06

HNO2                   LOSS RXS                INT RX RATE    TL =  0.00E+00
  59) HNO2    + HV      = NO      + OH           6.672E+09
 102) HNO2    + OH      = H2O     + NO2          1.805E+08

O1D                 PRODUCTION RXS              INT RX RATE    TP =  0.00E+00
  23) O2      + HV      = O       + O1D          2.187E+11
  26) H2O     + HV      = H2      + O1D          6.465E+08
  28) O3      + HV      = O2      + O1D          4.377E+14
  39) CO2     + HV      = CO      + O1D          1.285E+11
  62) HNO3    + HV      = HNO2    + O1D          1.630E+08
  64) NO2     + HV      = NO      + O1D          1.105E+08
 222) N2O     + HV      = N2      + O1D          1.313E+11

O1D                    LOSS RXS                INT RX RATE    TL =  0.00E+00
   1) H2O     + O1D     = OH      + OH           1.492E+11
   2) H2      + O1D     = OH      + H            8.216E+08
  21) O1D     + N2      = O       + N2           4.380E+14
  22) O1D     + O2      = O       + O2           5.376E+10
  67) CH4     + O1D     = CH3     + OH           1.877E+09
  68) CH4     + O1D     = H2CO    + H2           1.252E+08
 110) C2H6    + O1D     = C2H5    + OH           1.828E-01
 203) CO      + O1D     = CO      + O            7.674E+07
 220) O1D     + N2O     = N2      + O2           4.172E+07
 221) O1D     + N2O     = NO      + NO           6.528E+07

CH21                PRODUCTION RXS              INT RX RATE    TP =  0.00E+00
  54) CH4     + HV      = CH21    + H2           8.857E+08
  58) C2H6    + HV      = CH4     + CH21         1.473E+02
  78) CH3     + HV      = CH21    + H            3.384E+05

CH21                   LOSS RXS                INT RX RATE    TL =  0.00E+00
  69) CH21    + CH4     = CH3     + CH3          6.411E+02
  70) CH21    + O2      = HCO     + OH           3.195E+05
  71) CH21    + N2      = CH23    + N2           8.856E+08
 104) CH21    + H2      = CH3     + H            3.079E+04
 105) CH21    + CO2     = H2CO    + CO           4.952E+04

CH23                PRODUCTION RXS              INT RX RATE    TP =  0.00E+00
  56) CH4     + HV      = CH23    + H       H    1.738E+08
  71) CH21    + N2      = CH23    + N2           8.856E+08

CH23                   LOSS RXS                INT RX RATE    TL =  0.00E+00
  72) CH23    + H2      = CH3     + H            1.816E+06
  73) CH23    + CH4     = CH3     + CH3          8.118E-06
  74) CH23    + O2      = HCO     + OH           9.766E+08
 106) CH23    + O       = HCO     + H            4.576E+06
 107) CH23    + CO2     = H2CO    + CO           7.647E+07

C2H5                PRODUCTION RXS              INT RX RATE    TP =  0.00E+00
 108) C2H6    + OH      = C2H5    + H2O          2.446E+02
 109) C2H6    + O       = C2H5    + OH           9.591E-01
 110) C2H6    + O1D     = C2H5    + OH           1.828E-01

C2H5                   LOSS RXS                INT RX RATE    TL =  0.00E+00
 111) C2H5    + H       = CH3     + CH3          4.235E-02
 112) C2H5    + O       = CH3     + HCO     H    1.518E+00
 113) C2H5    + OH      = CH3     + HCO     H2   3.868E-03
 114) C2H5    + HCO     = C2H6    + CO           9.545E-08
 115) C2H5    + HNO     = C2H6    + NO           8.575E-14
 116) C2H5    + O2      = CH3     + HCO     OH   2.442E+02

SO21                PRODUCTION RXS              INT RX RATE    TP =  0.00E+00
 120) SO2     + HV      = SO21    +              4.591E+11

SO21                   LOSS RXS                INT RX RATE    TL =  0.00E+00
 164) SO21    + M       = SO23    + M            4.172E+10
 165) SO21    + M       = SO2     + M            4.172E+11
 166) SO21    + HV      = SO23    + HV           6.201E+06
 167) SO21    + HV      = SO2     + HV           9.095E+07
 168) SO21    + O2      = SO3     + O            4.371E+02
 169) SO21    + SO2     = SO3     + SO           1.374E+01

SO23                PRODUCTION RXS              INT RX RATE    TP =  0.00E+00
 121) SO2     + HV      = SO23    +              9.196E+08
 164) SO21    + M       = SO23    + M            4.172E+10
 166) SO21    + HV      = SO23    + HV           6.201E+06

SO23                   LOSS RXS                INT RX RATE    TL =  0.00E+00
 170) SO23    + M       = SO2     + M            4.262E+10
 171) SO23    + HV      = SO2     + HV           3.088E+07
 172) SO23    + SO2     = SO3     + SO           1.639E+00

HSO3                PRODUCTION RXS              INT RX RATE    TP =  0.00E+00
 126) SO2     + OH      = HSO3    +              7.747E+09

HSO3                   LOSS RXS                INT RX RATE    TL =  0.00E+00
 129) HSO3    + O2      = HO2     + SO3          7.747E+09
 130) HSO3    + OH      = H2O     + SO3          2.114E+03
 131) HSO3    + H       = H2      + SO3          4.317E-01
 132) HSO3    + O       = OH      + SO3          2.600E+04

OCS2                PRODUCTION RXS              INT RX RATE    TP =  0.00E+00
 206) OCS     + S       = OCS2    +              5.311E-11

OCS2                   LOSS RXS                INT RX RATE    TL =  0.00E+00
 207) OCS2    + S       = OCS     + S2           1.034E-22
 210) OCS2    + CO      = OCS     + OCS          5.311E-11

N2                  PRODUCTION RXS              INT RX RATE    TP =  0.00E+00
  21) O1D     + N2      = O       + N2           4.380E+14
  71) CH21    + N2      = CH23    + N2           8.856E+08
  84) N       + N       = N2      +              3.870E+05
  88) N       + NO      = N2      + O            7.572E+07
 220) O1D     + N2O     = N2      + O2           4.172E+07
 222) N2O     + HV      = N2      + O1D          1.313E+11

N2                     LOSS RXS                INT RX RATE    TL =  0.00E+00
  21) O1D     + N2      = O       + N2           4.380E+14
  71) CH21    + N2      = CH23    + N2           8.856E+08
