
O                   PRODUCTION RXS              INT RX RATE    TP =  1.63E+15
   8) H       + HO2     = H2O     + O            5.171E+08
  20) OH      + OH      = H2O     + O            1.473E+09
  21) O1D     + N2      = O       + N2           6.206E+14
  22) O1D     + O2      = O       + O2           1.557E+12
  23) O2      + HV      = O       + O1D          2.748E+11
  24) O2      + HV      = O       + O            1.515E+12
  27) H2O     + HV      = H       + H       O    4.267E+09
  29) O3      + HV      = O2      + O            1.006E+15
  30) O3      + HV      = O       + O       O    4.481E+11
  38) CO2     + HV      = CO      + O            1.620E+10
  53) HO2     + HV      = OH      + O            8.497E+09
  61) HNO3    + HV      = HNO2    + O            3.766E+08
  63) NO      + HV      = N       + O            4.198E+07
  65) NO2     + HV      = NO      + O            1.836E+12
  85) N       + O2      = NO      + O            8.653E+06
  88) N       + NO      = N2      + O            6.403E+07
 117) SO      + HV      = S       + O            7.987E+05
 119) SO2     + HV      = SO      + O            8.387E+09
 122) SO      + O2      = O       + SO2          5.050E+09
 143) S       + O2      = SO      + O            7.975E+05
 163) SO3     + HV      = SO2     + O            1.882E+03
 168) SO21    + O2      = SO3     + O            1.132E+04
 185) HSO     + HV      = HS      + O            1.649E+06
 203) CO      + O1D     = CO      + O            2.815E+07
 217) NO3     + HV      = NO2     + O            1.136E+10
 218) N       + NO2     = N2O     + O            3.732E+06
 237) N2O5    + HV      = NO3     + NO      O    2.265E+07

O                      LOSS RXS                INT RX RATE    TL =  1.63E+15
   3) H2      + O       = OH      + H            1.369E+07
  10) OH      + O       = H       + O2           1.492E+12
  13) HO2     + O       = OH      + O2           1.456E+12
  17) O       + O       = O2      +              6.981E+10
  18) O       + O2      = O3      +              1.631E+15
  19) O       + O3      = O2      + O2           1.635E+11
  35) O       + HCO     = H       + CO2          8.318E+05
  36) O       + HCO     = OH      + CO           8.318E+05
  41) CO      + O       = CO2     +              1.576E+07
  51) H2CO    + O       = HCO     + OH           2.382E+08
  52) H2O2    + O       = OH      + HO2          3.358E+06
  76) CH3     + O       = H2CO    + H            2.911E+07
  90) NO      + O       = NO2     +              5.905E+09
  93) NO2     + O       = NO      + O2           2.120E+11
 100) O       + HNO     = OH      + NO           4.503E+04
 103) CH4     + O       = CH3     + OH           2.456E+07
 106) CH23    + O       = HCO     + H            8.118E+05
 109) C2H6    + O       = C2H5    + OH           2.551E-02
 112) C2H5    + O       = CH3     + HCO     H    2.917E-02
 124) SO      + O       = SO2     +              2.533E+06
 127) SO2     + O       = SO3     +              3.447E+07
 132) HSO3    + O       = OH      + SO3          1.061E+02
 135) H2S     + O       = OH      + HS           2.688E+04
 136) HS      + O       = H       + SO           2.804E+03
 150) S2      + O       = S       + SO           1.689E-11
 191) HSO     + O       = OH      + SO           5.578E+07
 196) O       + OCS     = CO      + SO           5.514E-06
 197) O       + OCS     = S       + CO2          4.338E-11
 211) O       + NO3     = O2      + NO2          1.011E+08
 214) O       + NO2     = NO3     +              1.171E+10
 224) O       + N2O5    = NO2     + NO2     O2   1.052E+04
 231) O       + HO2NO2  = OH      + NO2     O2   2.838E+04
 238) O       + HNO3    = OH      + NO3          7.345E+05

O2                  PRODUCTION RXS              INT RX RATE    TP =  1.64E+15
   5) H       + O3      = OH      + O2           2.448E+11
   7) H       + HO2     = H2      + O2           2.230E+09
  10) OH      + O       = H       + O2           1.492E+12
  11) OH      + HO2     = H2O     + O2           1.295E+11
  12) OH      + O3      = HO2     + O2           3.435E+11
  13) HO2     + O       = OH      + O2           1.456E+12
  14) HO2     + O3      = OH      + O2      O2   1.454E+11
  15) HO2     + HO2     = H2O2    + O2           1.476E+11
  17) O       + O       = O2      +              6.981E+10
  19) O       + O3      = O2      + O2           1.635E+11
  22) O1D     + O2      = O       + O2           1.557E+12
  28) O3      + HV      = O2      + O1D          6.219E+14
  29) O3      + HV      = O2      + O            1.006E+15
  86) N       + O3      = NO      + O2           6.563E+05
  89) NO      + O3      = NO2     + O2           1.926E+12
  93) NO2     + O       = NO      + O2           2.120E+11
 138) HS      + HO2     = H2S     + O2           9.006E+05
 146) S       + HO2     = HS      + O2           3.645E-03
 174) SO      + O3      = SO2     + O2           3.143E+09
 176) HS      + O3      = HSO     + O2           1.655E+08
 178) S       + O3      = SO      + O2           1.203E+03
 182) SO      + HO2     = HSO     + O2           7.983E+07
 211) O       + NO3     = O2      + NO2          1.011E+08
 212) HO2     + NO3     = OH      + NO2     O2   8.450E+06
 216) NO3     + HV      = NO      + O2           1.534E+09
 220) O1D     + N2O     = N2      + O2           3.155E+07
 224) O       + N2O5    = NO2     + NO2     O2   1.052E+04
 227) NO2     + NO3     = NO      + NO2     O2   3.331E+03
 228) NO2     + O3      = NO3     + O2           7.454E+08
 229) NO3     + NO3     = NO2     + NO2     O2   9.319E-02
 231) O       + HO2NO2  = OH      + NO2     O2   2.838E+04
 232) OH      + HO2NO2  = H2O     + NO2     O2   2.770E+09
 239) HO2     + NO2     = HNO2    + O2           4.804E+06

O2                     LOSS RXS                INT RX RATE    TL =  1.64E+15
   6) H       + O2      = HO2     +              1.716E+12
  18) O       + O2      = O3      +              1.631E+15
  22) O1D     + O2      = O       + O2           1.557E+12
  23) O2      + HV      = O       + O1D          2.748E+11
  24) O2      + HV      = O       + O            1.515E+12
  47) HCO     + O2      = HO2     + CO           6.904E+10
  70) CH21    + O2      = HCO     + OH           2.775E+06
  74) CH23    + O2      = HCO     + OH           4.519E+08
  75) CH3     + O2      = H2CO    + OH           1.254E+11
  85) N       + O2      = NO      + O            8.653E+06
 116) C2H5    + O2      = CH3     + HCO     OH   5.172E+00
 122) SO      + O2      = O       + SO2          5.050E+09
 129) HSO3    + O2      = HO2     + SO3          6.878E+09
 137) HS      + O2      = OH      + SO           5.728E+06
 143) S       + O2      = SO      + O            7.975E+05
 168) SO21    + O2      = SO3     + O            1.132E+04

H2O                 PRODUCTION RXS              INT RX RATE    TP =  1.27E+11
   4) H2      + OH      = H2O     + H            4.197E+10
   8) H       + HO2     = H2O     + O            5.171E+08
  11) OH      + HO2     = H2O     + O2           1.295E+11
  16) H2O2    + OH      = HO2     + H2O          4.649E+10
  20) OH      + OH      = H2O     + O            1.473E+09
  34) OH      + HCO     = H2O     + CO           8.790E+03
  48) H2CO    + OH      = H2O     + HCO          3.068E+10
  49) H       + OH      = H2O     +              8.568E+06
  66) CH4     + OH      = CH3     + H2O          1.232E+11
  96) HNO3    + OH      = H2O     + NO3          1.254E+09
 101) OH      + HNO     = H2O     + NO           5.352E+03
 102) HNO2    + OH      = H2O     + NO2          6.009E+07
 108) C2H6    + OH      = C2H5    + H2O          5.160E+00
 130) HSO3    + OH      = H2O     + SO3          1.756E+01
 133) H2S     + OH      = H2O     + HS           1.711E+08
 187) HSO     + OH      = H2O     + SO           1.905E+08
 205) H2S     + HO2     = H2O     + HSO          2.999E+07
 232) OH      + HO2NO2  = H2O     + NO2     O2   2.770E+09

H2O                    LOSS RXS                INT RX RATE    TL =  1.01E+11
   1) H2O     + O1D     = OH      + OH           9.036E+10
  25) H2O     + HV      = H       + OH           8.099E+10
  26) H2O     + HV      = H2      + O1D          2.846E+09
  27) H2O     + HV      = H       + H       O    4.267E+09
 128) SO3     + H2O     = H2SO4   +              6.913E+09

H                   PRODUCTION RXS              INT RX RATE    TP =  1.99E+12
   2) H2      + O1D     = OH      + H            1.408E+09
   3) H2      + O       = OH      + H            1.369E+07
   4) H2      + OH      = H2O     + H            4.197E+10
  10) OH      + O       = H       + O2           1.492E+12
  25) H2O     + HV      = H       + OH           8.099E+10
  27) H2O     + HV      = H       + H       O    4.267E+09
  35) O       + HCO     = H       + CO2          8.318E+05
  40) CO      + OH      = CO2     + H            3.236E+11
  43) H2CO    + HV      = HCO     + H            3.767E+10
  44) HCO     + HV      = H       + CO           6.723E+04
  55) CH4     + HV      = CH3     + H            4.184E+08
  56) CH4     + HV      = CH23    + H       H    7.013E+07
  72) CH23    + H2      = CH3     + H            7.598E+04
  76) CH3     + O       = H2CO    + H            2.911E+07
  78) CH3     + HV      = CH21    + H            5.021E+04
  87) N       + OH      = NO      + H            5.940E+07
  98) HNO     + HV      = NO      + H            1.391E+05
 104) CH21    + H2      = CH3     + H            2.129E+04
 106) CH23    + O       = HCO     + H            8.118E+05
 112) C2H5    + O       = CH3     + HCO     H    2.917E-02
 118) H2S     + HV      = HS      + H            1.303E+06
 125) SO      + OH      = SO2     + H            2.024E+07
 136) HS      + O       = H       + SO           2.804E+03
 142) HS      + S       = H       + S2           6.101E-11
 144) S       + OH      = SO      + H            6.962E-03
 195) HS      + CO      = OCS     + H            5.920E-05
 200) S       + HCO     = OCS     + H            3.904E-10

H                      LOSS RXS                INT RX RATE    TL =  1.99E+12
   5) H       + O3      = OH      + O2           2.448E+11
   6) H       + O2      = HO2     +              1.716E+12
   7) H       + HO2     = H2      + O2           2.230E+09
   8) H       + HO2     = H2O     + O            5.171E+08
   9) H       + HO2     = OH      + OH           2.327E+10
  31) H       + CO      = HCO     +              2.957E+05
  32) H       + HCO     = H2      + CO           5.498E+04
  45) H2CO    + H       = H2      + HCO          4.356E+04
  46) H       + H       = H2      +              3.838E+06
  49) H       + OH      = H2O     +              8.568E+06
  79) CH3     + H       = CH4     +              2.877E+04
  83) H       + NO      = HNO     +              4.382E+04
  95) NO2     + H       = NO      + OH           1.395E+07
  99) H       + HNO     = H2      + NO           1.147E+02
 111) C2H5    + H       = CH3     + CH3          2.638E-04
 131) HSO3    + H       = H2      + SO3          1.481E-04
 134) H2S     + H       = H2      + HS           2.668E+02
 141) HS      + H       = H2      + S            6.552E-02
 184) H       + SO      = HSO     +              5.328E-01
 188) HSO     + H       = HS      + OH           1.245E+03
 189) HSO     + H       = H2      + SO           6.226E+02
 194) H       + OCS     = CO      + HS           3.612E-10

OH                  PRODUCTION RXS              INT RX RATE    TP =  2.55E+12
   1) H2O     + O1D     = OH      + OH           9.036E+10
   2) H2      + O1D     = OH      + H            1.408E+09
   3) H2      + O       = OH      + H            1.369E+07
   5) H       + O3      = OH      + O2           2.448E+11
   9) H       + HO2     = OH      + OH           2.327E+10
  13) HO2     + O       = OH      + O2           1.456E+12
  14) HO2     + O3      = OH      + O2      O2   1.454E+11
  25) H2O     + HV      = H       + OH           8.099E+10
  36) O       + HCO     = OH      + CO           8.318E+05
  37) H2O2    + HV      = OH      + OH           6.834E+10
  51) H2CO    + O       = HCO     + OH           2.382E+08
  52) H2O2    + O       = OH      + HO2          3.358E+06
  53) HO2     + HV      = OH      + O            8.497E+09
  59) HNO2    + HV      = NO      + OH           4.307E+09
  60) HNO3    + HV      = NO2     + OH           3.244E+09
  67) CH4     + O1D     = CH3     + OH           1.795E+09
  70) CH21    + O2      = HCO     + OH           2.775E+06
  74) CH23    + O2      = HCO     + OH           4.519E+08
  75) CH3     + O2      = H2CO    + OH           1.254E+11
  91) NO      + HO2     = NO2     + OH           1.175E+11
  95) NO2     + H       = NO      + OH           1.395E+07
 100) O       + HNO     = OH      + NO           4.503E+04
 103) CH4     + O       = CH3     + OH           2.456E+07
 109) C2H6    + O       = C2H5    + OH           2.551E-02
 110) C2H6    + O1D     = C2H5    + OH           1.596E-02
 116) C2H5    + O2      = CH3     + HCO     OH   5.172E+00
 123) SO      + HO2     = SO2     + OH           7.983E+07
 132) HSO3    + O       = OH      + SO3          1.061E+02
 135) H2S     + O       = OH      + HS           2.688E+04
 137) HS      + O2      = OH      + SO           5.728E+06
 147) S       + HO2     = SO      + OH           3.645E-03
 175) SO2     + HO2     = SO3     + OH           7.951E+05
 188) HSO     + H       = HS      + OH           1.245E+03
 191) HSO     + O       = OH      + SO           5.578E+07
 212) HO2     + NO3     = OH      + NO2     O2   8.450E+06
 223) N       + HO2     = NO      + OH           5.429E+06
 231) O       + HO2NO2  = OH      + NO2     O2   2.838E+04
 235) HO2NO2  + HV      = OH      + NO3          4.673E+08
 238) O       + HNO3    = OH      + NO3          7.345E+05

OH                     LOSS RXS                INT RX RATE    TL =  2.55E+12
   4) H2      + OH      = H2O     + H            4.197E+10
  10) OH      + O       = H       + O2           1.492E+12
  11) OH      + HO2     = H2O     + O2           1.295E+11
  12) OH      + O3      = HO2     + O2           3.435E+11
  16) H2O2    + OH      = HO2     + H2O          4.649E+10
  20) OH      + OH      = H2O     + O            1.473E+09
  34) OH      + HCO     = H2O     + CO           8.790E+03
  40) CO      + OH      = CO2     + H            3.236E+11
  48) H2CO    + OH      = H2O     + HCO          3.068E+10
  49) H       + OH      = H2O     +              8.568E+06
  50) OH      + OH      = H2O2    +              2.047E+08
  66) CH4     + OH      = CH3     + H2O          1.232E+11
  87) N       + OH      = NO      + H            5.940E+07
  92) NO      + OH      = HNO2    +              3.715E+09
  94) NO2     + OH      = HNO3    +              5.300E+09
  96) HNO3    + OH      = H2O     + NO3          1.254E+09
 101) OH      + HNO     = H2O     + NO           5.352E+03
 102) HNO2    + OH      = H2O     + NO2          6.009E+07
 108) C2H6    + OH      = C2H5    + H2O          5.160E+00
 113) C2H5    + OH      = CH3     + HCO     H2   3.480E-05
 125) SO      + OH      = SO2     + H            2.024E+07
 126) SO2     + OH      = HSO3    +              6.878E+09
 130) HSO3    + OH      = H2O     + SO3          1.756E+01
 133) H2S     + OH      = H2O     + HS           1.711E+08
 144) S       + OH      = SO      + H            6.962E-03
 187) HSO     + OH      = H2O     + SO           1.905E+08
 199) OCS     + OH      = CO2     + HS           7.412E-06
 215) OH      + NO3     = HO2     + NO2          1.185E+07
 232) OH      + HO2NO2  = H2O     + NO2     O2   2.770E+09

HO2                 PRODUCTION RXS              INT RX RATE    TP =  2.19E+12
   6) H       + O2      = HO2     +              1.716E+12
  12) OH      + O3      = HO2     + O2           3.435E+11
  16) H2O2    + OH      = HO2     + H2O          4.649E+10
  47) HCO     + O2      = HO2     + CO           6.904E+10
  52) H2O2    + O       = OH      + HO2          3.358E+06
 129) HSO3    + O2      = HO2     + SO3          6.878E+09
 215) OH      + NO3     = HO2     + NO2          1.185E+07
 233) HO2NO2  + M       = HO2     + NO2          5.597E+09
 234) HO2NO2  + HV      = HO2     + NO2          1.732E+09

HO2                    LOSS RXS                INT RX RATE    TL =  2.19E+12
   7) H       + HO2     = H2      + O2           2.230E+09
   8) H       + HO2     = H2O     + O            5.171E+08
   9) H       + HO2     = OH      + OH           2.327E+10
  11) OH      + HO2     = H2O     + O2           1.295E+11
  13) HO2     + O       = OH      + O2           1.456E+12
  14) HO2     + O3      = OH      + O2      O2   1.454E+11
  15) HO2     + HO2     = H2O2    + O2           1.476E+11
  53) HO2     + HV      = OH      + O            8.497E+09
  91) NO      + HO2     = NO2     + OH           1.175E+11
 123) SO      + HO2     = SO2     + OH           7.983E+07
 138) HS      + HO2     = H2S     + O2           9.006E+05
 146) S       + HO2     = HS      + O2           3.645E-03
 147) S       + HO2     = SO      + OH           3.645E-03
 175) SO2     + HO2     = SO3     + OH           7.951E+05
 182) SO      + HO2     = HSO     + O2           7.983E+07
 205) H2S     + HO2     = H2O     + HSO          2.999E+07
 212) HO2     + NO3     = OH      + NO2     O2   8.450E+06
 223) N       + HO2     = NO      + OH           5.429E+06
 230) HO2     + NO2     = HO2NO2  +              1.058E+10
 239) HO2     + NO2     = HNO2    + O2           4.804E+06

H2O2                PRODUCTION RXS              INT RX RATE    TP =  1.48E+11
  15) HO2     + HO2     = H2O2    + O2           1.476E+11
  50) OH      + OH      = H2O2    +              2.047E+08

H2O2                   LOSS RXS                INT RX RATE    TL =  1.41E+11
  16) H2O2    + OH      = HO2     + H2O          4.649E+10
  37) H2O2    + HV      = OH      + OH           6.834E+10
  52) H2O2    + O       = OH      + HO2          3.358E+06

H2                  PRODUCTION RXS              INT RX RATE    TP =  5.99E+10
   7) H       + HO2     = H2      + O2           2.230E+09
  26) H2O     + HV      = H2      + O1D          2.846E+09
  32) H       + HCO     = H2      + CO           5.498E+04
  42) H2CO    + HV      = H2      + CO           5.405E+10
  45) H2CO    + H       = H2      + HCO          4.356E+04
  46) H       + H       = H2      +              3.838E+06
  54) CH4     + HV      = CH21    + H2           3.863E+08
  68) CH4     + O1D     = H2CO    + H2           1.197E+08
  99) H       + HNO     = H2      + NO           1.147E+02
 113) C2H5    + OH      = CH3     + HCO     H2   3.480E-05
 131) HSO3    + H       = H2      + SO3          1.481E-04
 134) H2S     + H       = H2      + HS           2.668E+02
 141) HS      + H       = H2      + S            6.552E-02
 189) HSO     + H       = H2      + SO           6.226E+02

H2                     LOSS RXS                INT RX RATE    TL =  4.34E+10
   2) H2      + O1D     = OH      + H            1.408E+09
   3) H2      + O       = OH      + H            1.369E+07
   4) H2      + OH      = H2O     + H            4.197E+10
  72) CH23    + H2      = CH3     + H            7.598E+04
 104) CH21    + H2      = CH3     + H            2.129E+04

CO                  PRODUCTION RXS              INT RX RATE    TP =  1.63E+11
  32) H       + HCO     = H2      + CO           5.498E+04
  33) HCO     + HCO     = H2CO    + CO           9.435E-04
  34) OH      + HCO     = H2O     + CO           8.790E+03
  36) O       + HCO     = OH      + CO           8.318E+05
  38) CO2     + HV      = CO      + O            1.620E+10
  39) CO2     + HV      = CO      + O1D          2.390E+10
  42) H2CO    + HV      = H2      + CO           5.405E+10
  44) HCO     + HV      = H       + CO           6.723E+04
  47) HCO     + O2      = HO2     + CO           6.904E+10
  80) CH3     + HCO     = CH4     + CO           1.010E-01
  97) HCO     + NO      = HNO     + CO           1.015E+03
 105) CH21    + CO2     = H2CO    + CO           1.010E+04
 107) CH23    + CO2     = H2CO    + CO           9.241E+05
 114) C2H5    + HCO     = C2H6    + CO           2.388E-11
 140) HS      + HCO     = H2S     + CO           2.466E-03
 145) S       + HCO     = HS      + CO           4.880E-11
 181) S       + CO2     = SO      + CO           3.383E-04
 183) SO      + HCO     = HSO     + CO           4.986E-02
 194) H       + OCS     = CO      + HS           3.612E-10
 196) O       + OCS     = CO      + SO           5.514E-06
 198) OCS     + S       = CO      + S2           4.396E-16
 202) OCS     + HV      = CO      + S            6.514E-05
 203) CO      + O1D     = CO      + O            2.815E+07

CO                     LOSS RXS                INT RX RATE    TL =  3.24E+11
  31) H       + CO      = HCO     +              2.957E+05
  40) CO      + OH      = CO2     + H            3.236E+11
  41) CO      + O       = CO2     +              1.576E+07
 195) HS      + CO      = OCS     + H            5.920E-05
 201) S       + CO      = OCS     +              1.888E-05
 203) CO      + O1D     = CO      + O            2.815E+07
 210) OCS2    + CO      = OCS     + OCS          7.593E-16

HCO                 PRODUCTION RXS              INT RX RATE    TP =  6.90E+10
  31) H       + CO      = HCO     +              2.957E+05
  43) H2CO    + HV      = HCO     + H            3.767E+10
  45) H2CO    + H       = H2      + HCO          4.356E+04
  48) H2CO    + OH      = H2O     + HCO          3.068E+10
  51) H2CO    + O       = HCO     + OH           2.382E+08
  70) CH21    + O2      = HCO     + OH           2.775E+06
  74) CH23    + O2      = HCO     + OH           4.519E+08
  82) CH3     + H2CO    = CH4     + HCO          3.478E-03
 106) CH23    + O       = HCO     + H            8.118E+05
 112) C2H5    + O       = CH3     + HCO     H    2.917E-02
 113) C2H5    + OH      = CH3     + HCO     H2   3.480E-05
 116) C2H5    + O2      = CH3     + HCO     OH   5.172E+00
 151) HS      + H2CO    = H2S     + HCO          1.411E+06

HCO                    LOSS RXS                INT RX RATE    TL =  6.90E+10
  32) H       + HCO     = H2      + CO           5.498E+04
  33) HCO     + HCO     = H2CO    + CO           9.435E-04
  34) OH      + HCO     = H2O     + CO           8.790E+03
  35) O       + HCO     = H       + CO2          8.318E+05
  36) O       + HCO     = OH      + CO           8.318E+05
  44) HCO     + HV      = H       + CO           6.723E+04
  47) HCO     + O2      = HO2     + CO           6.904E+10
  80) CH3     + HCO     = CH4     + CO           1.010E-01
  97) HCO     + NO      = HNO     + CO           1.015E+03
 114) C2H5    + HCO     = C2H6    + CO           2.388E-11
 140) HS      + HCO     = H2S     + CO           2.466E-03
 145) S       + HCO     = HS      + CO           4.880E-11
 183) SO      + HCO     = HSO     + CO           4.986E-02
 200) S       + HCO     = OCS     + H            3.904E-10

H2CO                PRODUCTION RXS              INT RX RATE    TP =  1.26E+11
  33) HCO     + HCO     = H2CO    + CO           9.435E-04
  68) CH4     + O1D     = H2CO    + H2           1.197E+08
  75) CH3     + O2      = H2CO    + OH           1.254E+11
  76) CH3     + O       = H2CO    + H            2.911E+07
 105) CH21    + CO2     = H2CO    + CO           1.010E+04
 107) CH23    + CO2     = H2CO    + CO           9.241E+05

H2CO                   LOSS RXS                INT RX RATE    TL =  1.24E+11
  42) H2CO    + HV      = H2      + CO           5.405E+10
  43) H2CO    + HV      = HCO     + H            3.767E+10
  45) H2CO    + H       = H2      + HCO          4.356E+04
  48) H2CO    + OH      = H2O     + HCO          3.068E+10
  51) H2CO    + O       = HCO     + OH           2.382E+08
  82) CH3     + H2CO    = CH4     + HCO          3.478E-03
 151) HS      + H2CO    = H2S     + HCO          1.411E+06

CH4                 PRODUCTION RXS              INT RX RATE    TP =  2.88E+04
  58) C2H6    + HV      = CH4     + CH21         2.712E+00
  79) CH3     + H       = CH4     +              2.877E+04
  80) CH3     + HCO     = CH4     + CO           1.010E-01
  81) CH3     + HNO     = CH4     + NO           1.678E-05
  82) CH3     + H2CO    = CH4     + HCO          3.478E-03

CH4                    LOSS RXS                INT RX RATE    TL =  1.26E+11
  54) CH4     + HV      = CH21    + H2           3.863E+08
  55) CH4     + HV      = CH3     + H            4.184E+08
  56) CH4     + HV      = CH23    + H       H    7.013E+07
  66) CH4     + OH      = CH3     + H2O          1.232E+11
  67) CH4     + O1D     = CH3     + OH           1.795E+09
  68) CH4     + O1D     = H2CO    + H2           1.197E+08
  69) CH21    + CH4     = CH3     + CH3          1.749E+02
  73) CH23    + CH4     = CH3     + CH3          9.843E-08
 103) CH4     + O       = CH3     + OH           2.456E+07

CH3                 PRODUCTION RXS              INT RX RATE    TP =  1.25E+11
  55) CH4     + HV      = CH3     + H            4.184E+08
  66) CH4     + OH      = CH3     + H2O          1.232E+11
  67) CH4     + O1D     = CH3     + OH           1.795E+09
  69) CH21    + CH4     = CH3     + CH3          1.749E+02
  72) CH23    + H2      = CH3     + H            7.598E+04
  73) CH23    + CH4     = CH3     + CH3          9.843E-08
 103) CH4     + O       = CH3     + OH           2.456E+07
 104) CH21    + H2      = CH3     + H            2.129E+04
 111) C2H5    + H       = CH3     + CH3          2.638E-04
 112) C2H5    + O       = CH3     + HCO     H    2.917E-02
 113) C2H5    + OH      = CH3     + HCO     H2   3.480E-05
 116) C2H5    + O2      = CH3     + HCO     OH   5.172E+00

CH3                    LOSS RXS                INT RX RATE    TL =  1.25E+11
  75) CH3     + O2      = H2CO    + OH           1.254E+11
  76) CH3     + O       = H2CO    + H            2.911E+07
  77) CH3     + CH3     = C2H6    +              7.913E+00
  78) CH3     + HV      = CH21    + H            5.021E+04
  79) CH3     + H       = CH4     +              2.877E+04
  80) CH3     + HCO     = CH4     + CO           1.010E-01
  81) CH3     + HNO     = CH4     + NO           1.678E-05
  82) CH3     + H2CO    = CH4     + HCO          3.478E-03

C2H6                PRODUCTION RXS              INT RX RATE    TP =  7.91E+00
  77) CH3     + CH3     = C2H6    +              7.913E+00
 114) C2H5    + HCO     = C2H6    + CO           2.388E-11
 115) C2H5    + HNO     = C2H6    + NO           1.858E-16

C2H6                   LOSS RXS                INT RX RATE    TL =  7.91E+00
  58) C2H6    + HV      = CH4     + CH21         2.712E+00
 108) C2H6    + OH      = C2H5    + H2O          5.160E+00
 109) C2H6    + O       = C2H5    + OH           2.551E-02
 110) C2H6    + O1D     = C2H5    + OH           1.596E-02

NO                  PRODUCTION RXS              INT RX RATE    TP =  2.05E+12
  59) HNO2    + HV      = NO      + OH           4.307E+09
  64) NO2     + HV      = NO      + O1D          1.773E+08
  65) NO2     + HV      = NO      + O            1.836E+12
  81) CH3     + HNO     = CH4     + NO           1.678E-05
  85) N       + O2      = NO      + O            8.653E+06
  86) N       + O3      = NO      + O2           6.563E+05
  87) N       + OH      = NO      + H            5.940E+07
  93) NO2     + O       = NO      + O2           2.120E+11
  95) NO2     + H       = NO      + OH           1.395E+07
  98) HNO     + HV      = NO      + H            1.391E+05
  99) H       + HNO     = H2      + NO           1.147E+02
 100) O       + HNO     = OH      + NO           4.503E+04
 101) OH      + HNO     = H2O     + NO           5.352E+03
 115) C2H5    + HNO     = C2H6    + NO           1.858E-16
 173) SO      + NO2     = SO2     + NO           2.634E+08
 177) HS      + NO2     = HSO     + NO           4.252E+05
 216) NO3     + HV      = NO      + O2           1.534E+09
 221) O1D     + N2O     = NO      + NO           4.936E+07
 223) N       + HO2     = NO      + OH           5.429E+06
 227) NO2     + NO3     = NO      + NO2     O2   3.331E+03
 237) N2O5    + HV      = NO3     + NO      O    2.265E+07

NO                     LOSS RXS                INT RX RATE    TL =  2.05E+12
  63) NO      + HV      = N       + O            4.198E+07
  83) H       + NO      = HNO     +              4.382E+04
  88) N       + NO      = N2      + O            6.403E+07
  89) NO      + O3      = NO2     + O2           1.926E+12
  90) NO      + O       = NO2     +              5.905E+09
  91) NO      + HO2     = NO2     + OH           1.175E+11
  92) NO      + OH      = HNO2    +              3.715E+09
  97) HCO     + NO      = HNO     + CO           1.015E+03
 186) HSO     + NO      = HNO     + SO           1.450E+05
 213) NO      + NO3     = NO2     + NO2          1.161E+09

NO2                 PRODUCTION RXS              INT RX RATE    TP =  2.08E+12
  60) HNO3    + HV      = NO2     + OH           3.244E+09
  89) NO      + O3      = NO2     + O2           1.926E+12
  90) NO      + O       = NO2     +              5.905E+09
  91) NO      + HO2     = NO2     + OH           1.175E+11
 102) HNO2    + OH      = H2O     + NO2          6.009E+07
 211) O       + NO3     = O2      + NO2          1.011E+08
 212) HO2     + NO3     = OH      + NO2     O2   8.450E+06
 213) NO      + NO3     = NO2     + NO2          1.161E+09
 215) OH      + NO3     = HO2     + NO2          1.185E+07
 217) NO3     + HV      = NO2     + O            1.136E+10
 224) O       + N2O5    = NO2     + NO2     O2   1.052E+04
 226) N2O5    + M       = NO3     + NO2          3.898E+04
 227) NO2     + NO3     = NO      + NO2     O2   3.331E+03
 229) NO3     + NO3     = NO2     + NO2     O2   9.319E-02
 231) O       + HO2NO2  = OH      + NO2     O2   2.838E+04
 232) OH      + HO2NO2  = H2O     + NO2     O2   2.770E+09
 233) HO2NO2  + M       = HO2     + NO2          5.597E+09
 234) HO2NO2  + HV      = HO2     + NO2          1.732E+09
 236) N2O5    + HV      = NO3     + NO2          1.110E+07

NO2                    LOSS RXS                INT RX RATE    TL =  2.08E+12
  64) NO2     + HV      = NO      + O1D          1.773E+08
  65) NO2     + HV      = NO      + O            1.836E+12
  93) NO2     + O       = NO      + O2           2.120E+11
  94) NO2     + OH      = HNO3    +              5.300E+09
  95) NO2     + H       = NO      + OH           1.395E+07
 173) SO      + NO2     = SO2     + NO           2.634E+08
 177) HS      + NO2     = HSO     + NO           4.252E+05
 214) O       + NO2     = NO3     +              1.171E+10
 218) N       + NO2     = N2O     + O            3.732E+06
 225) NO2     + NO3     = N2O5    +              3.380E+07
 227) NO2     + NO3     = NO      + NO2     O2   3.331E+03
 228) NO2     + O3      = NO3     + O2           7.454E+08
 230) HO2     + NO2     = HO2NO2  +              1.058E+10
 239) HO2     + NO2     = HNO2    + O2           4.804E+06

HNO                 PRODUCTION RXS              INT RX RATE    TP =  1.90E+05
  83) H       + NO      = HNO     +              4.382E+04
  97) HCO     + NO      = HNO     + CO           1.015E+03
 186) HSO     + NO      = HNO     + SO           1.450E+05

HNO                    LOSS RXS                INT RX RATE    TL =  1.90E+05
  81) CH3     + HNO     = CH4     + NO           1.678E-05
  98) HNO     + HV      = NO      + H            1.391E+05
  99) H       + HNO     = H2      + NO           1.147E+02
 100) O       + HNO     = OH      + NO           4.503E+04
 101) OH      + HNO     = H2O     + NO           5.352E+03
 115) C2H5    + HNO     = C2H6    + NO           1.858E-16

H2S                 PRODUCTION RXS              INT RX RATE    TP =  2.47E+06
 138) HS      + HO2     = H2S     + O2           9.006E+05
 139) HS      + HS      = H2S     + S            7.508E+00
 140) HS      + HCO     = H2S     + CO           2.466E-03
 151) HS      + H2CO    = H2S     + HCO          1.411E+06
 190) HSO     + HS      = H2S     + SO           1.559E+05

H2S                    LOSS RXS                INT RX RATE    TL =  2.02E+08
 118) H2S     + HV      = HS      + H            1.303E+06
 133) H2S     + OH      = H2O     + HS           1.711E+08
 134) H2S     + H       = H2      + HS           2.668E+02
 135) H2S     + O       = OH      + HS           2.688E+04
 205) H2S     + HO2     = H2O     + HSO          2.999E+07

HS                  PRODUCTION RXS              INT RX RATE    TP =  1.74E+08
 118) H2S     + HV      = HS      + H            1.303E+06
 133) H2S     + OH      = H2O     + HS           1.711E+08
 134) H2S     + H       = H2      + HS           2.668E+02
 135) H2S     + O       = OH      + HS           2.688E+04
 145) S       + HCO     = HS      + CO           4.880E-11
 146) S       + HO2     = HS      + O2           3.645E-03
 185) HSO     + HV      = HS      + O            1.649E+06
 188) HSO     + H       = HS      + OH           1.245E+03
 192) HSO     + S       = HS      + SO           2.042E-04
 194) H       + OCS     = CO      + HS           3.612E-10
 199) OCS     + OH      = CO2     + HS           7.412E-06

HS                     LOSS RXS                INT RX RATE    TL =  1.74E+08
 136) HS      + O       = H       + SO           2.804E+03
 137) HS      + O2      = OH      + SO           5.728E+06
 138) HS      + HO2     = H2S     + O2           9.006E+05
 139) HS      + HS      = H2S     + S            7.508E+00
 140) HS      + HCO     = H2S     + CO           2.466E-03
 141) HS      + H       = H2      + S            6.552E-02
 142) HS      + S       = H       + S2           6.101E-11
 151) HS      + H2CO    = H2S     + HCO          1.411E+06
 176) HS      + O3      = HSO     + O2           1.655E+08
 177) HS      + NO2     = HSO     + NO           4.252E+05
 190) HSO     + HS      = H2S     + SO           1.559E+05
 195) HS      + CO      = OCS     + H            5.920E-05

S                   PRODUCTION RXS              INT RX RATE    TP =  7.99E+05
 117) SO      + HV      = S       + O            7.987E+05
 139) HS      + HS      = H2S     + S            7.508E+00
 141) HS      + H       = H2      + S            6.552E-02
 150) S2      + O       = S       + SO           1.689E-11
 152) S2      + HV      = S       + S            4.412E-11
 159) S3      + HV      = S2      + S            1.774E-24
 179) SO      + SO      = SO2     + S            1.939E+01
 197) O       + OCS     = S       + CO2          4.338E-11
 202) OCS     + HV      = CO      + S            6.514E-05

S                      LOSS RXS                INT RX RATE    TL =  7.99E+05
 142) HS      + S       = H       + S2           6.101E-11
 143) S       + O2      = SO      + O            7.975E+05
 144) S       + OH      = SO      + H            6.962E-03
 145) S       + HCO     = HS      + CO           4.880E-11
 146) S       + HO2     = HS      + O2           3.645E-03
 147) S       + HO2     = SO      + OH           3.645E-03
 148) S       + S       = S2      +              5.004E-18
 154) S       + S2      = S3      +              1.774E-24
 156) S       + S3      = S4      +              1.224E-41
 178) S       + O3      = SO      + O2           1.203E+03
 181) S       + CO2     = SO      + CO           3.383E-04
 192) HSO     + S       = HS      + SO           2.042E-04
 198) OCS     + S       = CO      + S2           4.396E-16
 200) S       + HCO     = OCS     + H            3.904E-10
 201) S       + CO      = OCS     +              1.888E-05
 206) OCS     + S       = OCS2    +              7.593E-16
 207) OCS2    + S       = OCS     + S2           1.611E-30

SO                  PRODUCTION RXS              INT RX RATE    TP =  8.64E+09
 119) SO2     + HV      = SO      + O            8.387E+09
 136) HS      + O       = H       + SO           2.804E+03
 137) HS      + O2      = OH      + SO           5.728E+06
 143) S       + O2      = SO      + O            7.975E+05
 144) S       + OH      = SO      + H            6.962E-03
 147) S       + HO2     = SO      + OH           3.645E-03
 150) S2      + O       = S       + SO           1.689E-11
 169) SO21    + SO2     = SO3     + SO           7.601E+01
 172) SO23    + SO2     = SO3     + SO           9.401E+00
 178) S       + O3      = SO      + O2           1.203E+03
 181) S       + CO2     = SO      + CO           3.383E-04
 186) HSO     + NO      = HNO     + SO           1.450E+05
 187) HSO     + OH      = H2O     + SO           1.905E+08
 189) HSO     + H       = H2      + SO           6.226E+02
 190) HSO     + HS      = H2S     + SO           1.559E+05
 191) HSO     + O       = OH      + SO           5.578E+07
 192) HSO     + S       = HS      + SO           2.042E-04
 196) O       + OCS     = CO      + SO           5.514E-06

SO                     LOSS RXS                INT RX RATE    TL =  8.64E+09
 117) SO      + HV      = S       + O            7.987E+05
 122) SO      + O2      = O       + SO2          5.050E+09
 123) SO      + HO2     = SO2     + OH           7.983E+07
 124) SO      + O       = SO2     +              2.533E+06
 125) SO      + OH      = SO2     + H            2.024E+07
 173) SO      + NO2     = SO2     + NO           2.634E+08
 174) SO      + O3      = SO2     + O2           3.143E+09
 179) SO      + SO      = SO2     + S            1.939E+01
 180) SO3     + SO      = SO2     + SO2          4.583E-01
 182) SO      + HO2     = HSO     + O2           7.983E+07
 183) SO      + HCO     = HSO     + CO           4.986E-02
 184) H       + SO      = HSO     +              5.328E-01

SO2                 PRODUCTION RXS              INT RX RATE    TP =  6.05E+11
 122) SO      + O2      = O       + SO2          5.050E+09
 123) SO      + HO2     = SO2     + OH           7.983E+07
 124) SO      + O       = SO2     +              2.533E+06
 125) SO      + OH      = SO2     + H            2.024E+07
 163) SO3     + HV      = SO2     + O            1.882E+03
 165) SO21    + M       = SO2     + M            5.393E+11
 167) SO21    + HV      = SO2     + HV           1.448E+08
 170) SO23    + M       = SO2     + M            5.725E+10
 171) SO23    + HV      = SO2     + HV           5.099E+07
 173) SO      + NO2     = SO2     + NO           2.634E+08
 174) SO      + O3      = SO2     + O2           3.143E+09
 179) SO      + SO      = SO2     + S            1.939E+01
 180) SO3     + SO      = SO2     + SO2          4.583E-01

SO2                    LOSS RXS                INT RX RATE    TL =  6.13E+11
 119) SO2     + HV      = SO      + O            8.387E+09
 120) SO2     + HV      = SO21    +              5.934E+11
 121) SO2     + HV      = SO23    +              3.357E+09
 126) SO2     + OH      = HSO3    +              6.878E+09
 127) SO2     + O       = SO3     +              3.447E+07
 169) SO21    + SO2     = SO3     + SO           7.601E+01
 172) SO23    + SO2     = SO3     + SO           9.401E+00
 175) SO2     + HO2     = SO3     + OH           7.951E+05

H2SO4               PRODUCTION RXS              INT RX RATE    TP =  6.91E+09
 128) SO3     + H2O     = H2SO4   +              6.913E+09

H2SO4                  LOSS RXS                INT RX RATE    TL =  6.82E+09

HSO                 PRODUCTION RXS              INT RX RATE    TP =  2.76E+08
 176) HS      + O3      = HSO     + O2           1.655E+08
 177) HS      + NO2     = HSO     + NO           4.252E+05
 182) SO      + HO2     = HSO     + O2           7.983E+07
 183) SO      + HCO     = HSO     + CO           4.986E-02
 184) H       + SO      = HSO     +              5.328E-01
 205) H2S     + HO2     = H2O     + HSO          2.999E+07

HSO                    LOSS RXS                INT RX RATE    TL =  2.53E+08
 185) HSO     + HV      = HS      + O            1.649E+06
 186) HSO     + NO      = HNO     + SO           1.450E+05
 187) HSO     + OH      = H2O     + SO           1.905E+08
 188) HSO     + H       = HS      + OH           1.245E+03
 189) HSO     + H       = H2      + SO           6.226E+02
 190) HSO     + HS      = H2S     + SO           1.559E+05
 191) HSO     + O       = OH      + SO           5.578E+07
 192) HSO     + S       = HS      + SO           2.042E-04

S2                  PRODUCTION RXS              INT RX RATE    TP =  6.10E-11
 142) HS      + S       = H       + S2           6.101E-11
 148) S       + S       = S2      +              5.004E-18
 158) S4      + HV      = S2      + S2           7.229E-31
 159) S3      + HV      = S2      + S            1.774E-24
 198) OCS     + S       = CO      + S2           4.396E-16
 207) OCS2    + S       = OCS     + S2           1.611E-30

S2                     LOSS RXS                INT RX RATE    TL =  6.10E-11
 150) S2      + O       = S       + SO           1.689E-11
 152) S2      + HV      = S       + S            4.412E-11
 154) S       + S2      = S3      +              1.774E-24
 155) S2      + S2      = S4      +              7.229E-31

S4                  PRODUCTION RXS              INT RX RATE    TP =  7.23E-31
 155) S2      + S2      = S4      +              7.229E-31
 156) S       + S3      = S4      +              1.224E-41
 162) S8      + HV      = S4      + S4           1.588E-76

S4                     LOSS RXS                INT RX RATE    TL =  7.23E-31
 157) S4      + S4      = S8      +              1.588E-76
 158) S4      + HV      = S2      + S2           7.229E-31

S8                  PRODUCTION RXS              INT RX RATE    TP =  1.59E-76
 157) S4      + S4      = S8      +              1.588E-76

S8                     LOSS RXS                INT RX RATE    TL =  1.59E-76
 162) S8      + HV      = S4      + S4           1.588E-76

SO3                 PRODUCTION RXS              INT RX RATE    TP =  6.91E+09
 127) SO2     + O       = SO3     +              3.447E+07
 129) HSO3    + O2      = HO2     + SO3          6.878E+09
 130) HSO3    + OH      = H2O     + SO3          1.756E+01
 131) HSO3    + H       = H2      + SO3          1.481E-04
 132) HSO3    + O       = OH      + SO3          1.061E+02
 168) SO21    + O2      = SO3     + O            1.132E+04
 169) SO21    + SO2     = SO3     + SO           7.601E+01
 172) SO23    + SO2     = SO3     + SO           9.401E+00
 175) SO2     + HO2     = SO3     + OH           7.951E+05

SO3                    LOSS RXS                INT RX RATE    TL =  6.91E+09
 128) SO3     + H2O     = H2SO4   +              6.913E+09
 163) SO3     + HV      = SO2     + O            1.882E+03
 180) SO3     + SO      = SO2     + SO2          4.583E-01

OCS                 PRODUCTION RXS              INT RX RATE    TP =  7.81E-05
 195) HS      + CO      = OCS     + H            5.920E-05
 200) S       + HCO     = OCS     + H            3.904E-10
 201) S       + CO      = OCS     +              1.888E-05
 207) OCS2    + S       = OCS     + S2           1.611E-30
 210) OCS2    + CO      = OCS     + OCS          7.593E-16

OCS                    LOSS RXS                INT RX RATE    TL =  7.81E-05
 194) H       + OCS     = CO      + HS           3.612E-10
 196) O       + OCS     = CO      + SO           5.514E-06
 197) O       + OCS     = S       + CO2          4.338E-11
 198) OCS     + S       = CO      + S2           4.396E-16
 199) OCS     + OH      = CO2     + HS           7.412E-06
 202) OCS     + HV      = CO      + S            6.514E-05
 206) OCS     + S       = OCS2    +              7.593E-16

S3                  PRODUCTION RXS              INT RX RATE    TP =  1.77E-24
 154) S       + S2      = S3      +              1.774E-24

S3                     LOSS RXS                INT RX RATE    TL =  1.77E-24
 156) S       + S3      = S4      +              1.224E-41
 159) S3      + HV      = S2      + S            1.774E-24

O3                  PRODUCTION RXS              INT RX RATE    TP =  1.63E+15
  18) O       + O2      = O3      +              1.631E+15

O3                     LOSS RXS                INT RX RATE    TL =  1.63E+15
   5) H       + O3      = OH      + O2           2.448E+11
  12) OH      + O3      = HO2     + O2           3.435E+11
  14) HO2     + O3      = OH      + O2      O2   1.454E+11
  19) O       + O3      = O2      + O2           1.635E+11
  28) O3      + HV      = O2      + O1D          6.219E+14
  29) O3      + HV      = O2      + O            1.006E+15
  30) O3      + HV      = O       + O       O    4.481E+11
  86) N       + O3      = NO      + O2           6.563E+05
  89) NO      + O3      = NO2     + O2           1.926E+12
 174) SO      + O3      = SO2     + O2           3.143E+09
 176) HS      + O3      = HSO     + O2           1.655E+08
 178) S       + O3      = SO      + O2           1.203E+03
 228) NO2     + O3      = NO3     + O2           7.454E+08

HNO3                PRODUCTION RXS              INT RX RATE    TP =  5.30E+09
  94) NO2     + OH      = HNO3    +              5.300E+09

HNO3                   LOSS RXS                INT RX RATE    TL =  5.28E+09
  60) HNO3    + HV      = NO2     + OH           3.244E+09
  61) HNO3    + HV      = HNO2    + O            3.766E+08
  62) HNO3    + HV      = HNO2    + O1D          2.704E+08
  96) HNO3    + OH      = H2O     + NO3          1.254E+09
 238) O       + HNO3    = OH      + NO3          7.345E+05

N                   PRODUCTION RXS              INT RX RATE    TP =  4.20E+07
  63) NO      + HV      = N       + O            4.198E+07

N                      LOSS RXS                INT RX RATE    TL =  1.42E+08
  84) N       + N       = N2      +              4.147E+04
  85) N       + O2      = NO      + O            8.653E+06
  86) N       + O3      = NO      + O2           6.563E+05
  87) N       + OH      = NO      + H            5.940E+07
  88) N       + NO      = N2      + O            6.403E+07
 218) N       + NO2     = N2O     + O            3.732E+06
 223) N       + HO2     = NO      + OH           5.429E+06

NO3                 PRODUCTION RXS              INT RX RATE    TP =  1.42E+10
  96) HNO3    + OH      = H2O     + NO3          1.254E+09
 214) O       + NO2     = NO3     +              1.171E+10
 226) N2O5    + M       = NO3     + NO2          3.898E+04
 228) NO2     + O3      = NO3     + O2           7.454E+08
 235) HO2NO2  + HV      = OH      + NO3          4.673E+08
 236) N2O5    + HV      = NO3     + NO2          1.110E+07
 237) N2O5    + HV      = NO3     + NO      O    2.265E+07
 238) O       + HNO3    = OH      + NO3          7.345E+05

NO3                    LOSS RXS                INT RX RATE    TL =  1.42E+10
 211) O       + NO3     = O2      + NO2          1.011E+08
 212) HO2     + NO3     = OH      + NO2     O2   8.450E+06
 213) NO      + NO3     = NO2     + NO2          1.161E+09
 215) OH      + NO3     = HO2     + NO2          1.185E+07
 216) NO3     + HV      = NO      + O2           1.534E+09
 217) NO3     + HV      = NO2     + O            1.136E+10
 225) NO2     + NO3     = N2O5    +              3.380E+07
 227) NO2     + NO3     = NO      + NO2     O2   3.331E+03
 229) NO3     + NO3     = NO2     + NO2     O2   9.319E-02

N2O                 PRODUCTION RXS              INT RX RATE    TP =  3.73E+06
 218) N       + NO2     = N2O     + O            3.732E+06

N2O                    LOSS RXS                INT RX RATE    TL =  1.73E+10
 220) O1D     + N2O     = N2      + O2           3.155E+07
 221) O1D     + N2O     = NO      + NO           4.936E+07
 222) N2O     + HV      = N2      + O1D          1.725E+10

HO2NO2              PRODUCTION RXS              INT RX RATE    TP =  1.06E+10
 230) HO2     + NO2     = HO2NO2  +              1.058E+10

HO2NO2                 LOSS RXS                INT RX RATE    TL =  1.06E+10
 231) O       + HO2NO2  = OH      + NO2     O2   2.838E+04
 232) OH      + HO2NO2  = H2O     + NO2     O2   2.770E+09
 233) HO2NO2  + M       = HO2     + NO2          5.597E+09
 234) HO2NO2  + HV      = HO2     + NO2          1.732E+09
 235) HO2NO2  + HV      = OH      + NO3          4.673E+08

N2O5                PRODUCTION RXS              INT RX RATE    TP =  3.38E+07
 225) NO2     + NO3     = N2O5    +              3.380E+07

N2O5                   LOSS RXS                INT RX RATE    TL =  3.38E+07
 224) O       + N2O5    = NO2     + NO2     O2   1.052E+04
 226) N2O5    + M       = NO3     + NO2          3.898E+04
 236) N2O5    + HV      = NO3     + NO2          1.110E+07
 237) N2O5    + HV      = NO3     + NO      O    2.265E+07

CO2                 PRODUCTION RXS              INT RX RATE    TP =  3.24E+11
  35) O       + HCO     = H       + CO2          8.318E+05
  40) CO      + OH      = CO2     + H            3.236E+11
  41) CO      + O       = CO2     +              1.576E+07
 197) O       + OCS     = S       + CO2          4.338E-11
 199) OCS     + OH      = CO2     + HS           7.412E-06

CO2                    LOSS RXS                INT RX RATE    TL =  4.01E+10
  38) CO2     + HV      = CO      + O            1.620E+10
  39) CO2     + HV      = CO      + O1D          2.390E+10
 105) CH21    + CO2     = H2CO    + CO           1.010E+04
 107) CH23    + CO2     = H2CO    + CO           9.241E+05
 181) S       + CO2     = SO      + CO           3.383E-04

SO4AER              PRODUCTION RXS              INT RX RATE    TP =  6.63E+09

SO4AER                 LOSS RXS                INT RX RATE    TL =  6.55E+09

S8AER               PRODUCTION RXS              INT RX RATE    TP =  0.00E+00

S8AER                  LOSS RXS                INT RX RATE    TL =  1.71E-19

HNO2                PRODUCTION RXS              INT RX RATE    TP =  0.00E+00
  61) HNO3    + HV      = HNO2    + O            3.766E+08
  62) HNO3    + HV      = HNO2    + O1D          2.704E+08
  92) NO      + OH      = HNO2    +              3.715E+09
 239) HO2     + NO2     = HNO2    + O2           4.804E+06

HNO2                   LOSS RXS                INT RX RATE    TL =  0.00E+00
  59) HNO2    + HV      = NO      + OH           4.307E+09
 102) HNO2    + OH      = H2O     + NO2          6.009E+07

O1D                 PRODUCTION RXS              INT RX RATE    TP =  0.00E+00
  23) O2      + HV      = O       + O1D          2.748E+11
  26) H2O     + HV      = H2      + O1D          2.846E+09
  28) O3      + HV      = O2      + O1D          6.219E+14
  39) CO2     + HV      = CO      + O1D          2.390E+10
  62) HNO3    + HV      = HNO2    + O1D          2.704E+08
  64) NO2     + HV      = NO      + O1D          1.773E+08
 222) N2O     + HV      = N2      + O1D          1.725E+10

O1D                    LOSS RXS                INT RX RATE    TL =  0.00E+00
   1) H2O     + O1D     = OH      + OH           9.036E+10
   2) H2      + O1D     = OH      + H            1.408E+09
  21) O1D     + N2      = O       + N2           6.206E+14
  22) O1D     + O2      = O       + O2           1.557E+12
  67) CH4     + O1D     = CH3     + OH           1.795E+09
  68) CH4     + O1D     = H2CO    + H2           1.197E+08
 110) C2H6    + O1D     = C2H5    + OH           1.596E-02
 203) CO      + O1D     = CO      + O            2.815E+07
 220) O1D     + N2O     = N2      + O2           3.155E+07
 221) O1D     + N2O     = NO      + NO           4.936E+07

CH21                PRODUCTION RXS              INT RX RATE    TP =  0.00E+00
  54) CH4     + HV      = CH21    + H2           3.863E+08
  58) C2H6    + HV      = CH4     + CH21         2.712E+00
  78) CH3     + HV      = CH21    + H            5.021E+04

CH21                   LOSS RXS                INT RX RATE    TL =  0.00E+00
  69) CH21    + CH4     = CH3     + CH3          1.749E+02
  70) CH21    + O2      = HCO     + OH           2.775E+06
  71) CH21    + N2      = CH23    + N2           3.835E+08
 104) CH21    + H2      = CH3     + H            2.129E+04
 105) CH21    + CO2     = H2CO    + CO           1.010E+04

CH23                PRODUCTION RXS              INT RX RATE    TP =  0.00E+00
  56) CH4     + HV      = CH23    + H       H    7.013E+07
  71) CH21    + N2      = CH23    + N2           3.835E+08

CH23                   LOSS RXS                INT RX RATE    TL =  0.00E+00
  72) CH23    + H2      = CH3     + H            7.598E+04
  73) CH23    + CH4     = CH3     + CH3          9.843E-08
  74) CH23    + O2      = HCO     + OH           4.519E+08
 106) CH23    + O       = HCO     + H            8.118E+05
 107) CH23    + CO2     = H2CO    + CO           9.241E+05

C2H5                PRODUCTION RXS              INT RX RATE    TP =  0.00E+00
 108) C2H6    + OH      = C2H5    + H2O          5.160E+00
 109) C2H6    + O       = C2H5    + OH           2.551E-02
 110) C2H6    + O1D     = C2H5    + OH           1.596E-02

C2H5                   LOSS RXS                INT RX RATE    TL =  0.00E+00
 111) C2H5    + H       = CH3     + CH3          2.638E-04
 112) C2H5    + O       = CH3     + HCO     H    2.917E-02
 113) C2H5    + OH      = CH3     + HCO     H2   3.480E-05
 114) C2H5    + HCO     = C2H6    + CO           2.388E-11
 115) C2H5    + HNO     = C2H6    + NO           1.858E-16
 116) C2H5    + O2      = CH3     + HCO     OH   5.172E+00

SO21                PRODUCTION RXS              INT RX RATE    TP =  0.00E+00
 120) SO2     + HV      = SO21    +              5.934E+11

SO21                   LOSS RXS                INT RX RATE    TL =  0.00E+00
 164) SO21    + M       = SO23    + M            5.393E+10
 165) SO21    + M       = SO2     + M            5.393E+11
 166) SO21    + HV      = SO23    + HV           9.871E+06
 167) SO21    + HV      = SO2     + HV           1.448E+08
 168) SO21    + O2      = SO3     + O            1.132E+04
 169) SO21    + SO2     = SO3     + SO           7.601E+01

SO23                PRODUCTION RXS              INT RX RATE    TP =  0.00E+00
 121) SO2     + HV      = SO23    +              3.357E+09
 164) SO21    + M       = SO23    + M            5.393E+10
 166) SO21    + HV      = SO23    + HV           9.871E+06

SO23                   LOSS RXS                INT RX RATE    TL =  0.00E+00
 170) SO23    + M       = SO2     + M            5.725E+10
 171) SO23    + HV      = SO2     + HV           5.099E+07
 172) SO23    + SO2     = SO3     + SO           9.401E+00

HSO3                PRODUCTION RXS              INT RX RATE    TP =  0.00E+00
 126) SO2     + OH      = HSO3    +              6.878E+09

HSO3                   LOSS RXS                INT RX RATE    TL =  0.00E+00
 129) HSO3    + O2      = HO2     + SO3          6.878E+09
 130) HSO3    + OH      = H2O     + SO3          1.756E+01
 131) HSO3    + H       = H2      + SO3          1.481E-04
 132) HSO3    + O       = OH      + SO3          1.061E+02

OCS2                PRODUCTION RXS              INT RX RATE    TP =  0.00E+00
 206) OCS     + S       = OCS2    +              7.593E-16

OCS2                   LOSS RXS                INT RX RATE    TL =  0.00E+00
 207) OCS2    + S       = OCS     + S2           1.611E-30
 210) OCS2    + CO      = OCS     + OCS          7.593E-16

N2                  PRODUCTION RXS              INT RX RATE    TP =  0.00E+00
  21) O1D     + N2      = O       + N2           6.206E+14
  71) CH21    + N2      = CH23    + N2           3.835E+08
  84) N       + N       = N2      +              4.147E+04
  88) N       + NO      = N2      + O            6.403E+07
 220) O1D     + N2O     = N2      + O2           3.155E+07
 222) N2O     + HV      = N2      + O1D          1.725E+10

N2                     LOSS RXS                INT RX RATE    TL =  0.00E+00
  21) O1D     + N2      = O       + N2           6.206E+14
  71) CH21    + N2      = CH23    + N2           3.835E+08
