
O                   PRODUCTION RXS              INT RX RATE    TP =  2.25E+15
   8) H       + HO2     = H2O     + O            3.775E+08
  20) OH      + OH      = H2O     + O            6.525E+08
  21) O1D     + N2      = O       + N2           6.417E+14
  22) O1D     + O2      = O       + O2           2.554E+13
  23) O2      + HV      = O       + O1D          2.982E+11
  24) O2      + HV      = O       + O            3.407E+12
  27) H2O     + HV      = H       + H       O    9.378E+08
  29) O3      + HV      = O2      + O            1.559E+15
  30) O3      + HV      = O       + O       O    3.147E+11
  38) CO2     + HV      = CO      + O            1.906E+09
  53) HO2     + HV      = OH      + O            4.899E+09
  61) HNO3    + HV      = HNO2    + O            4.075E+08
  63) NO      + HV      = N       + O            8.518E+07
  65) NO2     + HV      = NO      + O            1.154E+13
  85) N       + O2      = NO      + O            8.027E+07
  88) N       + NO      = N2      + O            6.533E+07
 117) SO      + HV      = S       + O            2.960E+03
 119) SO2     + HV      = SO      + O            8.319E+08
 122) SO      + O2      = O       + SO2          8.609E+08
 143) S       + O2      = SO      + O            2.961E+03
 163) SO3     + HV      = SO2     + O            7.701E+02
 168) SO21    + O2      = SO3     + O            1.817E+05
 185) HSO     + HV      = HS      + O            1.702E+03
 203) CO      + O1D     = CO      + O            2.615E+07
 217) NO3     + HV      = NO2     + O            1.775E+10
 218) N       + NO2     = N2O     + O            2.432E+06
 237) N2O5    + HV      = NO3     + NO      O    1.231E+08

O                      LOSS RXS                INT RX RATE    TL =  2.25E+15
   3) H2      + O       = OH      + H            4.672E+07
  10) OH      + O       = H       + O2           2.241E+12
  13) HO2     + O       = OH      + O2           1.810E+12
  17) O       + O       = O2      +              4.938E+10
  18) O       + O2      = O3      +              2.240E+15
  19) O       + O3      = O2      + O2           5.291E+11
  35) O       + HCO     = H       + CO2          1.306E+06
  36) O       + HCO     = OH      + CO           1.306E+06
  41) CO      + O       = CO2     +              1.697E+06
  51) H2CO    + O       = HCO     + OH           4.164E+08
  52) H2O2    + O       = OH      + HO2          2.056E+06
  76) CH3     + O       = H2CO    + H            3.631E+07
  90) NO      + O       = NO2     +              6.705E+09
  93) NO2     + O       = NO      + O2           9.533E+11
 100) O       + HNO     = OH      + NO           3.405E+04
 103) CH4     + O       = CH3     + OH           4.758E+07
 106) CH23    + O       = HCO     + H            9.344E+05
 109) C2H6    + O       = C2H5    + OH           3.511E-02
 112) C2H5    + O       = CH3     + HCO     H    2.159E-02
 124) SO      + O       = SO2     +              9.057E+03
 127) SO2     + O       = SO3     +              6.286E+06
 132) HSO3    + O       = OH      + SO3          5.926E-01
 135) H2S     + O       = OH      + HS           2.866E+03
 136) HS      + O       = H       + SO           1.289E+02
 150) S2      + O       = S       + SO           2.163E-17
 191) HSO     + O       = OH      + SO           9.758E+05
 196) O       + OCS     = CO      + SO           2.033E-06
 197) O       + OCS     = S       + CO2          8.148E-12
 211) O       + NO3     = O2      + NO2          1.298E+08
 214) O       + NO2     = NO3     +              1.481E+10
 224) O       + N2O5    = NO2     + NO2     O2   2.492E+04
 231) O       + HO2NO2  = OH      + NO2     O2   6.211E+04
 238) O       + HNO3    = OH      + NO3          1.414E+06

O2                  PRODUCTION RXS              INT RX RATE    TP =  2.27E+15
   5) H       + O3      = OH      + O2           5.761E+11
   7) H       + HO2     = H2      + O2           1.628E+09
  10) OH      + O       = H       + O2           2.241E+12
  11) OH      + HO2     = H2O     + O2           5.508E+10
  12) OH      + O3      = HO2     + O2           4.115E+11
  13) HO2     + O       = OH      + O2           1.810E+12
  14) HO2     + O3      = OH      + O2      O2   1.196E+11
  15) HO2     + HO2     = H2O2    + O2           8.343E+10
  17) O       + O       = O2      +              4.938E+10
  19) O       + O3      = O2      + O2           5.291E+11
  22) O1D     + O2      = O       + O2           2.554E+13
  28) O3      + HV      = O2      + O1D          6.670E+14
  29) O3      + HV      = O2      + O            1.559E+15
  86) N       + O3      = NO      + O2           2.200E+05
  89) NO      + O3      = NO2     + O2           1.223E+13
  93) NO2     + O       = NO      + O2           9.533E+11
 138) HS      + HO2     = H2S     + O2           3.663E+05
 146) S       + HO2     = HS      + O2           6.426E-07
 174) SO      + O3      = SO2     + O2           1.205E+08
 176) HS      + O3      = HSO     + O2           1.291E+08
 178) S       + O3      = SO      + O2           7.631E-01
 182) SO      + HO2     = HSO     + O2           3.469E+05
 211) O       + NO3     = O2      + NO2          1.298E+08
 212) HO2     + NO3     = OH      + NO2     O2   7.881E+06
 216) NO3     + HV      = NO      + O2           2.353E+09
 220) O1D     + N2O     = N2      + O2           3.906E+07
 224) O       + N2O5    = NO2     + NO2     O2   2.492E+04
 227) NO2     + NO3     = NO      + NO2     O2   2.401E+04
 228) NO2     + O3      = NO3     + O2           7.223E+09
 229) NO3     + NO3     = NO2     + NO2     O2   2.082E-01
 231) O       + HO2NO2  = OH      + NO2     O2   6.211E+04
 232) OH      + HO2NO2  = H2O     + NO2     O2   3.573E+09
 239) HO2     + NO2     = HNO2    + O2           1.205E+07

O2                     LOSS RXS                INT RX RATE    TL =  2.27E+15
   6) H       + O2      = HO2     +              1.948E+12
  18) O       + O2      = O3      +              2.240E+15
  22) O1D     + O2      = O       + O2           2.554E+13
  23) O2      + HV      = O       + O1D          2.982E+11
  24) O2      + HV      = O       + O            3.407E+12
  47) HCO     + O2      = HO2     + CO           4.751E+10
  70) CH21    + O2      = HCO     + OH           7.467E+06
  74) CH23    + O2      = HCO     + OH           7.963E+07
  75) CH3     + O2      = H2CO    + OH           9.396E+10
  85) N       + O2      = NO      + O            8.027E+07
 116) C2H5    + O2      = CH3     + HCO     OH   6.604E-01
 122) SO      + O2      = O       + SO2          8.609E+08
 129) HSO3    + O2      = HO2     + SO3          6.487E+09
 137) HS      + O2      = OH      + SO           4.251E+07
 143) S       + O2      = SO      + O            2.961E+03
 168) SO21    + O2      = SO3     + O            1.817E+05

H2O                 PRODUCTION RXS              INT RX RATE    TP =  5.53E+10
   4) H2      + OH      = H2O     + H            3.033E+10
   8) H       + HO2     = H2O     + O            3.775E+08
  11) OH      + HO2     = H2O     + O2           5.508E+10
  16) H2O2    + OH      = HO2     + H2O          2.365E+10
  20) OH      + OH      = H2O     + O            6.525E+08
  34) OH      + HCO     = H2O     + CO           4.284E+02
  48) H2CO    + OH      = H2O     + HCO          2.000E+10
  49) H       + OH      = H2O     +              1.165E+06
  66) CH4     + OH      = CH3     + H2O          9.227E+10
  96) HNO3    + OH      = H2O     + NO3          2.372E+09
 101) OH      + HNO     = H2O     + NO           6.132E+03
 102) HNO2    + OH      = H2O     + NO2          6.192E+07
 108) C2H6    + OH      = C2H5    + H2O          6.341E-01
 130) HSO3    + OH      = H2O     + SO3          5.187E-01
 133) H2S     + OH      = H2O     + HS           1.733E+08
 187) HSO     + OH      = H2O     + SO           1.331E+08
 205) H2S     + HO2     = H2O     + HSO          2.773E+07
 232) OH      + HO2NO2  = H2O     + NO2     O2   3.573E+09

H2O                    LOSS RXS                INT RX RATE    TL =  4.13E+10
   1) H2O     + O1D     = OH      + OH           6.807E+10
  25) H2O     + HV      = H       + OH           1.176E+10
  26) H2O     + HV      = H2      + O1D          6.254E+08
  27) H2O     + HV      = H       + H       O    9.378E+08
 128) SO3     + H2O     = H2SO4   +              6.494E+09

H                   PRODUCTION RXS              INT RX RATE    TP =  2.54E+12
   2) H2      + O1D     = OH      + H            1.266E+09
   3) H2      + O       = OH      + H            4.672E+07
   4) H2      + OH      = H2O     + H            3.033E+10
  10) OH      + O       = H       + O2           2.241E+12
  25) H2O     + HV      = H       + OH           1.176E+10
  27) H2O     + HV      = H       + H       O    9.378E+08
  35) O       + HCO     = H       + CO2          1.306E+06
  40) CO      + OH      = CO2     + H            2.299E+11
  43) H2CO    + HV      = HCO     + H            2.701E+10
  44) HCO     + HV      = H       + CO           7.866E+03
  55) CH4     + HV      = CH3     + H            8.063E+07
  56) CH4     + HV      = CH23    + H       H    1.366E+07
  72) CH23    + H2      = CH3     + H            5.362E+02
  76) CH3     + O       = H2CO    + H            3.631E+07
  78) CH3     + HV      = CH21    + H            2.160E+04
  87) N       + OH      = NO      + H            3.451E+07
  98) HNO     + HV      = NO      + H            1.947E+05
 104) CH21    + H2      = CH3     + H            4.153E+03
 106) CH23    + O       = HCO     + H            9.344E+05
 112) C2H5    + O       = CH3     + HCO     H    2.159E-02
 118) H2S     + HV      = HS      + H            2.091E+03
 125) SO      + OH      = SO2     + H            1.887E+05
 136) HS      + O       = H       + SO           1.289E+02
 142) HS      + S       = H       + S2           6.932E-15
 144) S       + OH      = SO      + H            3.529E-06
 195) HS      + CO      = OCS     + H            2.521E-05
 200) S       + HCO     = OCS     + H            2.711E-13

H                      LOSS RXS                INT RX RATE    TL =  2.54E+12
   5) H       + O3      = OH      + O2           5.761E+11
   6) H       + O2      = HO2     +              1.948E+12
   7) H       + HO2     = H2      + O2           1.628E+09
   8) H       + HO2     = H2O     + O            3.775E+08
   9) H       + HO2     = OH      + OH           1.699E+10
  31) H       + CO      = HCO     +              2.057E+04
  32) H       + HCO     = H2      + CO           2.551E+04
  45) H2CO    + H       = H2      + HCO          1.256E+05
  46) H       + H       = H2      +              1.230E+06
  49) H       + OH      = H2O     +              1.165E+06
  79) CH3     + H       = CH4     +              3.719E+03
  83) H       + NO      = HNO     +              3.578E+04
  95) NO2     + H       = NO      + OH           3.117E+07
  99) H       + HNO     = H2      + NO           2.684E+01
 111) C2H5    + H       = CH3     + CH3          8.165E-05
 131) HSO3    + H       = H2      + SO3          3.605E-07
 134) H2S     + H       = H2      + HS           1.717E+01
 141) HS      + H       = H2      + S            1.927E-03
 184) H       + SO      = HSO     +              3.199E-04
 188) HSO     + H       = HS      + OH           5.714E+01
 189) HSO     + H       = H2      + SO           2.857E+01
 194) H       + OCS     = CO      + HS           4.119E-11

OH                  PRODUCTION RXS              INT RX RATE    TP =  3.13E+12
   1) H2O     + O1D     = OH      + OH           6.807E+10
   2) H2      + O1D     = OH      + H            1.266E+09
   3) H2      + O       = OH      + H            4.672E+07
   5) H       + O3      = OH      + O2           5.761E+11
   9) H       + HO2     = OH      + OH           1.699E+10
  13) HO2     + O       = OH      + O2           1.810E+12
  14) HO2     + O3      = OH      + O2      O2   1.196E+11
  25) H2O     + HV      = H       + OH           1.176E+10
  36) O       + HCO     = OH      + CO           1.306E+06
  37) H2O2    + HV      = OH      + OH           3.649E+10
  51) H2CO    + O       = HCO     + OH           4.164E+08
  52) H2O2    + O       = OH      + HO2          2.056E+06
  53) HO2     + HV      = OH      + O            4.899E+09
  59) HNO2    + HV      = NO      + OH           5.619E+09
  60) HNO3    + HV      = NO2     + OH           7.347E+09
  67) CH4     + O1D     = CH3     + OH           1.599E+09
  70) CH21    + O2      = HCO     + OH           7.467E+06
  74) CH23    + O2      = HCO     + OH           7.963E+07
  75) CH3     + O2      = H2CO    + OH           9.396E+10
  91) NO      + HO2     = NO2     + OH           2.570E+11
  95) NO2     + H       = NO      + OH           3.117E+07
 100) O       + HNO     = OH      + NO           3.405E+04
 103) CH4     + O       = CH3     + OH           4.758E+07
 109) C2H6    + O       = C2H5    + OH           3.511E-02
 110) C2H6    + O1D     = C2H5    + OH           1.287E-02
 116) C2H5    + O2      = CH3     + HCO     OH   6.604E-01
 123) SO      + HO2     = SO2     + OH           3.469E+05
 132) HSO3    + O       = OH      + SO3          5.926E-01
 135) H2S     + O       = OH      + HS           2.866E+03
 137) HS      + O2      = OH      + SO           4.251E+07
 147) S       + HO2     = SO      + OH           6.426E-07
 175) SO2     + HO2     = SO3     + OH           7.137E+05
 188) HSO     + H       = HS      + OH           5.714E+01
 191) HSO     + O       = OH      + SO           9.758E+05
 212) HO2     + NO3     = OH      + NO2     O2   7.881E+06
 223) N       + HO2     = NO      + OH           2.413E+06
 231) O       + HO2NO2  = OH      + NO2     O2   6.211E+04
 235) HO2NO2  + HV      = OH      + NO3          6.800E+08
 238) O       + HNO3    = OH      + NO3          1.414E+06

OH                     LOSS RXS                INT RX RATE    TL =  3.13E+12
   4) H2      + OH      = H2O     + H            3.033E+10
  10) OH      + O       = H       + O2           2.241E+12
  11) OH      + HO2     = H2O     + O2           5.508E+10
  12) OH      + O3      = HO2     + O2           4.115E+11
  16) H2O2    + OH      = HO2     + H2O          2.365E+10
  20) OH      + OH      = H2O     + O            6.525E+08
  34) OH      + HCO     = H2O     + CO           4.284E+02
  40) CO      + OH      = CO2     + H            2.299E+11
  48) H2CO    + OH      = H2O     + HCO          2.000E+10
  49) H       + OH      = H2O     +              1.165E+06
  50) OH      + OH      = H2O2    +              3.504E+07
  66) CH4     + OH      = CH3     + H2O          9.227E+10
  87) N       + OH      = NO      + H            3.451E+07
  92) NO      + OH      = HNO2    +              4.969E+09
  94) NO2     + OH      = HNO3    +              1.083E+10
  96) HNO3    + OH      = H2O     + NO3          2.372E+09
 101) OH      + HNO     = H2O     + NO           6.132E+03
 102) HNO2    + OH      = H2O     + NO2          6.192E+07
 108) C2H6    + OH      = C2H5    + H2O          6.341E-01
 113) C2H5    + OH      = CH3     + HCO     H2   2.185E-06
 125) SO      + OH      = SO2     + H            1.887E+05
 126) SO2     + OH      = HSO3    +              6.487E+09
 130) HSO3    + OH      = H2O     + SO3          5.187E-01
 133) H2S     + OH      = H2O     + HS           1.733E+08
 144) S       + OH      = SO      + H            3.529E-06
 187) HSO     + OH      = H2O     + SO           1.331E+08
 199) OCS     + OH      = CO2     + HS           1.282E-05
 215) OH      + NO3     = HO2     + NO2          1.342E+07
 232) OH      + HO2NO2  = H2O     + NO2     O2   3.573E+09

HO2                 PRODUCTION RXS              INT RX RATE    TP =  2.45E+12
   6) H       + O2      = HO2     +              1.948E+12
  12) OH      + O3      = HO2     + O2           4.115E+11
  16) H2O2    + OH      = HO2     + H2O          2.365E+10
  47) HCO     + O2      = HO2     + CO           4.751E+10
  52) H2O2    + O       = OH      + HO2          2.056E+06
 129) HSO3    + O2      = HO2     + SO3          6.487E+09
 215) OH      + NO3     = HO2     + NO2          1.342E+07
 233) HO2NO2  + M       = HO2     + NO2          1.209E+10
 234) HO2NO2  + HV      = HO2     + NO2          2.628E+09

HO2                    LOSS RXS                INT RX RATE    TL =  2.45E+12
   7) H       + HO2     = H2      + O2           1.628E+09
   8) H       + HO2     = H2O     + O            3.775E+08
   9) H       + HO2     = OH      + OH           1.699E+10
  11) OH      + HO2     = H2O     + O2           5.508E+10
  13) HO2     + O       = OH      + O2           1.810E+12
  14) HO2     + O3      = OH      + O2      O2   1.196E+11
  15) HO2     + HO2     = H2O2    + O2           8.343E+10
  53) HO2     + HV      = OH      + O            4.899E+09
  91) NO      + HO2     = NO2     + OH           2.570E+11
 123) SO      + HO2     = SO2     + OH           3.469E+05
 138) HS      + HO2     = H2S     + O2           3.663E+05
 146) S       + HO2     = HS      + O2           6.426E-07
 147) S       + HO2     = SO      + OH           6.426E-07
 175) SO2     + HO2     = SO3     + OH           7.137E+05
 182) SO      + HO2     = HSO     + O2           3.469E+05
 205) H2S     + HO2     = H2O     + HSO          2.773E+07
 212) HO2     + NO3     = OH      + NO2     O2   7.881E+06
 223) N       + HO2     = NO      + OH           2.413E+06
 230) HO2     + NO2     = HO2NO2  +              1.900E+10
 239) HO2     + NO2     = HNO2    + O2           1.205E+07

H2O2                PRODUCTION RXS              INT RX RATE    TP =  8.35E+10
  15) HO2     + HO2     = H2O2    + O2           8.343E+10
  50) OH      + OH      = H2O2    +              3.504E+07

H2O2                   LOSS RXS                INT RX RATE    TL =  7.82E+10
  16) H2O2    + OH      = HO2     + H2O          2.365E+10
  37) H2O2    + HV      = OH      + OH           3.649E+10
  52) H2O2    + O       = OH      + HO2          2.056E+06

H2                  PRODUCTION RXS              INT RX RATE    TP =  4.65E+10
   7) H       + HO2     = H2      + O2           1.628E+09
  26) H2O     + HV      = H2      + O1D          6.254E+08
  32) H       + HCO     = H2      + CO           2.551E+04
  42) H2CO    + HV      = H2      + CO           4.387E+10
  45) H2CO    + H       = H2      + HCO          1.256E+05
  46) H       + H       = H2      +              1.230E+06
  54) CH4     + HV      = CH21    + H2           7.436E+07
  68) CH4     + O1D     = H2CO    + H2           1.066E+08
  99) H       + HNO     = H2      + NO           2.684E+01
 113) C2H5    + OH      = CH3     + HCO     H2   2.185E-06
 131) HSO3    + H       = H2      + SO3          3.605E-07
 134) H2S     + H       = H2      + HS           1.717E+01
 141) HS      + H       = H2      + S            1.927E-03
 189) HSO     + H       = H2      + SO           2.857E+01

H2                     LOSS RXS                INT RX RATE    TL =  3.16E+10
   2) H2      + O1D     = OH      + H            1.266E+09
   3) H2      + O       = OH      + H            4.672E+07
   4) H2      + OH      = H2O     + H            3.033E+10
  72) CH23    + H2      = CH3     + H            5.362E+02
 104) CH21    + H2      = CH3     + H            4.153E+03

CO                  PRODUCTION RXS              INT RX RATE    TP =  9.57E+10
  32) H       + HCO     = H2      + CO           2.551E+04
  33) HCO     + HCO     = H2CO    + CO           9.577E-06
  34) OH      + HCO     = H2O     + CO           4.284E+02
  36) O       + HCO     = OH      + CO           1.306E+06
  38) CO2     + HV      = CO      + O            1.906E+09
  39) CO2     + HV      = CO      + O1D          2.357E+09
  42) H2CO    + HV      = H2      + CO           4.387E+10
  44) HCO     + HV      = H       + CO           7.866E+03
  47) HCO     + O2      = HO2     + CO           4.751E+10
  80) CH3     + HCO     = CH4     + CO           4.329E-03
  97) HCO     + NO      = HNO     + CO           4.296E+02
 105) CH21    + CO2     = H2CO    + CO           1.428E+03
 107) CH23    + CO2     = H2CO    + CO           4.690E+03
 114) C2H5    + HCO     = C2H6    + CO           3.347E-13
 140) HS      + HCO     = H2S     + CO           6.726E-05
 145) S       + HCO     = HS      + CO           3.389E-14
 181) S       + CO2     = SO      + CO           6.689E-08
 183) SO      + HCO     = HSO     + CO           3.007E-05
 194) H       + OCS     = CO      + HS           4.119E-11
 196) O       + OCS     = CO      + SO           2.033E-06
 198) OCS     + S       = CO      + S2           2.495E-19
 202) OCS     + HV      = CO      + S            1.032E-05
 203) CO      + O1D     = CO      + O            2.615E+07

CO                     LOSS RXS                INT RX RATE    TL =  2.30E+11
  31) H       + CO      = HCO     +              2.057E+04
  40) CO      + OH      = CO2     + H            2.299E+11
  41) CO      + O       = CO2     +              1.697E+06
 195) HS      + CO      = OCS     + H            2.521E-05
 201) S       + CO      = OCS     +              1.762E-09
 203) CO      + O1D     = CO      + O            2.615E+07
 210) OCS2    + CO      = OCS     + OCS          1.979E-19

HCO                 PRODUCTION RXS              INT RX RATE    TP =  4.75E+10
  31) H       + CO      = HCO     +              2.057E+04
  43) H2CO    + HV      = HCO     + H            2.701E+10
  45) H2CO    + H       = H2      + HCO          1.256E+05
  48) H2CO    + OH      = H2O     + HCO          2.000E+10
  51) H2CO    + O       = HCO     + OH           4.164E+08
  70) CH21    + O2      = HCO     + OH           7.467E+06
  74) CH23    + O2      = HCO     + OH           7.963E+07
  82) CH3     + H2CO    = CH4     + HCO          1.763E-04
 106) CH23    + O       = HCO     + H            9.344E+05
 112) C2H5    + O       = CH3     + HCO     H    2.159E-02
 113) C2H5    + OH      = CH3     + HCO     H2   2.185E-06
 116) C2H5    + O2      = CH3     + HCO     OH   6.604E-01
 151) HS      + H2CO    = H2S     + HCO          6.532E+05

HCO                    LOSS RXS                INT RX RATE    TL =  4.75E+10
  32) H       + HCO     = H2      + CO           2.551E+04
  33) HCO     + HCO     = H2CO    + CO           9.577E-06
  34) OH      + HCO     = H2O     + CO           4.284E+02
  35) O       + HCO     = H       + CO2          1.306E+06
  36) O       + HCO     = OH      + CO           1.306E+06
  44) HCO     + HV      = H       + CO           7.866E+03
  47) HCO     + O2      = HO2     + CO           4.751E+10
  80) CH3     + HCO     = CH4     + CO           4.329E-03
  97) HCO     + NO      = HNO     + CO           4.296E+02
 114) C2H5    + HCO     = C2H6    + CO           3.347E-13
 140) HS      + HCO     = H2S     + CO           6.726E-05
 145) S       + HCO     = HS      + CO           3.389E-14
 183) SO      + HCO     = HSO     + CO           3.007E-05
 200) S       + HCO     = OCS     + H            2.711E-13

H2CO                PRODUCTION RXS              INT RX RATE    TP =  9.41E+10
  33) HCO     + HCO     = H2CO    + CO           9.577E-06
  68) CH4     + O1D     = H2CO    + H2           1.066E+08
  75) CH3     + O2      = H2CO    + OH           9.396E+10
  76) CH3     + O       = H2CO    + H            3.631E+07
 105) CH21    + CO2     = H2CO    + CO           1.428E+03
 107) CH23    + CO2     = H2CO    + CO           4.690E+03

H2CO                   LOSS RXS                INT RX RATE    TL =  9.31E+10
  42) H2CO    + HV      = H2      + CO           4.387E+10
  43) H2CO    + HV      = HCO     + H            2.701E+10
  45) H2CO    + H       = H2      + HCO          1.256E+05
  48) H2CO    + OH      = H2O     + HCO          2.000E+10
  51) H2CO    + O       = HCO     + OH           4.164E+08
  82) CH3     + H2CO    = CH4     + HCO          1.763E-04
 151) HS      + H2CO    = H2S     + HCO          6.532E+05

CH4                 PRODUCTION RXS              INT RX RATE    TP =  3.72E+03
  58) C2H6    + HV      = CH4     + CH21         1.549E-01
  79) CH3     + H       = CH4     +              3.719E+03
  80) CH3     + HCO     = CH4     + CO           4.329E-03
  81) CH3     + HNO     = CH4     + NO           2.503E-06
  82) CH3     + H2CO    = CH4     + HCO          1.763E-04

CH4                    LOSS RXS                INT RX RATE    TL =  9.42E+10
  54) CH4     + HV      = CH21    + H2           7.436E+07
  55) CH4     + HV      = CH3     + H            8.063E+07
  56) CH4     + HV      = CH23    + H       H    1.366E+07
  66) CH4     + OH      = CH3     + H2O          9.227E+10
  67) CH4     + O1D     = CH3     + OH           1.599E+09
  68) CH4     + O1D     = H2CO    + H2           1.066E+08
  69) CH21    + CH4     = CH3     + CH3          3.253E+01
  73) CH23    + CH4     = CH3     + CH3          4.317E-08
 103) CH4     + O       = CH3     + OH           4.758E+07

CH3                 PRODUCTION RXS              INT RX RATE    TP =  9.40E+10
  55) CH4     + HV      = CH3     + H            8.063E+07
  66) CH4     + OH      = CH3     + H2O          9.227E+10
  67) CH4     + O1D     = CH3     + OH           1.599E+09
  69) CH21    + CH4     = CH3     + CH3          3.253E+01
  72) CH23    + H2      = CH3     + H            5.362E+02
  73) CH23    + CH4     = CH3     + CH3          4.317E-08
 103) CH4     + O       = CH3     + OH           4.758E+07
 104) CH21    + H2      = CH3     + H            4.153E+03
 111) C2H5    + H       = CH3     + CH3          8.165E-05
 112) C2H5    + O       = CH3     + HCO     H    2.159E-02
 113) C2H5    + OH      = CH3     + HCO     H2   2.185E-06
 116) C2H5    + O2      = CH3     + HCO     OH   6.604E-01

CH3                    LOSS RXS                INT RX RATE    TL =  9.40E+10
  75) CH3     + O2      = H2CO    + OH           9.396E+10
  76) CH3     + O       = H2CO    + H            3.631E+07
  77) CH3     + CH3     = C2H6    +              8.370E-01
  78) CH3     + HV      = CH21    + H            2.160E+04
  79) CH3     + H       = CH4     +              3.719E+03
  80) CH3     + HCO     = CH4     + CO           4.329E-03
  81) CH3     + HNO     = CH4     + NO           2.503E-06
  82) CH3     + H2CO    = CH4     + HCO          1.763E-04

C2H6                PRODUCTION RXS              INT RX RATE    TP =  8.37E-01
  77) CH3     + CH3     = C2H6    +              8.370E-01
 114) C2H5    + HCO     = C2H6    + CO           3.347E-13
 115) C2H5    + HNO     = C2H6    + NO           8.140E-18

C2H6                   LOSS RXS                INT RX RATE    TL =  8.37E-01
  58) C2H6    + HV      = CH4     + CH21         1.549E-01
 108) C2H6    + OH      = C2H5    + H2O          6.341E-01
 109) C2H6    + O       = C2H5    + OH           3.511E-02
 110) C2H6    + O1D     = C2H5    + OH           1.287E-02

NO                  PRODUCTION RXS              INT RX RATE    TP =  1.25E+13
  59) HNO2    + HV      = NO      + OH           5.619E+09
  64) NO2     + HV      = NO      + O1D          1.044E+09
  65) NO2     + HV      = NO      + O            1.154E+13
  81) CH3     + HNO     = CH4     + NO           2.503E-06
  85) N       + O2      = NO      + O            8.027E+07
  86) N       + O3      = NO      + O2           2.200E+05
  87) N       + OH      = NO      + H            3.451E+07
  93) NO2     + O       = NO      + O2           9.533E+11
  95) NO2     + H       = NO      + OH           3.117E+07
  98) HNO     + HV      = NO      + H            1.947E+05
  99) H       + HNO     = H2      + NO           2.684E+01
 100) O       + HNO     = OH      + NO           3.405E+04
 101) OH      + HNO     = H2O     + NO           6.132E+03
 115) C2H5    + HNO     = C2H6    + NO           8.140E-18
 173) SO      + NO2     = SO2     + NO           2.654E+07
 177) HS      + NO2     = HSO     + NO           6.777E+05
 216) NO3     + HV      = NO      + O2           2.353E+09
 221) O1D     + N2O     = NO      + NO           6.112E+07
 223) N       + HO2     = NO      + OH           2.413E+06
 227) NO2     + NO3     = NO      + NO2     O2   2.401E+04
 237) N2O5    + HV      = NO3     + NO      O    1.231E+08

NO                     LOSS RXS                INT RX RATE    TL =  1.25E+13
  63) NO      + HV      = N       + O            8.518E+07
  83) H       + NO      = HNO     +              3.578E+04
  88) N       + NO      = N2      + O            6.533E+07
  89) NO      + O3      = NO2     + O2           1.223E+13
  90) NO      + O       = NO2     +              6.705E+09
  91) NO      + HO2     = NO2     + OH           2.570E+11
  92) NO      + OH      = HNO2    +              4.969E+09
  97) HCO     + NO      = HNO     + CO           4.296E+02
 186) HSO     + NO      = HNO     + SO           1.991E+05
 213) NO      + NO3     = NO2     + NO2          4.828E+09

NO2                 PRODUCTION RXS              INT RX RATE    TP =  1.25E+13
  60) HNO3    + HV      = NO2     + OH           7.347E+09
  89) NO      + O3      = NO2     + O2           1.223E+13
  90) NO      + O       = NO2     +              6.705E+09
  91) NO      + HO2     = NO2     + OH           2.570E+11
 102) HNO2    + OH      = H2O     + NO2          6.192E+07
 211) O       + NO3     = O2      + NO2          1.298E+08
 212) HO2     + NO3     = OH      + NO2     O2   7.881E+06
 213) NO      + NO3     = NO2     + NO2          4.828E+09
 215) OH      + NO3     = HO2     + NO2          1.342E+07
 217) NO3     + HV      = NO2     + O            1.775E+10
 224) O       + N2O5    = NO2     + NO2     O2   2.492E+04
 226) N2O5    + M       = NO3     + NO2          3.489E+05
 227) NO2     + NO3     = NO      + NO2     O2   2.401E+04
 229) NO3     + NO3     = NO2     + NO2     O2   2.082E-01
 231) O       + HO2NO2  = OH      + NO2     O2   6.211E+04
 232) OH      + HO2NO2  = H2O     + NO2     O2   3.573E+09
 233) HO2NO2  + M       = HO2     + NO2          1.209E+10
 234) HO2NO2  + HV      = HO2     + NO2          2.628E+09
 236) N2O5    + HV      = NO3     + NO2          3.028E+07

NO2                    LOSS RXS                INT RX RATE    TL =  1.25E+13
  64) NO2     + HV      = NO      + O1D          1.044E+09
  65) NO2     + HV      = NO      + O            1.154E+13
  93) NO2     + O       = NO      + O2           9.533E+11
  94) NO2     + OH      = HNO3    +              1.083E+10
  95) NO2     + H       = NO      + OH           3.117E+07
 173) SO      + NO2     = SO2     + NO           2.654E+07
 177) HS      + NO2     = HSO     + NO           6.777E+05
 214) O       + NO2     = NO3     +              1.481E+10
 218) N       + NO2     = N2O     + O            2.432E+06
 225) NO2     + NO3     = N2O5    +              1.537E+08
 227) NO2     + NO3     = NO      + NO2     O2   2.401E+04
 228) NO2     + O3      = NO3     + O2           7.223E+09
 230) HO2     + NO2     = HO2NO2  +              1.900E+10
 239) HO2     + NO2     = HNO2    + O2           1.205E+07

HNO                 PRODUCTION RXS              INT RX RATE    TP =  2.35E+05
  83) H       + NO      = HNO     +              3.578E+04
  97) HCO     + NO      = HNO     + CO           4.296E+02
 186) HSO     + NO      = HNO     + SO           1.991E+05

HNO                    LOSS RXS                INT RX RATE    TL =  2.35E+05
  81) CH3     + HNO     = CH4     + NO           2.503E-06
  98) HNO     + HV      = NO      + H            1.947E+05
  99) H       + HNO     = H2      + NO           2.684E+01
 100) O       + HNO     = OH      + NO           3.405E+04
 101) OH      + HNO     = H2O     + NO           6.132E+03
 115) C2H5    + HNO     = C2H6    + NO           8.140E-18

H2S                 PRODUCTION RXS              INT RX RATE    TP =  1.08E+06
 138) HS      + HO2     = H2S     + O2           3.663E+05
 139) HS      + HS      = H2S     + S            1.661E+00
 140) HS      + HCO     = H2S     + CO           6.726E-05
 151) HS      + H2CO    = H2S     + HCO          6.532E+05
 190) HSO     + HS      = H2S     + SO           6.507E+04

H2S                    LOSS RXS                INT RX RATE    TL =  2.01E+08
 118) H2S     + HV      = HS      + H            2.091E+03
 133) H2S     + OH      = H2O     + HS           1.733E+08
 134) H2S     + H       = H2      + HS           1.717E+01
 135) H2S     + O       = OH      + HS           2.866E+03
 205) H2S     + HO2     = H2O     + HSO          2.773E+07

HS                  PRODUCTION RXS              INT RX RATE    TP =  1.73E+08
 118) H2S     + HV      = HS      + H            2.091E+03
 133) H2S     + OH      = H2O     + HS           1.733E+08
 134) H2S     + H       = H2      + HS           1.717E+01
 135) H2S     + O       = OH      + HS           2.866E+03
 145) S       + HCO     = HS      + CO           3.389E-14
 146) S       + HO2     = HS      + O2           6.426E-07
 185) HSO     + HV      = HS      + O            1.702E+03
 188) HSO     + H       = HS      + OH           5.714E+01
 192) HSO     + S       = HS      + SO           1.481E-09
 194) H       + OCS     = CO      + HS           4.119E-11
 199) OCS     + OH      = CO2     + HS           1.282E-05

HS                     LOSS RXS                INT RX RATE    TL =  1.73E+08
 136) HS      + O       = H       + SO           1.289E+02
 137) HS      + O2      = OH      + SO           4.251E+07
 138) HS      + HO2     = H2S     + O2           3.663E+05
 139) HS      + HS      = H2S     + S            1.661E+00
 140) HS      + HCO     = H2S     + CO           6.726E-05
 141) HS      + H       = H2      + S            1.927E-03
 142) HS      + S       = H       + S2           6.932E-15
 151) HS      + H2CO    = H2S     + HCO          6.532E+05
 176) HS      + O3      = HSO     + O2           1.291E+08
 177) HS      + NO2     = HSO     + NO           6.777E+05
 190) HSO     + HS      = H2S     + SO           6.507E+04
 195) HS      + CO      = OCS     + H            2.521E-05

S                   PRODUCTION RXS              INT RX RATE    TP =  2.96E+03
 117) SO      + HV      = S       + O            2.960E+03
 139) HS      + HS      = H2S     + S            1.661E+00
 141) HS      + H       = H2      + S            1.927E-03
 150) S2      + O       = S       + SO           2.163E-17
 152) S2      + HV      = S       + S            6.911E-15
 159) S3      + HV      = S2      + S            2.252E-33
 179) SO      + SO      = SO2     + S            1.165E-02
 197) O       + OCS     = S       + CO2          8.148E-12
 202) OCS     + HV      = CO      + S            1.032E-05

S                      LOSS RXS                INT RX RATE    TL =  2.96E+03
 142) HS      + S       = H       + S2           6.932E-15
 143) S       + O2      = SO      + O            2.961E+03
 144) S       + OH      = SO      + H            3.529E-06
 145) S       + HCO     = HS      + CO           3.389E-14
 146) S       + HO2     = HS      + O2           6.426E-07
 147) S       + HO2     = SO      + OH           6.426E-07
 148) S       + S       = S2      +              5.847E-25
 154) S       + S2      = S3      +              2.252E-33
 156) S       + S3      = S4      +              2.074E-54
 178) S       + O3      = SO      + O2           7.631E-01
 181) S       + CO2     = SO      + CO           6.689E-08
 192) HSO     + S       = HS      + SO           1.481E-09
 198) OCS     + S       = CO      + S2           2.495E-19
 200) S       + HCO     = OCS     + H            2.711E-13
 201) S       + CO      = OCS     +              1.762E-09
 206) OCS     + S       = OCS2    +              1.979E-19
 207) OCS2    + S       = OCS     + S2           7.517E-37

SO                  PRODUCTION RXS              INT RX RATE    TP =  1.01E+09
 119) SO2     + HV      = SO      + O            8.319E+08
 136) HS      + O       = H       + SO           1.289E+02
 137) HS      + O2      = OH      + SO           4.251E+07
 143) S       + O2      = SO      + O            2.961E+03
 144) S       + OH      = SO      + H            3.529E-06
 147) S       + HO2     = SO      + OH           6.426E-07
 150) S2      + O       = S       + SO           2.163E-17
 169) SO21    + SO2     = SO3     + SO           1.556E+02
 172) SO23    + SO2     = SO3     + SO           1.980E+01
 178) S       + O3      = SO      + O2           7.631E-01
 181) S       + CO2     = SO      + CO           6.689E-08
 186) HSO     + NO      = HNO     + SO           1.991E+05
 187) HSO     + OH      = H2O     + SO           1.331E+08
 189) HSO     + H       = H2      + SO           2.857E+01
 190) HSO     + HS      = H2S     + SO           6.507E+04
 191) HSO     + O       = OH      + SO           9.758E+05
 192) HSO     + S       = HS      + SO           1.481E-09
 196) O       + OCS     = CO      + SO           2.033E-06

SO                     LOSS RXS                INT RX RATE    TL =  1.01E+09
 117) SO      + HV      = S       + O            2.960E+03
 122) SO      + O2      = O       + SO2          8.609E+08
 123) SO      + HO2     = SO2     + OH           3.469E+05
 124) SO      + O       = SO2     +              9.057E+03
 125) SO      + OH      = SO2     + H            1.887E+05
 173) SO      + NO2     = SO2     + NO           2.654E+07
 174) SO      + O3      = SO2     + O2           1.205E+08
 179) SO      + SO      = SO2     + S            1.165E-02
 180) SO3     + SO      = SO2     + SO2          1.645E-02
 182) SO      + HO2     = HSO     + O2           3.469E+05
 183) SO      + HCO     = HSO     + CO           3.007E-05
 184) H       + SO      = HSO     +              3.199E-04

SO2                 PRODUCTION RXS              INT RX RATE    TP =  6.41E+11
 122) SO      + O2      = O       + SO2          8.609E+08
 123) SO      + HO2     = SO2     + OH           3.469E+05
 124) SO      + O       = SO2     +              9.057E+03
 125) SO      + OH      = SO2     + H            1.887E+05
 163) SO3     + HV      = SO2     + O            7.701E+02
 165) SO21    + M       = SO2     + M            5.769E+11
 167) SO21    + HV      = SO2     + HV           1.976E+08
 170) SO23    + M       = SO2     + M            6.314E+10
 171) SO23    + HV      = SO2     + HV           7.164E+07
 173) SO      + NO2     = SO2     + NO           2.654E+07
 174) SO      + O3      = SO2     + O2           1.205E+08
 179) SO      + SO      = SO2     + S            1.165E-02
 180) SO3     + SO      = SO2     + SO2          1.645E-02

SO2                    LOSS RXS                INT RX RATE    TL =  6.49E+11
 119) SO2     + HV      = SO      + O            8.319E+08
 120) SO2     + HV      = SO21    +              6.348E+11
 121) SO2     + HV      = SO23    +              5.505E+09
 126) SO2     + OH      = HSO3    +              6.487E+09
 127) SO2     + O       = SO3     +              6.286E+06
 169) SO21    + SO2     = SO3     + SO           1.556E+02
 172) SO23    + SO2     = SO3     + SO           1.980E+01
 175) SO2     + HO2     = SO3     + OH           7.137E+05

H2SO4               PRODUCTION RXS              INT RX RATE    TP =  6.49E+09
 128) SO3     + H2O     = H2SO4   +              6.494E+09

H2SO4                  LOSS RXS                INT RX RATE    TL =  6.40E+09

HSO                 PRODUCTION RXS              INT RX RATE    TP =  1.58E+08
 176) HS      + O3      = HSO     + O2           1.291E+08
 177) HS      + NO2     = HSO     + NO           6.777E+05
 182) SO      + HO2     = HSO     + O2           3.469E+05
 183) SO      + HCO     = HSO     + CO           3.007E-05
 184) H       + SO      = HSO     +              3.199E-04
 205) H2S     + HO2     = H2O     + HSO          2.773E+07

HSO                    LOSS RXS                INT RX RATE    TL =  1.38E+08
 185) HSO     + HV      = HS      + O            1.702E+03
 186) HSO     + NO      = HNO     + SO           1.991E+05
 187) HSO     + OH      = H2O     + SO           1.331E+08
 188) HSO     + H       = HS      + OH           5.714E+01
 189) HSO     + H       = H2      + SO           2.857E+01
 190) HSO     + HS      = H2S     + SO           6.507E+04
 191) HSO     + O       = OH      + SO           9.758E+05
 192) HSO     + S       = HS      + SO           1.481E-09

S2                  PRODUCTION RXS              INT RX RATE    TP =  6.93E-15
 142) HS      + S       = H       + S2           6.932E-15
 148) S       + S       = S2      +              5.847E-25
 158) S4      + HV      = S2      + S2           1.871E-36
 159) S3      + HV      = S2      + S            2.252E-33
 198) OCS     + S       = CO      + S2           2.495E-19
 207) OCS2    + S       = OCS     + S2           7.517E-37

S2                     LOSS RXS                INT RX RATE    TL =  6.93E-15
 150) S2      + O       = S       + SO           2.163E-17
 152) S2      + HV      = S       + S            6.911E-15
 154) S       + S2      = S3      +              2.252E-33
 155) S2      + S2      = S4      +              1.871E-36

S4                  PRODUCTION RXS              INT RX RATE    TP =  1.87E-36
 155) S2      + S2      = S4      +              1.871E-36
 156) S       + S3      = S4      +              2.074E-54
 162) S8      + HV      = S4      + S4           1.723E-86

S4                     LOSS RXS                INT RX RATE    TL =  1.87E-36
 157) S4      + S4      = S8      +              1.723E-86
 158) S4      + HV      = S2      + S2           1.871E-36

S8                  PRODUCTION RXS              INT RX RATE    TP =  1.72E-86
 157) S4      + S4      = S8      +              1.723E-86

S8                     LOSS RXS                INT RX RATE    TL =  1.72E-86
 162) S8      + HV      = S4      + S4           1.723E-86

SO3                 PRODUCTION RXS              INT RX RATE    TP =  6.49E+09
 127) SO2     + O       = SO3     +              6.286E+06
 129) HSO3    + O2      = HO2     + SO3          6.487E+09
 130) HSO3    + OH      = H2O     + SO3          5.187E-01
 131) HSO3    + H       = H2      + SO3          3.605E-07
 132) HSO3    + O       = OH      + SO3          5.926E-01
 168) SO21    + O2      = SO3     + O            1.817E+05
 169) SO21    + SO2     = SO3     + SO           1.556E+02
 172) SO23    + SO2     = SO3     + SO           1.980E+01
 175) SO2     + HO2     = SO3     + OH           7.137E+05

SO3                    LOSS RXS                INT RX RATE    TL =  6.49E+09
 128) SO3     + H2O     = H2SO4   +              6.494E+09
 163) SO3     + HV      = SO2     + O            7.701E+02
 180) SO3     + SO      = SO2     + SO2          1.645E-02

OCS                 PRODUCTION RXS              INT RX RATE    TP =  2.52E-05
 195) HS      + CO      = OCS     + H            2.521E-05
 200) S       + HCO     = OCS     + H            2.711E-13
 201) S       + CO      = OCS     +              1.762E-09
 207) OCS2    + S       = OCS     + S2           7.517E-37
 210) OCS2    + CO      = OCS     + OCS          1.979E-19

OCS                    LOSS RXS                INT RX RATE    TL =  2.52E-05
 194) H       + OCS     = CO      + HS           4.119E-11
 196) O       + OCS     = CO      + SO           2.033E-06
 197) O       + OCS     = S       + CO2          8.148E-12
 198) OCS     + S       = CO      + S2           2.495E-19
 199) OCS     + OH      = CO2     + HS           1.282E-05
 202) OCS     + HV      = CO      + S            1.032E-05
 206) OCS     + S       = OCS2    +              1.979E-19

S3                  PRODUCTION RXS              INT RX RATE    TP =  2.25E-33
 154) S       + S2      = S3      +              2.252E-33

S3                     LOSS RXS                INT RX RATE    TL =  2.25E-33
 156) S       + S3      = S4      +              2.074E-54
 159) S3      + HV      = S2      + S            2.252E-33

O3                  PRODUCTION RXS              INT RX RATE    TP =  2.24E+15
  18) O       + O2      = O3      +              2.240E+15

O3                     LOSS RXS                INT RX RATE    TL =  2.24E+15
   5) H       + O3      = OH      + O2           5.761E+11
  12) OH      + O3      = HO2     + O2           4.115E+11
  14) HO2     + O3      = OH      + O2      O2   1.196E+11
  19) O       + O3      = O2      + O2           5.291E+11
  28) O3      + HV      = O2      + O1D          6.670E+14
  29) O3      + HV      = O2      + O            1.559E+15
  30) O3      + HV      = O       + O       O    3.147E+11
  86) N       + O3      = NO      + O2           2.200E+05
  89) NO      + O3      = NO2     + O2           1.223E+13
 174) SO      + O3      = SO2     + O2           1.205E+08
 176) HS      + O3      = HSO     + O2           1.291E+08
 178) S       + O3      = SO      + O2           7.631E-01
 228) NO2     + O3      = NO3     + O2           7.223E+09

HNO3                PRODUCTION RXS              INT RX RATE    TP =  1.08E+10
  94) NO2     + OH      = HNO3    +              1.083E+10

HNO3                   LOSS RXS                INT RX RATE    TL =  1.08E+10
  60) HNO3    + HV      = NO2     + OH           7.347E+09
  61) HNO3    + HV      = HNO2    + O            4.075E+08
  62) HNO3    + HV      = HNO2    + O1D          2.926E+08
  96) HNO3    + OH      = H2O     + NO3          2.372E+09
 238) O       + HNO3    = OH      + NO3          1.414E+06

N                   PRODUCTION RXS              INT RX RATE    TP =  8.52E+07
  63) NO      + HV      = N       + O            8.518E+07

N                      LOSS RXS                INT RX RATE    TL =  1.85E+08
  84) N       + N       = N2      +              4.000E+03
  85) N       + O2      = NO      + O            8.027E+07
  86) N       + O3      = NO      + O2           2.200E+05
  87) N       + OH      = NO      + H            3.451E+07
  88) N       + NO      = N2      + O            6.533E+07
 218) N       + NO2     = N2O     + O            2.432E+06
 223) N       + HO2     = NO      + OH           2.413E+06

NO3                 PRODUCTION RXS              INT RX RATE    TP =  2.52E+10
  96) HNO3    + OH      = H2O     + NO3          2.372E+09
 214) O       + NO2     = NO3     +              1.481E+10
 226) N2O5    + M       = NO3     + NO2          3.489E+05
 228) NO2     + O3      = NO3     + O2           7.223E+09
 235) HO2NO2  + HV      = OH      + NO3          6.800E+08
 236) N2O5    + HV      = NO3     + NO2          3.028E+07
 237) N2O5    + HV      = NO3     + NO      O    1.231E+08
 238) O       + HNO3    = OH      + NO3          1.414E+06

NO3                    LOSS RXS                INT RX RATE    TL =  2.52E+10
 211) O       + NO3     = O2      + NO2          1.298E+08
 212) HO2     + NO3     = OH      + NO2     O2   7.881E+06
 213) NO      + NO3     = NO2     + NO2          4.828E+09
 215) OH      + NO3     = HO2     + NO2          1.342E+07
 216) NO3     + HV      = NO      + O2           2.353E+09
 217) NO3     + HV      = NO2     + O            1.775E+10
 225) NO2     + NO3     = N2O5    +              1.537E+08
 227) NO2     + NO3     = NO      + NO2     O2   2.401E+04
 229) NO3     + NO3     = NO2     + NO2     O2   2.082E-01

N2O                 PRODUCTION RXS              INT RX RATE    TP =  2.43E+06
 218) N       + NO2     = N2O     + O            2.432E+06

N2O                    LOSS RXS                INT RX RATE    TL =  2.64E+09
 220) O1D     + N2O     = N2      + O2           3.906E+07
 221) O1D     + N2O     = NO      + NO           6.112E+07
 222) N2O     + HV      = N2      + O1D          2.519E+09

HO2NO2              PRODUCTION RXS              INT RX RATE    TP =  1.90E+10
 230) HO2     + NO2     = HO2NO2  +              1.900E+10

HO2NO2                 LOSS RXS                INT RX RATE    TL =  1.90E+10
 231) O       + HO2NO2  = OH      + NO2     O2   6.211E+04
 232) OH      + HO2NO2  = H2O     + NO2     O2   3.573E+09
 233) HO2NO2  + M       = HO2     + NO2          1.209E+10
 234) HO2NO2  + HV      = HO2     + NO2          2.628E+09
 235) HO2NO2  + HV      = OH      + NO3          6.800E+08

N2O5                PRODUCTION RXS              INT RX RATE    TP =  1.54E+08
 225) NO2     + NO3     = N2O5    +              1.537E+08

N2O5                   LOSS RXS                INT RX RATE    TL =  1.54E+08
 224) O       + N2O5    = NO2     + NO2     O2   2.492E+04
 226) N2O5    + M       = NO3     + NO2          3.489E+05
 236) N2O5    + HV      = NO3     + NO2          3.028E+07
 237) N2O5    + HV      = NO3     + NO      O    1.231E+08

CO2                 PRODUCTION RXS              INT RX RATE    TP =  2.30E+11
  35) O       + HCO     = H       + CO2          1.306E+06
  40) CO      + OH      = CO2     + H            2.299E+11
  41) CO      + O       = CO2     +              1.697E+06
 197) O       + OCS     = S       + CO2          8.148E-12
 199) OCS     + OH      = CO2     + HS           1.282E-05

CO2                    LOSS RXS                INT RX RATE    TL =  4.26E+09
  38) CO2     + HV      = CO      + O            1.906E+09
  39) CO2     + HV      = CO      + O1D          2.357E+09
 105) CH21    + CO2     = H2CO    + CO           1.428E+03
 107) CH23    + CO2     = H2CO    + CO           4.690E+03
 181) S       + CO2     = SO      + CO           6.689E-08

SO4AER              PRODUCTION RXS              INT RX RATE    TP =  6.21E+09

SO4AER                 LOSS RXS                INT RX RATE    TL =  6.14E+09

S8AER               PRODUCTION RXS              INT RX RATE    TP =  0.00E+00

S8AER                  LOSS RXS                INT RX RATE    TL =  1.71E-19

HNO2                PRODUCTION RXS              INT RX RATE    TP =  0.00E+00
  61) HNO3    + HV      = HNO2    + O            4.075E+08
  62) HNO3    + HV      = HNO2    + O1D          2.926E+08
  92) NO      + OH      = HNO2    +              4.969E+09
 239) HO2     + NO2     = HNO2    + O2           1.205E+07

HNO2                   LOSS RXS                INT RX RATE    TL =  0.00E+00
  59) HNO2    + HV      = NO      + OH           5.619E+09
 102) HNO2    + OH      = H2O     + NO2          6.192E+07

O1D                 PRODUCTION RXS              INT RX RATE    TP =  0.00E+00
  23) O2      + HV      = O       + O1D          2.982E+11
  26) H2O     + HV      = H2      + O1D          6.254E+08
  28) O3      + HV      = O2      + O1D          6.670E+14
  39) CO2     + HV      = CO      + O1D          2.357E+09
  62) HNO3    + HV      = HNO2    + O1D          2.926E+08
  64) NO2     + HV      = NO      + O1D          1.044E+09
 222) N2O     + HV      = N2      + O1D          2.519E+09

O1D                    LOSS RXS                INT RX RATE    TL =  0.00E+00
   1) H2O     + O1D     = OH      + OH           6.807E+10
   2) H2      + O1D     = OH      + H            1.266E+09
  21) O1D     + N2      = O       + N2           6.417E+14
  22) O1D     + O2      = O       + O2           2.554E+13
  67) CH4     + O1D     = CH3     + OH           1.599E+09
  68) CH4     + O1D     = H2CO    + H2           1.066E+08
 110) C2H6    + O1D     = C2H5    + OH           1.287E-02
 203) CO      + O1D     = CO      + O            2.615E+07
 220) O1D     + N2O     = N2      + O2           3.906E+07
 221) O1D     + N2O     = NO      + NO           6.112E+07

CH21                PRODUCTION RXS              INT RX RATE    TP =  0.00E+00
  54) CH4     + HV      = CH21    + H2           7.436E+07
  58) C2H6    + HV      = CH4     + CH21         1.549E-01
  78) CH3     + HV      = CH21    + H            2.160E+04

CH21                   LOSS RXS                INT RX RATE    TL =  0.00E+00
  69) CH21    + CH4     = CH3     + CH3          3.253E+01
  70) CH21    + O2      = HCO     + OH           7.467E+06
  71) CH21    + N2      = CH23    + N2           6.691E+07
 104) CH21    + H2      = CH3     + H            4.153E+03
 105) CH21    + CO2     = H2CO    + CO           1.428E+03

CH23                PRODUCTION RXS              INT RX RATE    TP =  0.00E+00
  56) CH4     + HV      = CH23    + H       H    1.366E+07
  71) CH21    + N2      = CH23    + N2           6.691E+07

CH23                   LOSS RXS                INT RX RATE    TL =  0.00E+00
  72) CH23    + H2      = CH3     + H            5.362E+02
  73) CH23    + CH4     = CH3     + CH3          4.317E-08
  74) CH23    + O2      = HCO     + OH           7.963E+07
 106) CH23    + O       = HCO     + H            9.344E+05
 107) CH23    + CO2     = H2CO    + CO           4.690E+03

C2H5                PRODUCTION RXS              INT RX RATE    TP =  0.00E+00
 108) C2H6    + OH      = C2H5    + H2O          6.341E-01
 109) C2H6    + O       = C2H5    + OH           3.511E-02
 110) C2H6    + O1D     = C2H5    + OH           1.287E-02

C2H5                   LOSS RXS                INT RX RATE    TL =  0.00E+00
 111) C2H5    + H       = CH3     + CH3          8.165E-05
 112) C2H5    + O       = CH3     + HCO     H    2.159E-02
 113) C2H5    + OH      = CH3     + HCO     H2   2.185E-06
 114) C2H5    + HCO     = C2H6    + CO           3.347E-13
 115) C2H5    + HNO     = C2H6    + NO           8.140E-18
 116) C2H5    + O2      = CH3     + HCO     OH   6.604E-01

SO21                PRODUCTION RXS              INT RX RATE    TP =  0.00E+00
 120) SO2     + HV      = SO21    +              6.348E+11

SO21                   LOSS RXS                INT RX RATE    TL =  0.00E+00
 164) SO21    + M       = SO23    + M            5.769E+10
 165) SO21    + M       = SO2     + M            5.769E+11
 166) SO21    + HV      = SO23    + HV           1.347E+07
 167) SO21    + HV      = SO2     + HV           1.976E+08
 168) SO21    + O2      = SO3     + O            1.817E+05
 169) SO21    + SO2     = SO3     + SO           1.556E+02

SO23                PRODUCTION RXS              INT RX RATE    TP =  0.00E+00
 121) SO2     + HV      = SO23    +              5.505E+09
 164) SO21    + M       = SO23    + M            5.769E+10
 166) SO21    + HV      = SO23    + HV           1.347E+07

SO23                   LOSS RXS                INT RX RATE    TL =  0.00E+00
 170) SO23    + M       = SO2     + M            6.314E+10
 171) SO23    + HV      = SO2     + HV           7.164E+07
 172) SO23    + SO2     = SO3     + SO           1.980E+01

HSO3                PRODUCTION RXS              INT RX RATE    TP =  0.00E+00
 126) SO2     + OH      = HSO3    +              6.487E+09

HSO3                   LOSS RXS                INT RX RATE    TL =  0.00E+00
 129) HSO3    + O2      = HO2     + SO3          6.487E+09
 130) HSO3    + OH      = H2O     + SO3          5.187E-01
 131) HSO3    + H       = H2      + SO3          3.605E-07
 132) HSO3    + O       = OH      + SO3          5.926E-01

OCS2                PRODUCTION RXS              INT RX RATE    TP =  0.00E+00
 206) OCS     + S       = OCS2    +              1.979E-19

OCS2                   LOSS RXS                INT RX RATE    TL =  0.00E+00
 207) OCS2    + S       = OCS     + S2           7.517E-37
 210) OCS2    + CO      = OCS     + OCS          1.979E-19

N2                  PRODUCTION RXS              INT RX RATE    TP =  0.00E+00
  21) O1D     + N2      = O       + N2           6.417E+14
  71) CH21    + N2      = CH23    + N2           6.691E+07
  84) N       + N       = N2      +              4.000E+03
  88) N       + NO      = N2      + O            6.533E+07
 220) O1D     + N2O     = N2      + O2           3.906E+07
 222) N2O     + HV      = N2      + O1D          2.519E+09

N2                     LOSS RXS                INT RX RATE    TL =  0.00E+00
  21) O1D     + N2      = O       + N2           6.417E+14
  71) CH21    + N2      = CH23    + N2           6.691E+07
