
O                   PRODUCTION RXS              INT RX RATE    TP =  2.37E+15
   8) H       + HO2     = H2O     + O            2.271E+08
  20) OH      + OH      = H2O     + O            5.389E+08
  21) O1D     + N2      = O       + N2           5.963E+14
  22) O1D     + O2      = O       + O2           7.684E+13
  23) O2      + HV      = O       + O1D          2.953E+11
  24) O2      + HV      = O       + O            4.991E+12
  27) H2O     + HV      = H       + H       O    2.999E+08
  29) O3      + HV      = O2      + O            1.661E+15
  30) O3      + HV      = O       + O       O    2.198E+11
  38) CO2     + HV      = CO      + O            8.823E+08
  53) HO2     + HV      = OH      + O            3.813E+09
  61) HNO3    + HV      = HNO2    + O            3.280E+08
  63) NO      + HV      = N       + O            1.250E+08
  65) NO2     + HV      = NO      + O            2.271E+13
  85) N       + O2      = NO      + O            1.516E+08
  88) N       + NO      = N2      + O            6.525E+07
 117) SO      + HV      = S       + O            4.120E+02
 119) SO2     + HV      = SO      + O            1.629E+08
 122) SO      + O2      = O       + SO2          3.285E+08
 143) S       + O2      = SO      + O            4.126E+02
 163) SO3     + HV      = SO2     + O            9.114E+02
 168) SO21    + O2      = SO3     + O            5.442E+05
 185) HSO     + HV      = HS      + O            5.369E+01
 203) CO      + O1D     = CO      + O            2.886E+07
 217) NO3     + HV      = NO2     + O            2.259E+10
 218) N       + NO2     = N2O     + O            1.059E+06
 237) N2O5    + HV      = NO3     + NO      O    2.343E+08

O                      LOSS RXS                INT RX RATE    TL =  2.37E+15
   3) H2      + O       = OH      + H            6.851E+07
  10) OH      + O       = H       + O2           2.641E+12
  13) HO2     + O       = OH      + O2           1.942E+12
  17) O       + O       = O2      +              3.714E+10
  18) O       + O2      = O3      +              2.360E+15
  19) O       + O3      = O2      + O2           8.087E+11
  35) O       + HCO     = H       + CO2          1.239E+06
  36) O       + HCO     = OH      + CO           1.239E+06
  41) CO      + O       = CO2     +              8.085E+05
  51) H2CO    + O       = HCO     + OH           4.509E+08
  52) H2O2    + O       = OH      + HO2          2.362E+06
  76) CH3     + O       = H2CO    + H            2.648E+07
  90) NO      + O       = NO2     +              7.360E+09
  93) NO2     + O       = NO      + O2           1.817E+12
 100) O       + HNO     = OH      + NO           5.678E+04
 103) CH4     + O       = CH3     + OH           6.616E+07
 106) CH23    + O       = HCO     + H            5.618E+05
 109) C2H6    + O       = C2H5    + OH           1.039E-02
 112) C2H5    + O       = CH3     + HCO     H    5.630E-03
 124) SO      + O       = SO2     +              4.656E+02
 127) SO2     + O       = SO3     +              2.598E+06
 132) HSO3    + O       = OH      + SO3          7.256E-02
 135) H2S     + O       = OH      + HS           1.012E+03
 136) HS      + O       = H       + SO           3.179E+01
 150) S2      + O       = S       + SO           2.015E-18
 191) HSO     + O       = OH      + SO           2.154E+05
 196) O       + OCS     = CO      + SO           9.331E-07
 197) O       + OCS     = S       + CO2          2.837E-12
 211) O       + NO3     = O2      + NO2          1.587E+08
 214) O       + NO2     = NO3     +              1.491E+10
 224) O       + N2O5    = NO2     + NO2     O2   3.511E+04
 231) O       + HO2NO2  = OH      + NO2     O2   8.543E+04
 238) O       + HNO3    = OH      + NO3          1.805E+06

O2                  PRODUCTION RXS              INT RX RATE    TP =  2.44E+15
   5) H       + O3      = OH      + O2           8.207E+11
   7) H       + HO2     = H2      + O2           9.793E+08
  10) OH      + O       = H       + O2           2.641E+12
  11) OH      + HO2     = H2O     + O2           4.860E+10
  12) OH      + O3      = HO2     + O2           4.451E+11
  13) HO2     + O       = OH      + O2           1.942E+12
  14) HO2     + O3      = OH      + O2      O2   1.184E+11
  15) HO2     + HO2     = H2O2    + O2           8.216E+10
  17) O       + O       = O2      +              3.714E+10
  19) O       + O3      = O2      + O2           8.087E+11
  22) O1D     + O2      = O       + O2           7.684E+13
  28) O3      + HV      = O2      + O1D          6.730E+14
  29) O3      + HV      = O2      + O            1.661E+15
  86) N       + O3      = NO      + O2           4.984E+04
  89) NO      + O3      = NO2     + O2           2.415E+13
  93) NO2     + O       = NO      + O2           1.817E+12
 138) HS      + HO2     = H2S     + O2           2.308E+05
 146) S       + HO2     = HS      + O2           2.648E-06
 174) SO      + O3      = SO2     + O2           1.247E+07
 176) HS      + O3      = HSO     + O2           9.555E+07
 178) S       + O3      = SO      + O2           4.066E-02
 182) SO      + HO2     = HSO     + O2           2.619E+04
 211) O       + NO3     = O2      + NO2          1.587E+08
 212) HO2     + NO3     = OH      + NO2     O2   9.501E+06
 216) NO3     + HV      = NO      + O2           2.971E+09
 220) O1D     + N2O     = N2      + O2           4.740E+07
 224) O       + N2O5    = NO2     + NO2     O2   3.511E+04
 227) NO2     + NO3     = NO      + NO2     O2   5.742E+04
 228) NO2     + O3      = NO3     + O2           1.623E+10
 229) NO3     + NO3     = NO2     + NO2     O2   3.802E-01
 231) O       + HO2NO2  = OH      + NO2     O2   8.543E+04
 232) OH      + HO2NO2  = H2O     + NO2     O2   3.746E+09
 239) HO2     + NO2     = HNO2    + O2           1.833E+07

O2                     LOSS RXS                INT RX RATE    TL =  2.44E+15
   6) H       + O2      = HO2     +              2.129E+12
  18) O       + O2      = O3      +              2.360E+15
  22) O1D     + O2      = O       + O2           7.684E+13
  23) O2      + HV      = O       + O1D          2.953E+11
  24) O2      + HV      = O       + O            4.991E+12
  47) HCO     + O2      = HO2     + CO           5.416E+10
  70) CH21    + O2      = HCO     + OH           7.103E+06
  74) CH23    + O2      = HCO     + OH           2.432E+07
  75) CH3     + O2      = H2CO    + OH           1.055E+11
  85) N       + O2      = NO      + O            1.516E+08
 116) C2H5    + O2      = CH3     + HCO     OH   4.552E-02
 122) SO      + O2      = O       + SO2          3.285E+08
 129) HSO3    + O2      = HO2     + SO3          6.708E+09
 137) HS      + O2      = OH      + SO           7.851E+07
 143) S       + O2      = SO      + O            4.126E+02
 168) SO21    + O2      = SO3     + O            5.442E+05

H2O                 PRODUCTION RXS              INT RX RATE    TP =  4.38E+10
   4) H2      + OH      = H2O     + H            3.317E+10
   8) H       + HO2     = H2O     + O            2.271E+08
  11) OH      + HO2     = H2O     + O2           4.860E+10
  16) H2O2    + OH      = HO2     + H2O          2.580E+10
  20) OH      + OH      = H2O     + O            5.389E+08
  34) OH      + HCO     = H2O     + CO           1.007E+02
  48) H2CO    + OH      = H2O     + HCO          2.455E+10
  49) H       + OH      = H2O     +              3.858E+05
  66) CH4     + OH      = CH3     + H2O          1.039E+11
  96) HNO3    + OH      = H2O     + NO3          3.274E+09
 101) OH      + HNO     = H2O     + NO           6.783E+03
 102) HNO2    + OH      = H2O     + NO2          7.319E+07
 108) C2H6    + OH      = C2H5    + H2O          3.891E-02
 130) HSO3    + OH      = H2O     + SO3          1.789E-01
 133) H2S     + OH      = H2O     + HS           1.754E+08
 187) HSO     + OH      = H2O     + SO           1.041E+08
 205) H2S     + HO2     = H2O     + HSO          2.527E+07
 232) OH      + HO2NO2  = H2O     + NO2     O2   3.746E+09

H2O                    LOSS RXS                INT RX RATE    TL =  3.23E+10
   1) H2O     + O1D     = OH      + OH           7.032E+10
  25) H2O     + HV      = H       + OH           4.189E+09
  26) H2O     + HV      = H2      + O1D          2.000E+08
  27) H2O     + HV      = H       + H       O    2.999E+08
 128) SO3     + H2O     = H2SO4   +              6.712E+09

H                   PRODUCTION RXS              INT RX RATE    TP =  2.96E+12
   2) H2      + O1D     = OH      + H            1.033E+09
   3) H2      + O       = OH      + H            6.851E+07
   4) H2      + OH      = H2O     + H            3.317E+10
  10) OH      + O       = H       + O2           2.641E+12
  25) H2O     + HV      = H       + OH           4.189E+09
  27) H2O     + HV      = H       + H       O    2.999E+08
  35) O       + HCO     = H       + CO2          1.239E+06
  40) CO      + OH      = CO2     + H            2.525E+11
  43) H2CO    + HV      = HCO     + H            2.912E+10
  44) HCO     + HV      = H       + CO           2.957E+03
  55) CH4     + HV      = CH3     + H            2.929E+07
  56) CH4     + HV      = CH23    + H       H    4.980E+06
  72) CH23    + H2      = CH3     + H            3.587E+01
  76) CH3     + O       = H2CO    + H            2.648E+07
  78) CH3     + HV      = CH21    + H            7.303E+03
  87) N       + OH      = NO      + H            6.209E+06
  98) HNO     + HV      = NO      + H            1.852E+05
 104) CH21    + H2      = CH3     + H            1.199E+03
 106) CH23    + O       = HCO     + H            5.618E+05
 112) C2H5    + O       = CH3     + HCO     H    5.630E-03
 118) H2S     + HV      = HS      + H            8.938E+00
 125) SO      + OH      = SO2     + H            1.627E+04
 136) HS      + O       = H       + SO           3.179E+01
 142) HS      + S       = H       + S2           5.556E-16
 144) S       + OH      = SO      + H            7.942E-05
 195) HS      + CO      = OCS     + H            1.581E-05
 200) S       + HCO     = OCS     + H            9.962E-12

H                      LOSS RXS                INT RX RATE    TL =  2.96E+12
   5) H       + O3      = OH      + O2           8.207E+11
   6) H       + O2      = HO2     +              2.129E+12
   7) H       + HO2     = H2      + O2           9.793E+08
   8) H       + HO2     = H2O     + O            2.271E+08
   9) H       + HO2     = OH      + OH           1.022E+10
  31) H       + CO      = HCO     +              9.503E+03
  32) H       + HCO     = H2      + CO           1.216E+04
  45) H2CO    + H       = H2      + HCO          1.100E+05
  46) H       + H       = H2      +              5.876E+05
  49) H       + OH      = H2O     +              3.858E+05
  79) CH3     + H       = CH4     +              6.473E+02
  83) H       + NO      = HNO     +              5.917E+04
  95) NO2     + H       = NO      + OH           9.029E+07
  99) H       + HNO     = H2      + NO           8.024E+00
 111) C2H5    + H       = CH3     + CH3          1.415E-05
 131) HSO3    + H       = H2      + SO3          2.116E-07
 134) H2S     + H       = H2      + HS           5.792E+00
 141) HS      + H       = H2      + S            1.442E-03
 184) H       + SO      = HSO     +              3.069E-03
 188) HSO     + H       = HS      + OH           1.497E+01
 189) HSO     + H       = H2      + SO           7.485E+00
 194) H       + OCS     = CO      + HS           1.185E-11

OH                  PRODUCTION RXS              INT RX RATE    TP =  3.61E+12
   1) H2O     + O1D     = OH      + OH           7.032E+10
   2) H2      + O1D     = OH      + H            1.033E+09
   3) H2      + O       = OH      + H            6.851E+07
   5) H       + O3      = OH      + O2           8.207E+11
   9) H       + HO2     = OH      + OH           1.022E+10
  13) HO2     + O       = OH      + O2           1.942E+12
  14) HO2     + O3      = OH      + O2      O2   1.184E+11
  25) H2O     + HV      = H       + OH           4.189E+09
  36) O       + HCO     = OH      + CO           1.239E+06
  37) H2O2    + HV      = OH      + OH           3.327E+10
  51) H2CO    + O       = HCO     + OH           4.509E+08
  52) H2O2    + O       = OH      + HO2          2.362E+06
  53) HO2     + HV      = OH      + O            3.813E+09
  59) HNO2    + HV      = NO      + OH           6.736E+09
  60) HNO3    + HV      = NO2     + OH           9.557E+09
  67) CH4     + O1D     = CH3     + OH           1.501E+09
  70) CH21    + O2      = HCO     + OH           7.103E+06
  74) CH23    + O2      = HCO     + OH           2.432E+07
  75) CH3     + O2      = H2CO    + OH           1.055E+11
  91) NO      + HO2     = NO2     + OH           3.672E+11
  95) NO2     + H       = NO      + OH           9.029E+07
 100) O       + HNO     = OH      + NO           5.678E+04
 103) CH4     + O       = CH3     + OH           6.616E+07
 109) C2H6    + O       = C2H5    + OH           1.039E-02
 110) C2H6    + O1D     = C2H5    + OH           1.867E-03
 116) C2H5    + O2      = CH3     + HCO     OH   4.552E-02
 123) SO      + HO2     = SO2     + OH           2.619E+04
 132) HSO3    + O       = OH      + SO3          7.256E-02
 135) H2S     + O       = OH      + HS           1.012E+03
 137) HS      + O2      = OH      + SO           7.851E+07
 147) S       + HO2     = SO      + OH           2.648E-06
 175) SO2     + HO2     = SO3     + OH           6.131E+05
 188) HSO     + H       = HS      + OH           1.497E+01
 191) HSO     + O       = OH      + SO           2.154E+05
 212) HO2     + NO3     = OH      + NO2     O2   9.501E+06
 223) N       + HO2     = NO      + OH           8.231E+05
 231) O       + HO2NO2  = OH      + NO2     O2   8.543E+04
 235) HO2NO2  + HV      = OH      + NO3          6.719E+08
 238) O       + HNO3    = OH      + NO3          1.805E+06

OH                     LOSS RXS                INT RX RATE    TL =  3.61E+12
   4) H2      + OH      = H2O     + H            3.317E+10
  10) OH      + O       = H       + O2           2.641E+12
  11) OH      + HO2     = H2O     + O2           4.860E+10
  12) OH      + O3      = HO2     + O2           4.451E+11
  16) H2O2    + OH      = HO2     + H2O          2.580E+10
  20) OH      + OH      = H2O     + O            5.389E+08
  34) OH      + HCO     = H2O     + CO           1.007E+02
  40) CO      + OH      = CO2     + H            2.525E+11
  48) H2CO    + OH      = H2O     + HCO          2.455E+10
  49) H       + OH      = H2O     +              3.858E+05
  50) OH      + OH      = H2O2    +              2.364E+07
  66) CH4     + OH      = CH3     + H2O          1.039E+11
  87) N       + OH      = NO      + H            6.209E+06
  92) NO      + OH      = HNO2    +              6.227E+09
  94) NO2     + OH      = HNO3    +              1.414E+10
  96) HNO3    + OH      = H2O     + NO3          3.274E+09
 101) OH      + HNO     = H2O     + NO           6.783E+03
 102) HNO2    + OH      = H2O     + NO2          7.319E+07
 108) C2H6    + OH      = C2H5    + H2O          3.891E-02
 113) C2H5    + OH      = CH3     + HCO     H2   9.827E-08
 125) SO      + OH      = SO2     + H            1.627E+04
 126) SO2     + OH      = HSO3    +              6.708E+09
 130) HSO3    + OH      = H2O     + SO3          1.789E-01
 133) H2S     + OH      = H2O     + HS           1.754E+08
 144) S       + OH      = SO      + H            7.942E-05
 187) HSO     + OH      = H2O     + SO           1.041E+08
 199) OCS     + OH      = CO2     + HS           1.107E-05
 215) OH      + NO3     = HO2     + NO2          1.660E+07
 232) OH      + HO2NO2  = H2O     + NO2     O2   3.746E+09

HO2                 PRODUCTION RXS              INT RX RATE    TP =  2.68E+12
   6) H       + O2      = HO2     +              2.129E+12
  12) OH      + O3      = HO2     + O2           4.451E+11
  16) H2O2    + OH      = HO2     + H2O          2.580E+10
  47) HCO     + O2      = HO2     + CO           5.416E+10
  52) H2O2    + O       = OH      + HO2          2.362E+06
 129) HSO3    + O2      = HO2     + SO3          6.708E+09
 215) OH      + NO3     = HO2     + NO2          1.660E+07
 233) HO2NO2  + M       = HO2     + NO2          1.926E+10
 234) HO2NO2  + HV      = HO2     + NO2          2.633E+09

HO2                    LOSS RXS                INT RX RATE    TL =  2.68E+12
   7) H       + HO2     = H2      + O2           9.793E+08
   8) H       + HO2     = H2O     + O            2.271E+08
   9) H       + HO2     = OH      + OH           1.022E+10
  11) OH      + HO2     = H2O     + O2           4.860E+10
  13) HO2     + O       = OH      + O2           1.942E+12
  14) HO2     + O3      = OH      + O2      O2   1.184E+11
  15) HO2     + HO2     = H2O2    + O2           8.216E+10
  53) HO2     + HV      = OH      + O            3.813E+09
  91) NO      + HO2     = NO2     + OH           3.672E+11
 123) SO      + HO2     = SO2     + OH           2.619E+04
 138) HS      + HO2     = H2S     + O2           2.308E+05
 146) S       + HO2     = HS      + O2           2.648E-06
 147) S       + HO2     = SO      + OH           2.648E-06
 175) SO2     + HO2     = SO3     + OH           6.131E+05
 182) SO      + HO2     = HSO     + O2           2.619E+04
 205) H2S     + HO2     = H2O     + HSO          2.527E+07
 212) HO2     + NO3     = OH      + NO2     O2   9.501E+06
 223) N       + HO2     = NO      + OH           8.231E+05
 230) HO2     + NO2     = HO2NO2  +              2.636E+10
 239) HO2     + NO2     = HNO2    + O2           1.833E+07

H2O2                PRODUCTION RXS              INT RX RATE    TP =  8.22E+10
  15) HO2     + HO2     = H2O2    + O2           8.216E+10
  50) OH      + OH      = H2O2    +              2.364E+07

H2O2                   LOSS RXS                INT RX RATE    TL =  7.68E+10
  16) H2O2    + OH      = HO2     + H2O          2.580E+10
  37) H2O2    + HV      = OH      + OH           3.327E+10
  52) H2O2    + O       = OH      + HO2          2.362E+06

H2                  PRODUCTION RXS              INT RX RATE    TP =  4.98E+10
   7) H       + HO2     = H2      + O2           9.793E+08
  26) H2O     + HV      = H2      + O1D          2.000E+08
  32) H       + HCO     = H2      + CO           1.216E+04
  42) H2CO    + HV      = H2      + CO           4.831E+10
  45) H2CO    + H       = H2      + HCO          1.100E+05
  46) H       + H       = H2      +              5.876E+05
  54) CH4     + HV      = CH21    + H2           2.700E+07
  68) CH4     + O1D     = H2CO    + H2           1.000E+08
  99) H       + HNO     = H2      + NO           8.024E+00
 113) C2H5    + OH      = CH3     + HCO     H2   9.827E-08
 131) HSO3    + H       = H2      + SO3          2.116E-07
 134) H2S     + H       = H2      + HS           5.792E+00
 141) HS      + H       = H2      + S            1.442E-03
 189) HSO     + H       = H2      + SO           7.485E+00

H2                     LOSS RXS                INT RX RATE    TL =  3.43E+10
   2) H2      + O1D     = OH      + H            1.033E+09
   3) H2      + O       = OH      + H            6.851E+07
   4) H2      + OH      = H2O     + H            3.317E+10
  72) CH23    + H2      = CH3     + H            3.587E+01
 104) CH21    + H2      = CH3     + H            1.199E+03

CO                  PRODUCTION RXS              INT RX RATE    TP =  1.04E+11
  32) H       + HCO     = H2      + CO           1.216E+04
  33) HCO     + HCO     = H2CO    + CO           1.228E-06
  34) OH      + HCO     = H2O     + CO           1.007E+02
  36) O       + HCO     = OH      + CO           1.239E+06
  38) CO2     + HV      = CO      + O            8.823E+08
  39) CO2     + HV      = CO      + O1D          9.086E+08
  42) H2CO    + HV      = H2      + CO           4.831E+10
  44) HCO     + HV      = H       + CO           2.957E+03
  47) HCO     + O2      = HO2     + CO           5.416E+10
  80) CH3     + HCO     = CH4     + CO           3.654E-04
  97) HCO     + NO      = HNO     + CO           3.803E+02
 105) CH21    + CO2     = H2CO    + CO           4.976E+02
 107) CH23    + CO2     = H2CO    + CO           3.884E+02
 114) C2H5    + HCO     = C2H6    + CO           1.163E-14
 140) HS      + HCO     = H2S     + CO           1.632E-05
 145) S       + HCO     = HS      + CO           1.245E-12
 181) S       + CO2     = SO      + CO           3.509E-09
 183) SO      + HCO     = HSO     + CO           1.333E-06
 194) H       + OCS     = CO      + HS           1.185E-11
 196) O       + OCS     = CO      + SO           9.331E-07
 198) OCS     + S       = CO      + S2           3.617E-21
 202) OCS     + HV      = CO      + S            3.787E-06
 203) CO      + O1D     = CO      + O            2.886E+07

CO                     LOSS RXS                INT RX RATE    TL =  2.53E+11
  31) H       + CO      = HCO     +              9.503E+03
  40) CO      + OH      = CO2     + H            2.525E+11
  41) CO      + O       = CO2     +              8.085E+05
 195) HS      + CO      = OCS     + H            1.581E-05
 201) S       + CO      = OCS     +              7.315E-11
 203) CO      + O1D     = CO      + O            2.886E+07
 210) OCS2    + CO      = OCS     + OCS          1.673E-21

HCO                 PRODUCTION RXS              INT RX RATE    TP =  5.42E+10
  31) H       + CO      = HCO     +              9.503E+03
  43) H2CO    + HV      = HCO     + H            2.912E+10
  45) H2CO    + H       = H2      + HCO          1.100E+05
  48) H2CO    + OH      = H2O     + HCO          2.455E+10
  51) H2CO    + O       = HCO     + OH           4.509E+08
  70) CH21    + O2      = HCO     + OH           7.103E+06
  74) CH23    + O2      = HCO     + OH           2.432E+07
  82) CH3     + H2CO    = CH4     + HCO          7.943E-05
 106) CH23    + O       = HCO     + H            5.618E+05
 112) C2H5    + O       = CH3     + HCO     H    5.630E-03
 113) C2H5    + OH      = CH3     + HCO     H2   9.827E-08
 116) C2H5    + O2      = CH3     + HCO     OH   4.552E-02
 151) HS      + H2CO    = H2S     + HCO          4.534E+05

HCO                    LOSS RXS                INT RX RATE    TL =  5.42E+10
  32) H       + HCO     = H2      + CO           1.216E+04
  33) HCO     + HCO     = H2CO    + CO           1.228E-06
  34) OH      + HCO     = H2O     + CO           1.007E+02
  35) O       + HCO     = H       + CO2          1.239E+06
  36) O       + HCO     = OH      + CO           1.239E+06
  44) HCO     + HV      = H       + CO           2.957E+03
  47) HCO     + O2      = HO2     + CO           5.416E+10
  80) CH3     + HCO     = CH4     + CO           3.654E-04
  97) HCO     + NO      = HNO     + CO           3.803E+02
 114) C2H5    + HCO     = C2H6    + CO           1.163E-14
 140) HS      + HCO     = H2S     + CO           1.632E-05
 145) S       + HCO     = HS      + CO           1.245E-12
 183) SO      + HCO     = HSO     + CO           1.333E-06
 200) S       + HCO     = OCS     + H            9.962E-12

H2CO                PRODUCTION RXS              INT RX RATE    TP =  1.06E+11
  33) HCO     + HCO     = H2CO    + CO           1.228E-06
  68) CH4     + O1D     = H2CO    + H2           1.000E+08
  75) CH3     + O2      = H2CO    + OH           1.055E+11
  76) CH3     + O       = H2CO    + H            2.648E+07
 105) CH21    + CO2     = H2CO    + CO           4.976E+02
 107) CH23    + CO2     = H2CO    + CO           3.884E+02

H2CO                   LOSS RXS                INT RX RATE    TL =  1.04E+11
  42) H2CO    + HV      = H2      + CO           4.831E+10
  43) H2CO    + HV      = HCO     + H            2.912E+10
  45) H2CO    + H       = H2      + HCO          1.100E+05
  48) H2CO    + OH      = H2O     + HCO          2.455E+10
  51) H2CO    + O       = HCO     + OH           4.509E+08
  82) CH3     + H2CO    = CH4     + HCO          7.943E-05
 151) HS      + H2CO    = H2S     + HCO          4.534E+05

CH4                 PRODUCTION RXS              INT RX RATE    TP =  6.47E+02
  58) C2H6    + HV      = CH4     + CH21         5.560E-03
  79) CH3     + H       = CH4     +              6.473E+02
  80) CH3     + HCO     = CH4     + CO           3.654E-04
  81) CH3     + HNO     = CH4     + NO           1.084E-06
  82) CH3     + H2CO    = CH4     + HCO          7.943E-05

CH4                    LOSS RXS                INT RX RATE    TL =  1.06E+11
  54) CH4     + HV      = CH21    + H2           2.700E+07
  55) CH4     + HV      = CH3     + H            2.929E+07
  56) CH4     + HV      = CH23    + H       H    4.980E+06
  66) CH4     + OH      = CH3     + H2O          1.039E+11
  67) CH4     + O1D     = CH3     + OH           1.501E+09
  68) CH4     + O1D     = H2CO    + H2           1.000E+08
  69) CH21    + CH4     = CH3     + CH3          9.820E+00
  73) CH23    + CH4     = CH3     + CH3          1.505E-08
 103) CH4     + O       = CH3     + OH           6.616E+07

CH3                 PRODUCTION RXS              INT RX RATE    TP =  1.05E+11
  55) CH4     + HV      = CH3     + H            2.929E+07
  66) CH4     + OH      = CH3     + H2O          1.039E+11
  67) CH4     + O1D     = CH3     + OH           1.501E+09
  69) CH21    + CH4     = CH3     + CH3          9.820E+00
  72) CH23    + H2      = CH3     + H            3.587E+01
  73) CH23    + CH4     = CH3     + CH3          1.505E-08
 103) CH4     + O       = CH3     + OH           6.616E+07
 104) CH21    + H2      = CH3     + H            1.199E+03
 111) C2H5    + H       = CH3     + CH3          1.415E-05
 112) C2H5    + O       = CH3     + HCO     H    5.630E-03
 113) C2H5    + OH      = CH3     + HCO     H2   9.827E-08
 116) C2H5    + O2      = CH3     + HCO     OH   4.552E-02

CH3                    LOSS RXS                INT RX RATE    TL =  1.05E+11
  75) CH3     + O2      = H2CO    + OH           1.055E+11
  76) CH3     + O       = H2CO    + H            2.648E+07
  77) CH3     + CH3     = C2H6    +              5.672E-02
  78) CH3     + HV      = CH21    + H            7.303E+03
  79) CH3     + H       = CH4     +              6.473E+02
  80) CH3     + HCO     = CH4     + CO           3.654E-04
  81) CH3     + HNO     = CH4     + NO           1.084E-06
  82) CH3     + H2CO    = CH4     + HCO          7.943E-05

C2H6                PRODUCTION RXS              INT RX RATE    TP =  5.67E-02
  77) CH3     + CH3     = C2H6    +              5.672E-02
 114) C2H5    + HCO     = C2H6    + CO           1.163E-14
 115) C2H5    + HNO     = C2H6    + NO           3.293E-19

C2H6                   LOSS RXS                INT RX RATE    TL =  5.67E-02
  58) C2H6    + HV      = CH4     + CH21         5.560E-03
 108) C2H6    + OH      = C2H5    + H2O          3.891E-02
 109) C2H6    + O       = C2H5    + OH           1.039E-02
 110) C2H6    + O1D     = C2H5    + OH           1.867E-03

NO                  PRODUCTION RXS              INT RX RATE    TP =  2.45E+13
  59) HNO2    + HV      = NO      + OH           6.736E+09
  64) NO2     + HV      = NO      + O1D          2.183E+09
  65) NO2     + HV      = NO      + O            2.271E+13
  81) CH3     + HNO     = CH4     + NO           1.084E-06
  85) N       + O2      = NO      + O            1.516E+08
  86) N       + O3      = NO      + O2           4.984E+04
  87) N       + OH      = NO      + H            6.209E+06
  93) NO2     + O       = NO      + O2           1.817E+12
  95) NO2     + H       = NO      + OH           9.029E+07
  98) HNO     + HV      = NO      + H            1.852E+05
  99) H       + HNO     = H2      + NO           8.024E+00
 100) O       + HNO     = OH      + NO           5.678E+04
 101) OH      + HNO     = H2O     + NO           6.783E+03
 115) C2H5    + HNO     = C2H6    + NO           3.293E-19
 173) SO      + NO2     = SO2     + NO           4.904E+06
 177) HS      + NO2     = HSO     + NO           6.688E+05
 216) NO3     + HV      = NO      + O2           2.971E+09
 221) O1D     + N2O     = NO      + NO           7.417E+07
 223) N       + HO2     = NO      + OH           8.231E+05
 227) NO2     + NO3     = NO      + NO2     O2   5.742E+04
 237) N2O5    + HV      = NO3     + NO      O    2.343E+08

NO                     LOSS RXS                INT RX RATE    TL =  2.45E+13
  63) NO      + HV      = N       + O            1.250E+08
  83) H       + NO      = HNO     +              5.917E+04
  88) N       + NO      = N2      + O            6.525E+07
  89) NO      + O3      = NO2     + O2           2.415E+13
  90) NO      + O       = NO2     +              7.360E+09
  91) NO      + HO2     = NO2     + OH           3.672E+11
  92) NO      + OH      = HNO2    +              6.227E+09
  97) HCO     + NO      = HNO     + CO           3.803E+02
 186) HSO     + NO      = HNO     + SO           1.896E+05
 213) NO      + NO3     = NO2     + NO2          9.341E+09

NO2                 PRODUCTION RXS              INT RX RATE    TP =  2.46E+13
  60) HNO3    + HV      = NO2     + OH           9.557E+09
  89) NO      + O3      = NO2     + O2           2.415E+13
  90) NO      + O       = NO2     +              7.360E+09
  91) NO      + HO2     = NO2     + OH           3.672E+11
 102) HNO2    + OH      = H2O     + NO2          7.319E+07
 211) O       + NO3     = O2      + NO2          1.587E+08
 212) HO2     + NO3     = OH      + NO2     O2   9.501E+06
 213) NO      + NO3     = NO2     + NO2          9.341E+09
 215) OH      + NO3     = HO2     + NO2          1.660E+07
 217) NO3     + HV      = NO2     + O            2.259E+10
 224) O       + N2O5    = NO2     + NO2     O2   3.511E+04
 226) N2O5    + M       = NO3     + NO2          1.324E+06
 227) NO2     + NO3     = NO      + NO2     O2   5.742E+04
 229) NO3     + NO3     = NO2     + NO2     O2   3.802E-01
 231) O       + HO2NO2  = OH      + NO2     O2   8.543E+04
 232) OH      + HO2NO2  = H2O     + NO2     O2   3.746E+09
 233) HO2NO2  + M       = HO2     + NO2          1.926E+10
 234) HO2NO2  + HV      = HO2     + NO2          2.633E+09
 236) N2O5    + HV      = NO3     + NO2          4.134E+07

NO2                    LOSS RXS                INT RX RATE    TL =  2.46E+13
  64) NO2     + HV      = NO      + O1D          2.183E+09
  65) NO2     + HV      = NO      + O            2.271E+13
  93) NO2     + O       = NO      + O2           1.817E+12
  94) NO2     + OH      = HNO3    +              1.414E+10
  95) NO2     + H       = NO      + OH           9.029E+07
 173) SO      + NO2     = SO2     + NO           4.904E+06
 177) HS      + NO2     = HSO     + NO           6.688E+05
 214) O       + NO2     = NO3     +              1.491E+10
 218) N       + NO2     = N2O     + O            1.059E+06
 225) NO2     + NO3     = N2O5    +              2.770E+08
 227) NO2     + NO3     = NO      + NO2     O2   5.742E+04
 228) NO2     + O3      = NO3     + O2           1.623E+10
 230) HO2     + NO2     = HO2NO2  +              2.636E+10
 239) HO2     + NO2     = HNO2    + O2           1.833E+07

HNO                 PRODUCTION RXS              INT RX RATE    TP =  2.49E+05
  83) H       + NO      = HNO     +              5.917E+04
  97) HCO     + NO      = HNO     + CO           3.803E+02
 186) HSO     + NO      = HNO     + SO           1.896E+05

HNO                    LOSS RXS                INT RX RATE    TL =  2.49E+05
  81) CH3     + HNO     = CH4     + NO           1.084E-06
  98) HNO     + HV      = NO      + H            1.852E+05
  99) H       + HNO     = H2      + NO           8.024E+00
 100) O       + HNO     = OH      + NO           5.678E+04
 101) OH      + HNO     = H2O     + NO           6.783E+03
 115) C2H5    + HNO     = C2H6    + NO           3.293E-19

H2S                 PRODUCTION RXS              INT RX RATE    TP =  7.13E+05
 138) HS      + HO2     = H2S     + O2           2.308E+05
 139) HS      + HS      = H2S     + S            6.390E-01
 140) HS      + HCO     = H2S     + CO           1.632E-05
 151) HS      + H2CO    = H2S     + HCO          4.534E+05
 190) HSO     + HS      = H2S     + SO           2.851E+04

H2S                    LOSS RXS                INT RX RATE    TL =  2.01E+08
 118) H2S     + HV      = HS      + H            8.938E+00
 133) H2S     + OH      = H2O     + HS           1.754E+08
 134) H2S     + H       = H2      + HS           5.792E+00
 135) H2S     + O       = OH      + HS           1.012E+03
 205) H2S     + HO2     = H2O     + HSO          2.527E+07

HS                  PRODUCTION RXS              INT RX RATE    TP =  1.75E+08
 118) H2S     + HV      = HS      + H            8.938E+00
 133) H2S     + OH      = H2O     + HS           1.754E+08
 134) H2S     + H       = H2      + HS           5.792E+00
 135) H2S     + O       = OH      + HS           1.012E+03
 145) S       + HCO     = HS      + CO           1.245E-12
 146) S       + HO2     = HS      + O2           2.648E-06
 185) HSO     + HV      = HS      + O            5.369E+01
 188) HSO     + H       = HS      + OH           1.497E+01
 192) HSO     + S       = HS      + SO           4.794E-11
 194) H       + OCS     = CO      + HS           1.185E-11
 199) OCS     + OH      = CO2     + HS           1.107E-05

HS                     LOSS RXS                INT RX RATE    TL =  1.75E+08
 136) HS      + O       = H       + SO           3.179E+01
 137) HS      + O2      = OH      + SO           7.851E+07
 138) HS      + HO2     = H2S     + O2           2.308E+05
 139) HS      + HS      = H2S     + S            6.390E-01
 140) HS      + HCO     = H2S     + CO           1.632E-05
 141) HS      + H       = H2      + S            1.442E-03
 142) HS      + S       = H       + S2           5.556E-16
 151) HS      + H2CO    = H2S     + HCO          4.534E+05
 176) HS      + O3      = HSO     + O2           9.555E+07
 177) HS      + NO2     = HSO     + NO           6.688E+05
 190) HSO     + HS      = H2S     + SO           2.851E+04
 195) HS      + CO      = OCS     + H            1.581E-05

S                   PRODUCTION RXS              INT RX RATE    TP =  4.13E+02
 117) SO      + HV      = S       + O            4.120E+02
 139) HS      + HS      = H2S     + S            6.390E-01
 141) HS      + H       = H2      + S            1.442E-03
 150) S2      + O       = S       + SO           2.015E-18
 152) S2      + HV      = S       + S            5.536E-16
 159) S3      + HV      = S2      + S            1.847E-35
 179) SO      + SO      = SO2     + S            1.042E-04
 197) O       + OCS     = S       + CO2          2.837E-12
 202) OCS     + HV      = CO      + S            3.787E-06

S                      LOSS RXS                INT RX RATE    TL =  4.13E+02
 142) HS      + S       = H       + S2           5.556E-16
 143) S       + O2      = SO      + O            4.126E+02
 144) S       + OH      = SO      + H            7.942E-05
 145) S       + HCO     = HS      + CO           1.245E-12
 146) S       + HO2     = HS      + O2           2.648E-06
 147) S       + HO2     = SO      + OH           2.648E-06
 148) S       + S       = S2      +              1.747E-25
 154) S       + S2      = S3      +              1.847E-35
 156) S       + S3      = S4      +              4.535E-59
 178) S       + O3      = SO      + O2           4.066E-02
 181) S       + CO2     = SO      + CO           3.509E-09
 192) HSO     + S       = HS      + SO           4.794E-11
 198) OCS     + S       = CO      + S2           3.617E-21
 200) S       + HCO     = OCS     + H            9.962E-12
 201) S       + CO      = OCS     +              7.315E-11
 206) OCS     + S       = OCS2    +              1.673E-21
 207) OCS2    + S       = OCS     + S2           2.815E-40

SO                  PRODUCTION RXS              INT RX RATE    TP =  3.46E+08
 119) SO2     + HV      = SO      + O            1.629E+08
 136) HS      + O       = H       + SO           3.179E+01
 137) HS      + O2      = OH      + SO           7.851E+07
 143) S       + O2      = SO      + O            4.126E+02
 144) S       + OH      = SO      + H            7.942E-05
 147) S       + HO2     = SO      + OH           2.648E-06
 150) S2      + O       = S       + SO           2.015E-18
 169) SO21    + SO2     = SO3     + SO           1.955E+02
 172) SO23    + SO2     = SO3     + SO           2.496E+01
 178) S       + O3      = SO      + O2           4.066E-02
 181) S       + CO2     = SO      + CO           3.509E-09
 186) HSO     + NO      = HNO     + SO           1.896E+05
 187) HSO     + OH      = H2O     + SO           1.041E+08
 189) HSO     + H       = H2      + SO           7.485E+00
 190) HSO     + HS      = H2S     + SO           2.851E+04
 191) HSO     + O       = OH      + SO           2.154E+05
 192) HSO     + S       = HS      + SO           4.794E-11
 196) O       + OCS     = CO      + SO           9.331E-07

SO                     LOSS RXS                INT RX RATE    TL =  3.46E+08
 117) SO      + HV      = S       + O            4.120E+02
 122) SO      + O2      = O       + SO2          3.285E+08
 123) SO      + HO2     = SO2     + OH           2.619E+04
 124) SO      + O       = SO2     +              4.656E+02
 125) SO      + OH      = SO2     + H            1.627E+04
 173) SO      + NO2     = SO2     + NO           4.904E+06
 174) SO      + O3      = SO2     + O2           1.247E+07
 179) SO      + SO      = SO2     + S            1.042E-04
 180) SO3     + SO      = SO2     + SO2          1.479E-03
 182) SO      + HO2     = HSO     + O2           2.619E+04
 183) SO      + HCO     = HSO     + CO           1.333E-06
 184) H       + SO      = HSO     +              3.069E-03

SO2                 PRODUCTION RXS              INT RX RATE    TP =  6.40E+11
 122) SO      + O2      = O       + SO2          3.285E+08
 123) SO      + HO2     = SO2     + OH           2.619E+04
 124) SO      + O       = SO2     +              4.656E+02
 125) SO      + OH      = SO2     + H            1.627E+04
 163) SO3     + HV      = SO2     + O            9.114E+02
 165) SO21    + M       = SO2     + M            5.759E+11
 167) SO21    + HV      = SO2     + HV           2.312E+08
 170) SO23    + M       = SO2     + M            6.330E+10
 171) SO23    + HV      = SO2     + HV           8.415E+07
 173) SO      + NO2     = SO2     + NO           4.904E+06
 174) SO      + O3      = SO2     + O2           1.247E+07
 179) SO      + SO      = SO2     + S            1.042E-04
 180) SO3     + SO      = SO2     + SO2          1.479E-03

SO2                    LOSS RXS                INT RX RATE    TL =  6.47E+11
 119) SO2     + HV      = SO      + O            1.629E+08
 120) SO2     + HV      = SO21    +              6.337E+11
 121) SO2     + HV      = SO23    +              5.787E+09
 126) SO2     + OH      = HSO3    +              6.708E+09
 127) SO2     + O       = SO3     +              2.598E+06
 169) SO21    + SO2     = SO3     + SO           1.955E+02
 172) SO23    + SO2     = SO3     + SO           2.496E+01
 175) SO2     + HO2     = SO3     + OH           6.131E+05

H2SO4               PRODUCTION RXS              INT RX RATE    TP =  6.71E+09
 128) SO3     + H2O     = H2SO4   +              6.712E+09

H2SO4                  LOSS RXS                INT RX RATE    TL =  6.61E+09

HSO                 PRODUCTION RXS              INT RX RATE    TP =  1.22E+08
 176) HS      + O3      = HSO     + O2           9.555E+07
 177) HS      + NO2     = HSO     + NO           6.688E+05
 182) SO      + HO2     = HSO     + O2           2.619E+04
 183) SO      + HCO     = HSO     + CO           1.333E-06
 184) H       + SO      = HSO     +              3.069E-03
 205) H2S     + HO2     = H2O     + HSO          2.527E+07

HSO                    LOSS RXS                INT RX RATE    TL =  1.07E+08
 185) HSO     + HV      = HS      + O            5.369E+01
 186) HSO     + NO      = HNO     + SO           1.896E+05
 187) HSO     + OH      = H2O     + SO           1.041E+08
 188) HSO     + H       = HS      + OH           1.497E+01
 189) HSO     + H       = H2      + SO           7.485E+00
 190) HSO     + HS      = H2S     + SO           2.851E+04
 191) HSO     + O       = OH      + SO           2.154E+05
 192) HSO     + S       = HS      + SO           4.794E-11

S2                  PRODUCTION RXS              INT RX RATE    TP =  5.56E-16
 142) HS      + S       = H       + S2           5.556E-16
 148) S       + S       = S2      +              1.747E-25
 158) S4      + HV      = S2      + S2           1.337E-38
 159) S3      + HV      = S2      + S            1.847E-35
 198) OCS     + S       = CO      + S2           3.617E-21
 207) OCS2    + S       = OCS     + S2           2.815E-40

S2                     LOSS RXS                INT RX RATE    TL =  5.56E-16
 150) S2      + O       = S       + SO           2.015E-18
 152) S2      + HV      = S       + S            5.536E-16
 154) S       + S2      = S3      +              1.847E-35
 155) S2      + S2      = S4      +              1.337E-38

S4                  PRODUCTION RXS              INT RX RATE    TP =  1.34E-38
 155) S2      + S2      = S4      +              1.337E-38
 156) S       + S3      = S4      +              4.535E-59
 162) S8      + HV      = S4      + S4           8.801E-91

S4                     LOSS RXS                INT RX RATE    TL =  1.34E-38
 157) S4      + S4      = S8      +              8.801E-91
 158) S4      + HV      = S2      + S2           1.337E-38

S8                  PRODUCTION RXS              INT RX RATE    TP =  8.80E-91
 157) S4      + S4      = S8      +              8.801E-91

S8                     LOSS RXS                INT RX RATE    TL =  8.80E-91
 162) S8      + HV      = S4      + S4           8.801E-91

SO3                 PRODUCTION RXS              INT RX RATE    TP =  6.71E+09
 127) SO2     + O       = SO3     +              2.598E+06
 129) HSO3    + O2      = HO2     + SO3          6.708E+09
 130) HSO3    + OH      = H2O     + SO3          1.789E-01
 131) HSO3    + H       = H2      + SO3          2.116E-07
 132) HSO3    + O       = OH      + SO3          7.256E-02
 168) SO21    + O2      = SO3     + O            5.442E+05
 169) SO21    + SO2     = SO3     + SO           1.955E+02
 172) SO23    + SO2     = SO3     + SO           2.496E+01
 175) SO2     + HO2     = SO3     + OH           6.131E+05

SO3                    LOSS RXS                INT RX RATE    TL =  6.71E+09
 128) SO3     + H2O     = H2SO4   +              6.712E+09
 163) SO3     + HV      = SO2     + O            9.114E+02
 180) SO3     + SO      = SO2     + SO2          1.479E-03

OCS                 PRODUCTION RXS              INT RX RATE    TP =  1.58E-05
 195) HS      + CO      = OCS     + H            1.581E-05
 200) S       + HCO     = OCS     + H            9.962E-12
 201) S       + CO      = OCS     +              7.315E-11
 207) OCS2    + S       = OCS     + S2           2.815E-40
 210) OCS2    + CO      = OCS     + OCS          1.673E-21

OCS                    LOSS RXS                INT RX RATE    TL =  1.58E-05
 194) H       + OCS     = CO      + HS           1.185E-11
 196) O       + OCS     = CO      + SO           9.331E-07
 197) O       + OCS     = S       + CO2          2.837E-12
 198) OCS     + S       = CO      + S2           3.617E-21
 199) OCS     + OH      = CO2     + HS           1.107E-05
 202) OCS     + HV      = CO      + S            3.787E-06
 206) OCS     + S       = OCS2    +              1.673E-21

S3                  PRODUCTION RXS              INT RX RATE    TP =  1.85E-35
 154) S       + S2      = S3      +              1.847E-35

S3                     LOSS RXS                INT RX RATE    TL =  1.85E-35
 156) S       + S3      = S4      +              4.535E-59
 159) S3      + HV      = S2      + S            1.847E-35

O3                  PRODUCTION RXS              INT RX RATE    TP =  2.36E+15
  18) O       + O2      = O3      +              2.360E+15

O3                     LOSS RXS                INT RX RATE    TL =  2.36E+15
   5) H       + O3      = OH      + O2           8.207E+11
  12) OH      + O3      = HO2     + O2           4.451E+11
  14) HO2     + O3      = OH      + O2      O2   1.184E+11
  19) O       + O3      = O2      + O2           8.087E+11
  28) O3      + HV      = O2      + O1D          6.730E+14
  29) O3      + HV      = O2      + O            1.661E+15
  30) O3      + HV      = O       + O       O    2.198E+11
  86) N       + O3      = NO      + O2           4.984E+04
  89) NO      + O3      = NO2     + O2           2.415E+13
 174) SO      + O3      = SO2     + O2           1.247E+07
 176) HS      + O3      = HSO     + O2           9.555E+07
 178) S       + O3      = SO      + O2           4.066E-02
 228) NO2     + O3      = NO3     + O2           1.623E+10

HNO3                PRODUCTION RXS              INT RX RATE    TP =  1.41E+10
  94) NO2     + OH      = HNO3    +              1.414E+10

HNO3                   LOSS RXS                INT RX RATE    TL =  1.40E+10
  60) HNO3    + HV      = NO2     + OH           9.557E+09
  61) HNO3    + HV      = HNO2    + O            3.280E+08
  62) HNO3    + HV      = HNO2    + O1D          2.355E+08
  96) HNO3    + OH      = H2O     + NO3          3.274E+09
 238) O       + HNO3    = OH      + NO3          1.805E+06

N                   PRODUCTION RXS              INT RX RATE    TP =  1.25E+08
  63) NO      + HV      = N       + O            1.250E+08

N                      LOSS RXS                INT RX RATE    TL =  2.25E+08
  84) N       + N       = N2      +              1.818E+02
  85) N       + O2      = NO      + O            1.516E+08
  86) N       + O3      = NO      + O2           4.984E+04
  87) N       + OH      = NO      + H            6.209E+06
  88) N       + NO      = N2      + O            6.525E+07
 218) N       + NO2     = N2O     + O            1.059E+06
 223) N       + HO2     = NO      + OH           8.231E+05

NO3                 PRODUCTION RXS              INT RX RATE    TP =  3.54E+10
  96) HNO3    + OH      = H2O     + NO3          3.274E+09
 214) O       + NO2     = NO3     +              1.491E+10
 226) N2O5    + M       = NO3     + NO2          1.324E+06
 228) NO2     + O3      = NO3     + O2           1.623E+10
 235) HO2NO2  + HV      = OH      + NO3          6.719E+08
 236) N2O5    + HV      = NO3     + NO2          4.134E+07
 237) N2O5    + HV      = NO3     + NO      O    2.343E+08
 238) O       + HNO3    = OH      + NO3          1.805E+06

NO3                    LOSS RXS                INT RX RATE    TL =  3.54E+10
 211) O       + NO3     = O2      + NO2          1.587E+08
 212) HO2     + NO3     = OH      + NO2     O2   9.501E+06
 213) NO      + NO3     = NO2     + NO2          9.341E+09
 215) OH      + NO3     = HO2     + NO2          1.660E+07
 216) NO3     + HV      = NO      + O2           2.971E+09
 217) NO3     + HV      = NO2     + O            2.259E+10
 225) NO2     + NO3     = N2O5    +              2.770E+08
 227) NO2     + NO3     = NO      + NO2     O2   5.742E+04
 229) NO3     + NO3     = NO2     + NO2     O2   3.802E-01

N2O                 PRODUCTION RXS              INT RX RATE    TP =  1.06E+06
 218) N       + NO2     = N2O     + O            1.059E+06

N2O                    LOSS RXS                INT RX RATE    TL =  1.54E+09
 220) O1D     + N2O     = N2      + O2           4.740E+07
 221) O1D     + N2O     = NO      + NO           7.417E+07
 222) N2O     + HV      = N2      + O1D          1.398E+09

HO2NO2              PRODUCTION RXS              INT RX RATE    TP =  2.64E+10
 230) HO2     + NO2     = HO2NO2  +              2.636E+10

HO2NO2                 LOSS RXS                INT RX RATE    TL =  2.64E+10
 231) O       + HO2NO2  = OH      + NO2     O2   8.543E+04
 232) OH      + HO2NO2  = H2O     + NO2     O2   3.746E+09
 233) HO2NO2  + M       = HO2     + NO2          1.926E+10
 234) HO2NO2  + HV      = HO2     + NO2          2.633E+09
 235) HO2NO2  + HV      = OH      + NO3          6.719E+08

N2O5                PRODUCTION RXS              INT RX RATE    TP =  2.77E+08
 225) NO2     + NO3     = N2O5    +              2.770E+08

N2O5                   LOSS RXS                INT RX RATE    TL =  2.77E+08
 224) O       + N2O5    = NO2     + NO2     O2   3.511E+04
 226) N2O5    + M       = NO3     + NO2          1.324E+06
 236) N2O5    + HV      = NO3     + NO2          4.134E+07
 237) N2O5    + HV      = NO3     + NO      O    2.343E+08

CO2                 PRODUCTION RXS              INT RX RATE    TP =  2.53E+11
  35) O       + HCO     = H       + CO2          1.239E+06
  40) CO      + OH      = CO2     + H            2.525E+11
  41) CO      + O       = CO2     +              8.085E+05
 197) O       + OCS     = S       + CO2          2.837E-12
 199) OCS     + OH      = CO2     + HS           1.107E-05

CO2                    LOSS RXS                INT RX RATE    TL =  1.79E+09
  38) CO2     + HV      = CO      + O            8.823E+08
  39) CO2     + HV      = CO      + O1D          9.086E+08
 105) CH21    + CO2     = H2CO    + CO           4.976E+02
 107) CH23    + CO2     = H2CO    + CO           3.884E+02
 181) S       + CO2     = SO      + CO           3.509E-09

SO4AER              PRODUCTION RXS              INT RX RATE    TP =  6.42E+09

SO4AER                 LOSS RXS                INT RX RATE    TL =  6.34E+09

S8AER               PRODUCTION RXS              INT RX RATE    TP =  0.00E+00

S8AER                  LOSS RXS                INT RX RATE    TL =  1.71E-19

HNO2                PRODUCTION RXS              INT RX RATE    TP =  0.00E+00
  61) HNO3    + HV      = HNO2    + O            3.280E+08
  62) HNO3    + HV      = HNO2    + O1D          2.355E+08
  92) NO      + OH      = HNO2    +              6.227E+09
 239) HO2     + NO2     = HNO2    + O2           1.833E+07

HNO2                   LOSS RXS                INT RX RATE    TL =  0.00E+00
  59) HNO2    + HV      = NO      + OH           6.736E+09
 102) HNO2    + OH      = H2O     + NO2          7.319E+07

O1D                 PRODUCTION RXS              INT RX RATE    TP =  0.00E+00
  23) O2      + HV      = O       + O1D          2.953E+11
  26) H2O     + HV      = H2      + O1D          2.000E+08
  28) O3      + HV      = O2      + O1D          6.730E+14
  39) CO2     + HV      = CO      + O1D          9.086E+08
  62) HNO3    + HV      = HNO2    + O1D          2.355E+08
  64) NO2     + HV      = NO      + O1D          2.183E+09
 222) N2O     + HV      = N2      + O1D          1.398E+09

O1D                    LOSS RXS                INT RX RATE    TL =  0.00E+00
   1) H2O     + O1D     = OH      + OH           7.032E+10
   2) H2      + O1D     = OH      + H            1.033E+09
  21) O1D     + N2      = O       + N2           5.963E+14
  22) O1D     + O2      = O       + O2           7.684E+13
  67) CH4     + O1D     = CH3     + OH           1.501E+09
  68) CH4     + O1D     = H2CO    + H2           1.000E+08
 110) C2H6    + O1D     = C2H5    + OH           1.867E-03
 203) CO      + O1D     = CO      + O            2.886E+07
 220) O1D     + N2O     = N2      + O2           4.740E+07
 221) O1D     + N2O     = NO      + NO           7.417E+07

CH21                PRODUCTION RXS              INT RX RATE    TP =  0.00E+00
  54) CH4     + HV      = CH21    + H2           2.700E+07
  58) C2H6    + HV      = CH4     + CH21         5.560E-03
  78) CH3     + HV      = CH21    + H            7.303E+03

CH21                   LOSS RXS                INT RX RATE    TL =  0.00E+00
  69) CH21    + CH4     = CH3     + CH3          9.820E+00
  70) CH21    + O2      = HCO     + OH           7.103E+06
  71) CH21    + N2      = CH23    + N2           1.991E+07
 104) CH21    + H2      = CH3     + H            1.199E+03
 105) CH21    + CO2     = H2CO    + CO           4.976E+02

CH23                PRODUCTION RXS              INT RX RATE    TP =  0.00E+00
  56) CH4     + HV      = CH23    + H       H    4.980E+06
  71) CH21    + N2      = CH23    + N2           1.991E+07

CH23                   LOSS RXS                INT RX RATE    TL =  0.00E+00
  72) CH23    + H2      = CH3     + H            3.587E+01
  73) CH23    + CH4     = CH3     + CH3          1.505E-08
  74) CH23    + O2      = HCO     + OH           2.432E+07
 106) CH23    + O       = HCO     + H            5.618E+05
 107) CH23    + CO2     = H2CO    + CO           3.884E+02

C2H5                PRODUCTION RXS              INT RX RATE    TP =  0.00E+00
 108) C2H6    + OH      = C2H5    + H2O          3.891E-02
 109) C2H6    + O       = C2H5    + OH           1.039E-02
 110) C2H6    + O1D     = C2H5    + OH           1.867E-03

C2H5                   LOSS RXS                INT RX RATE    TL =  0.00E+00
 111) C2H5    + H       = CH3     + CH3          1.415E-05
 112) C2H5    + O       = CH3     + HCO     H    5.630E-03
 113) C2H5    + OH      = CH3     + HCO     H2   9.827E-08
 114) C2H5    + HCO     = C2H6    + CO           1.163E-14
 115) C2H5    + HNO     = C2H6    + NO           3.293E-19
 116) C2H5    + O2      = CH3     + HCO     OH   4.552E-02

SO21                PRODUCTION RXS              INT RX RATE    TP =  0.00E+00
 120) SO2     + HV      = SO21    +              6.337E+11

SO21                   LOSS RXS                INT RX RATE    TL =  0.00E+00
 164) SO21    + M       = SO23    + M            5.759E+10
 165) SO21    + M       = SO2     + M            5.759E+11
 166) SO21    + HV      = SO23    + HV           1.576E+07
 167) SO21    + HV      = SO2     + HV           2.312E+08
 168) SO21    + O2      = SO3     + O            5.442E+05
 169) SO21    + SO2     = SO3     + SO           1.955E+02

SO23                PRODUCTION RXS              INT RX RATE    TP =  0.00E+00
 121) SO2     + HV      = SO23    +              5.787E+09
 164) SO21    + M       = SO23    + M            5.759E+10
 166) SO21    + HV      = SO23    + HV           1.576E+07

SO23                   LOSS RXS                INT RX RATE    TL =  0.00E+00
 170) SO23    + M       = SO2     + M            6.330E+10
 171) SO23    + HV      = SO2     + HV           8.415E+07
 172) SO23    + SO2     = SO3     + SO           2.496E+01

HSO3                PRODUCTION RXS              INT RX RATE    TP =  0.00E+00
 126) SO2     + OH      = HSO3    +              6.708E+09

HSO3                   LOSS RXS                INT RX RATE    TL =  0.00E+00
 129) HSO3    + O2      = HO2     + SO3          6.708E+09
 130) HSO3    + OH      = H2O     + SO3          1.789E-01
 131) HSO3    + H       = H2      + SO3          2.116E-07
 132) HSO3    + O       = OH      + SO3          7.256E-02

OCS2                PRODUCTION RXS              INT RX RATE    TP =  0.00E+00
 206) OCS     + S       = OCS2    +              1.673E-21

OCS2                   LOSS RXS                INT RX RATE    TL =  0.00E+00
 207) OCS2    + S       = OCS     + S2           2.815E-40
 210) OCS2    + CO      = OCS     + OCS          1.673E-21

N2                  PRODUCTION RXS              INT RX RATE    TP =  0.00E+00
  21) O1D     + N2      = O       + N2           5.963E+14
  71) CH21    + N2      = CH23    + N2           1.991E+07
  84) N       + N       = N2      +              1.818E+02
  88) N       + NO      = N2      + O            6.525E+07
 220) O1D     + N2O     = N2      + O2           4.740E+07
 222) N2O     + HV      = N2      + O1D          1.398E+09

N2                     LOSS RXS                INT RX RATE    TL =  0.00E+00
  21) O1D     + N2      = O       + N2           5.963E+14
  71) CH21    + N2      = CH23    + N2           1.991E+07
