
O                   PRODUCTION RXS              INT RX RATE    TP =  1.29E+14
   8) H       + HO2     = H2O     + O            6.862E+08
  20) OH      + OH      = H2O     + O            3.770E+08
  21) O1D     + N2      = O       + N2           1.070E+14
  22) O1D     + O2      = O       + O2           1.304E+09
  23) O2      + HV      = O       + O1D          1.705E+11
  24) O2      + HV      = O       + O            2.361E+11
  27) H2O     + HV      = H       + H       O    6.967E+07
  29) O3      + HV      = O2      + O            2.073E+13
  30) O3      + HV      = O       + O       O    1.332E+10
  38) CO2     + HV      = CO      + O            6.569E+11
  53) HO2     + HV      = OH      + O            8.348E+10
  61) HNO3    + HV      = HNO2    + O            5.501E+07
  63) NO      + HV      = N       + O            2.209E+07
  65) NO2     + HV      = NO      + O            1.259E+11
  85) N       + O2      = NO      + O            7.902E+05
  88) N       + NO      = N2      + O            6.091E+07
 117) SO      + HV      = S       + O            3.817E+09
 119) SO2     + HV      = SO      + O            6.873E+10
 122) SO      + O2      = O       + SO2          7.346E+09
 143) S       + O2      = SO      + O            3.811E+09
 163) SO3     + HV      = SO2     + O            4.109E+05
 168) SO21    + O2      = SO3     + O            6.414E+01
 185) HSO     + HV      = HS      + O            5.642E+09
 203) CO      + O1D     = CO      + O            1.331E+08
 217) NO3     + HV      = NO2     + O            2.606E+09
 218) N       + NO2     = N2O     + O            3.935E+05
 237) N2O5    + HV      = NO3     + NO      O    1.428E+05

O                      LOSS RXS                INT RX RATE    TL =  1.29E+14
   3) H2      + O       = OH      + H            9.369E+07
  10) OH      + O       = H       + O2           3.678E+11
  13) HO2     + O       = OH      + O2           1.373E+12
  17) O       + O       = O2      +              9.437E+10
  18) O       + O2      = O3      +              1.273E+14
  19) O       + O3      = O2      + O2           1.605E+09
  35) O       + HCO     = H       + CO2          5.794E+07
  36) O       + HCO     = OH      + CO           5.794E+07
  41) CO      + O       = CO2     +              4.611E+08
  51) H2CO    + O       = HCO     + OH           2.718E+09
  52) H2O2    + O       = OH      + HO2          9.975E+07
  76) CH3     + O       = H2CO    + H            6.135E+08
  90) NO      + O       = NO2     +              7.074E+09
  93) NO2     + O       = NO      + O2           1.116E+10
 100) O       + HNO     = OH      + NO           6.892E+05
 103) CH4     + O       = CH3     + OH           4.783E+08
 106) CH23    + O       = HCO     + H            3.608E+07
 109) C2H6    + O       = C2H5    + OH           2.152E+01
 112) C2H5    + O       = CH3     + HCO     H    3.382E+01
 124) SO      + O       = SO2     +              9.240E+09
 127) SO2     + O       = SO3     +              1.644E+08
 132) HSO3    + O       = OH      + SO3          3.758E+05
 135) H2S     + O       = OH      + HS           2.350E+06
 136) HS      + O       = H       + SO           4.394E+08
 150) S2      + O       = S       + SO           1.198E+00
 191) HSO     + O       = OH      + SO           1.715E+10
 196) O       + OCS     = CO      + SO           1.022E-01
 197) O       + OCS     = S       + CO2          9.204E-07
 211) O       + NO3     = O2      + NO2          2.179E+07
 214) O       + NO2     = NO3     +              2.040E+09
 224) O       + N2O5    = NO2     + NO2     O2   3.418E+01
 231) O       + HO2NO2  = OH      + NO2     O2   3.227E+04
 238) O       + HNO3    = OH      + NO3          7.090E+04

O2                  PRODUCTION RXS              INT RX RATE    TP =  1.31E+14
   5) H       + O3      = OH      + O2           9.587E+10
   7) H       + HO2     = H2      + O2           2.959E+09
  10) OH      + O       = H       + O2           3.678E+11
  11) OH      + HO2     = H2O     + O2           6.579E+11
  12) OH      + O3      = HO2     + O2           7.034E+09
  13) HO2     + O       = OH      + O2           1.373E+12
  14) HO2     + O3      = OH      + O2      O2   5.760E+09
  15) HO2     + HO2     = H2O2    + O2           1.003E+12
  17) O       + O       = O2      +              9.437E+10
  19) O       + O3      = O2      + O2           1.605E+09
  22) O1D     + O2      = O       + O2           1.304E+09
  28) O3      + HV      = O2      + O1D          1.065E+14
  29) O3      + HV      = O2      + O            2.073E+13
  86) N       + O3      = NO      + O2           1.336E+05
  89) NO      + O3      = NO2     + O2           4.869E+09
  93) NO2     + O       = NO      + O2           1.116E+10
 138) HS      + HO2     = H2S     + O2           1.658E+09
 146) S       + HO2     = HS      + O2           3.825E+03
 174) SO      + O3      = SO2     + O2           4.546E+09
 176) HS      + O3      = HSO     + O2           4.858E+09
 178) S       + O3      = SO      + O2           7.357E+06
 182) SO      + HO2     = HSO     + O2           2.955E+10
 211) O       + NO3     = O2      + NO2          2.179E+07
 212) HO2     + NO3     = OH      + NO2     O2   2.362E+07
 216) NO3     + HV      = NO      + O2           3.496E+08
 220) O1D     + N2O     = N2      + O2           1.410E+07
 224) O       + N2O5    = NO2     + NO2     O2   3.418E+01
 227) NO2     + NO3     = NO      + NO2     O2   1.203E+02
 228) NO2     + O3      = NO3     + O2           1.572E+06
 229) NO3     + NO3     = NO2     + NO2     O2   1.789E-02
 231) O       + HO2NO2  = OH      + NO2     O2   3.227E+04
 232) OH      + HO2NO2  = H2O     + NO2     O2   1.504E+09
 239) HO2     + NO2     = HNO2    + O2           6.019E+06

O2                     LOSS RXS                INT RX RATE    TL =  1.33E+14
   6) H       + O2      = HO2     +              3.402E+12
  18) O       + O2      = O3      +              1.273E+14
  22) O1D     + O2      = O       + O2           1.304E+09
  23) O2      + HV      = O       + O1D          1.705E+11
  24) O2      + HV      = O       + O            2.361E+11
  47) HCO     + O2      = HO2     + CO           5.877E+11
  70) CH21    + O2      = HCO     + OH           7.865E+04
  74) CH23    + O2      = HCO     + OH           6.161E+08
  75) CH3     + O2      = H2CO    + OH           7.584E+11
  85) N       + O2      = NO      + O            7.902E+05
 116) C2H5    + O2      = CH3     + HCO     OH   1.959E+03
 122) SO      + O2      = O       + SO2          7.346E+09
 129) HSO3    + O2      = HO2     + SO3          8.244E+09
 137) HS      + O2      = OH      + SO           1.864E+07
 143) S       + O2      = SO      + O            3.811E+09
 168) SO21    + O2      = SO3     + O            6.414E+01

H2O                 PRODUCTION RXS              INT RX RATE    TP =  7.51E+10
   4) H2      + OH      = H2O     + H            2.403E+11
   8) H       + HO2     = H2O     + O            6.862E+08
  11) OH      + HO2     = H2O     + O2           6.579E+11
  16) H2O2    + OH      = HO2     + H2O          3.479E+11
  20) OH      + OH      = H2O     + O            3.770E+08
  34) OH      + HCO     = H2O     + CO           7.709E+05
  48) H2CO    + OH      = H2O     + HCO          3.966E+11
  49) H       + OH      = H2O     +              2.390E+07
  66) CH4     + OH      = CH3     + H2O          7.571E+11
  96) HNO3    + OH      = H2O     + NO3          4.220E+08
 101) OH      + HNO     = H2O     + NO           3.209E+05
 102) HNO2    + OH      = H2O     + NO2          2.249E+08
 108) C2H6    + OH      = C2H5    + H2O          1.970E+03
 130) HSO3    + OH      = H2O     + SO3          2.634E+04
 133) H2S     + OH      = H2O     + HS           1.906E+09
 187) HSO     + OH      = H2O     + SO           1.169E+10
 205) H2S     + HO2     = H2O     + HSO          1.410E+08
 232) OH      + HO2NO2  = H2O     + NO2     O2   1.504E+09

H2O                    LOSS RXS                INT RX RATE    TL =  3.22E+10
   1) H2O     + O1D     = OH      + OH           1.536E+11
  25) H2O     + HV      = H       + OH           7.323E+11
  26) H2O     + HV      = H2      + O1D          4.645E+07
  27) H2O     + HV      = H       + H       O    6.967E+07
 128) SO3     + H2O     = H2SO4   +              8.408E+09

H                   PRODUCTION RXS              INT RX RATE    TP =  3.53E+12
   2) H2      + O1D     = OH      + H            2.024E+08
   3) H2      + O       = OH      + H            9.369E+07
   4) H2      + OH      = H2O     + H            2.403E+11
  10) OH      + O       = H       + O2           3.678E+11
  25) H2O     + HV      = H       + OH           7.323E+11
  27) H2O     + HV      = H       + H       O    6.967E+07
  35) O       + HCO     = H       + CO2          5.794E+07
  40) CO      + OH      = CO2     + H            1.984E+12
  43) H2CO    + HV      = HCO     + H            1.861E+11
  44) HCO     + HV      = H       + CO           1.145E+07
  55) CH4     + HV      = CH3     + H            9.421E+08
  56) CH4     + HV      = CH23    + H       H    1.806E+08
  72) CH23    + H2      = CH3     + H            6.248E+06
  76) CH3     + O       = H2CO    + H            6.135E+08
  78) CH3     + HV      = CH21    + H            1.188E+06
  87) N       + OH      = NO      + H            5.164E+07
  98) HNO     + HV      = NO      + H            1.035E+06
 104) CH21    + H2      = CH3     + H            3.944E+04
 106) CH23    + O       = HCO     + H            3.608E+07
 112) C2H5    + O       = CH3     + HCO     H    3.382E+01
 118) H2S     + HV      = HS      + H            1.770E+09
 125) SO      + OH      = SO2     + H            1.710E+10
 136) HS      + O       = H       + SO           4.394E+08
 142) HS      + S       = H       + S2           2.200E+00
 144) S       + OH      = SO      + H            1.380E+04
 195) HS      + CO      = OCS     + H            2.088E-02
 200) S       + HCO     = OCS     + H            1.276E-01

H                      LOSS RXS                INT RX RATE    TL =  3.53E+12
   5) H       + O3      = OH      + O2           9.587E+10
   6) H       + O2      = HO2     +              3.402E+12
   7) H       + HO2     = H2      + O2           2.959E+09
   8) H       + HO2     = H2O     + O            6.862E+08
   9) H       + HO2     = OH      + OH           3.088E+10
  31) H       + CO      = HCO     +              2.026E+08
  32) H       + HCO     = H2      + CO           1.386E+07
  45) H2CO    + H       = H2      + HCO          6.040E+06
  46) H       + H       = H2      +              1.885E+07
  49) H       + OH      = H2O     +              2.390E+07
  79) CH3     + H       = CH4     +              5.401E+06
  83) H       + NO      = HNO     +              8.039E+05
  95) NO2     + H       = NO      + OH           5.175E+07
  99) H       + HNO     = H2      + NO           4.580E+02
 111) C2H5    + H       = CH3     + CH3          1.347E+00
 131) HSO3    + H       = H2      + SO3          6.426E+01
 134) H2S     + H       = H2      + HS           6.753E+05
 141) HS      + H       = H2      + S            9.306E+04
 184) H       + SO      = HSO     +              2.243E+05
 188) HSO     + H       = HS      + OH           1.606E+07
 189) HSO     + H       = H2      + SO           8.031E+06
 194) H       + OCS     = CO      + HS           2.545E-04

OH                  PRODUCTION RXS              INT RX RATE    TP =  4.81E+12
   1) H2O     + O1D     = OH      + OH           1.536E+11
   2) H2      + O1D     = OH      + H            2.024E+08
   3) H2      + O       = OH      + H            9.369E+07
   5) H       + O3      = OH      + O2           9.587E+10
   9) H       + HO2     = OH      + OH           3.088E+10
  13) HO2     + O       = OH      + O2           1.373E+12
  14) HO2     + O3      = OH      + O2      O2   5.760E+09
  25) H2O     + HV      = H       + OH           7.323E+11
  36) O       + HCO     = OH      + CO           5.794E+07
  37) H2O2    + HV      = OH      + OH           6.031E+11
  51) H2CO    + O       = HCO     + OH           2.718E+09
  52) H2O2    + O       = OH      + HO2          9.975E+07
  53) HO2     + HV      = OH      + O            8.348E+10
  59) HNO2    + HV      = NO      + OH           5.500E+09
  60) HNO3    + HV      = NO2     + OH           2.175E+09
  67) CH4     + O1D     = CH3     + OH           5.130E+08
  70) CH21    + O2      = HCO     + OH           7.865E+04
  74) CH23    + O2      = HCO     + OH           6.161E+08
  75) CH3     + O2      = H2CO    + OH           7.584E+11
  91) NO      + HO2     = NO2     + OH           1.272E+11
  95) NO2     + H       = NO      + OH           5.175E+07
 100) O       + HNO     = OH      + NO           6.892E+05
 103) CH4     + O       = CH3     + OH           4.783E+08
 109) C2H6    + O       = C2H5    + OH           2.152E+01
 110) C2H6    + O1D     = C2H5    + OH           1.869E+00
 116) C2H5    + O2      = CH3     + HCO     OH   1.959E+03
 123) SO      + HO2     = SO2     + OH           2.955E+10
 132) HSO3    + O       = OH      + SO3          3.758E+05
 135) H2S     + O       = OH      + HS           2.350E+06
 137) HS      + O2      = OH      + SO           1.864E+07
 147) S       + HO2     = SO      + OH           3.825E+03
 175) SO2     + HO2     = SO3     + OH           4.222E+05
 188) HSO     + H       = HS      + OH           1.606E+07
 191) HSO     + O       = OH      + SO           1.715E+10
 212) HO2     + NO3     = OH      + NO2     O2   2.362E+07
 223) N       + HO2     = NO      + OH           7.163E+06
 231) O       + HO2NO2  = OH      + NO2     O2   3.227E+04
 235) HO2NO2  + HV      = OH      + NO3          6.055E+08
 238) O       + HNO3    = OH      + NO3          7.090E+04

OH                     LOSS RXS                INT RX RATE    TL =  4.81E+12
   4) H2      + OH      = H2O     + H            2.403E+11
  10) OH      + O       = H       + O2           3.678E+11
  11) OH      + HO2     = H2O     + O2           6.579E+11
  12) OH      + O3      = HO2     + O2           7.034E+09
  16) H2O2    + OH      = HO2     + H2O          3.479E+11
  20) OH      + OH      = H2O     + O            3.770E+08
  34) OH      + HCO     = H2O     + CO           7.709E+05
  40) CO      + OH      = CO2     + H            1.984E+12
  48) H2CO    + OH      = H2O     + HCO          3.966E+11
  49) H       + OH      = H2O     +              2.390E+07
  50) OH      + OH      = H2O2    +              8.373E+08
  66) CH4     + OH      = CH3     + H2O          7.571E+11
  87) N       + OH      = NO      + H            5.164E+07
  92) NO      + OH      = HNO2    +              5.624E+09
  94) NO2     + OH      = HNO3    +              2.797E+09
  96) HNO3    + OH      = H2O     + NO3          4.220E+08
 101) OH      + HNO     = H2O     + NO           3.209E+05
 102) HNO2    + OH      = H2O     + NO2          2.249E+08
 108) C2H6    + OH      = C2H5    + H2O          1.970E+03
 113) C2H5    + OH      = CH3     + HCO     H2   1.790E-02
 125) SO      + OH      = SO2     + H            1.710E+10
 126) SO2     + OH      = HSO3    +              8.244E+09
 130) HSO3    + OH      = H2O     + SO3          2.634E+04
 133) H2S     + OH      = H2O     + HS           1.906E+09
 144) S       + OH      = SO      + H            1.380E+04
 187) HSO     + OH      = H2O     + SO           1.169E+10
 199) OCS     + OH      = CO2     + HS           2.348E-02
 215) OH      + NO3     = HO2     + NO2          7.624E+06
 232) OH      + HO2NO2  = H2O     + NO2     O2   1.504E+09

HO2                 PRODUCTION RXS              INT RX RATE    TP =  4.37E+12
   6) H       + O2      = HO2     +              3.402E+12
  12) OH      + O3      = HO2     + O2           7.034E+09
  16) H2O2    + OH      = HO2     + H2O          3.479E+11
  47) HCO     + O2      = HO2     + CO           5.877E+11
  52) H2O2    + O       = OH      + HO2          9.975E+07
 129) HSO3    + O2      = HO2     + SO3          8.244E+09
 215) OH      + NO3     = HO2     + NO2          7.624E+06
 233) HO2NO2  + M       = HO2     + NO2          1.149E+10
 234) HO2NO2  + HV      = HO2     + NO2          2.394E+09

HO2                    LOSS RXS                INT RX RATE    TL =  4.37E+12
   7) H       + HO2     = H2      + O2           2.959E+09
   8) H       + HO2     = H2O     + O            6.862E+08
   9) H       + HO2     = OH      + OH           3.088E+10
  11) OH      + HO2     = H2O     + O2           6.579E+11
  13) HO2     + O       = OH      + O2           1.373E+12
  14) HO2     + O3      = OH      + O2      O2   5.760E+09
  15) HO2     + HO2     = H2O2    + O2           1.003E+12
  53) HO2     + HV      = OH      + O            8.348E+10
  91) NO      + HO2     = NO2     + OH           1.272E+11
 123) SO      + HO2     = SO2     + OH           2.955E+10
 138) HS      + HO2     = H2S     + O2           1.658E+09
 146) S       + HO2     = HS      + O2           3.825E+03
 147) S       + HO2     = SO      + OH           3.825E+03
 175) SO2     + HO2     = SO3     + OH           4.222E+05
 182) SO      + HO2     = HSO     + O2           2.955E+10
 205) H2S     + HO2     = H2O     + HSO          1.410E+08
 212) HO2     + NO3     = OH      + NO2     O2   2.362E+07
 223) N       + HO2     = NO      + OH           7.163E+06
 230) HO2     + NO2     = HO2NO2  +              1.600E+10
 239) HO2     + NO2     = HNO2    + O2           6.019E+06

H2O2                PRODUCTION RXS              INT RX RATE    TP =  1.00E+12
  15) HO2     + HO2     = H2O2    + O2           1.003E+12
  50) OH      + OH      = H2O2    +              8.373E+08

H2O2                   LOSS RXS                INT RX RATE    TL =  9.91E+11
  16) H2O2    + OH      = HO2     + H2O          3.479E+11
  37) H2O2    + HV      = OH      + OH           6.031E+11
  52) H2O2    + O       = OH      + HO2          9.975E+07

H2                  PRODUCTION RXS              INT RX RATE    TP =  1.71E+11
   7) H       + HO2     = H2      + O2           2.959E+09
  26) H2O     + HV      = H2      + O1D          4.645E+07
  32) H       + HCO     = H2      + CO           1.386E+07
  42) H2CO    + HV      = H2      + CO           1.665E+11
  45) H2CO    + H       = H2      + HCO          6.040E+06
  46) H       + H       = H2      +              1.885E+07
  54) CH4     + HV      = CH21    + H2           8.551E+08
  68) CH4     + O1D     = H2CO    + H2           3.420E+07
  99) H       + HNO     = H2      + NO           4.580E+02
 113) C2H5    + OH      = CH3     + HCO     H2   1.790E-02
 131) HSO3    + H       = H2      + SO3          6.426E+01
 134) H2S     + H       = H2      + HS           6.753E+05
 141) HS      + H       = H2      + S            9.306E+04
 189) HSO     + H       = H2      + SO           8.031E+06

H2                     LOSS RXS                INT RX RATE    TL =  2.41E+11
   2) H2      + O1D     = OH      + H            2.024E+08
   3) H2      + O       = OH      + H            9.369E+07
   4) H2      + OH      = H2O     + H            2.403E+11
  72) CH23    + H2      = CH3     + H            6.248E+06
 104) CH21    + H2      = CH3     + H            3.944E+04

CO                  PRODUCTION RXS              INT RX RATE    TP =  1.58E+12
  32) H       + HCO     = H2      + CO           1.386E+07
  33) HCO     + HCO     = H2CO    + CO           2.715E+01
  34) OH      + HCO     = H2O     + CO           7.709E+05
  36) O       + HCO     = OH      + CO           5.794E+07
  38) CO2     + HV      = CO      + O            6.569E+11
  39) CO2     + HV      = CO      + O1D          1.703E+11
  42) H2CO    + HV      = H2      + CO           1.665E+11
  44) HCO     + HV      = H       + CO           1.145E+07
  47) HCO     + O2      = HO2     + CO           5.877E+11
  80) CH3     + HCO     = CH4     + CO           2.707E+02
  97) HCO     + NO      = HNO     + CO           2.922E+05
 105) CH21    + CO2     = H2CO    + CO           8.864E+04
 107) CH23    + CO2     = H2CO    + CO           3.782E+08
 114) C2H5    + HCO     = C2H6    + CO           6.577E-06
 140) HS      + HCO     = H2S     + CO           3.426E+03
 145) S       + HCO     = HS      + CO           1.595E-02
 181) S       + CO2     = SO      + CO           1.323E+03
 183) SO      + HCO     = HSO     + CO           1.157E+04
 194) H       + OCS     = CO      + HS           2.545E-04
 196) O       + OCS     = CO      + SO           1.022E-01
 198) OCS     + S       = CO      + S2           3.607E-07
 202) OCS     + HV      = CO      + S            3.395E+01
 203) CO      + O1D     = CO      + O            1.331E+08

CO                     LOSS RXS                INT RX RATE    TL =  1.98E+12
  31) H       + CO      = HCO     +              2.026E+08
  40) CO      + OH      = CO2     + H            1.984E+12
  41) CO      + O       = CO2     +              4.611E+08
 195) HS      + CO      = OCS     + H            2.088E-02
 201) S       + CO      = OCS     +              3.393E+01
 203) CO      + O1D     = CO      + O            1.331E+08
 210) OCS2    + CO      = OCS     + OCS          9.359E-07

HCO                 PRODUCTION RXS              INT RX RATE    TP =  5.88E+11
  31) H       + CO      = HCO     +              2.026E+08
  43) H2CO    + HV      = HCO     + H            1.861E+11
  45) H2CO    + H       = H2      + HCO          6.040E+06
  48) H2CO    + OH      = H2O     + HCO          3.966E+11
  51) H2CO    + O       = HCO     + OH           2.718E+09
  70) CH21    + O2      = HCO     + OH           7.865E+04
  74) CH23    + O2      = HCO     + OH           6.161E+08
  82) CH3     + H2CO    = CH4     + HCO          9.738E+00
 106) CH23    + O       = HCO     + H            3.608E+07
 112) C2H5    + O       = CH3     + HCO     H    3.382E+01
 113) C2H5    + OH      = CH3     + HCO     H2   1.790E-02
 116) C2H5    + O2      = CH3     + HCO     OH   1.959E+03
 151) HS      + H2CO    = H2S     + HCO          1.579E+09

HCO                    LOSS RXS                INT RX RATE    TL =  5.88E+11
  32) H       + HCO     = H2      + CO           1.386E+07
  33) HCO     + HCO     = H2CO    + CO           2.715E+01
  34) OH      + HCO     = H2O     + CO           7.709E+05
  35) O       + HCO     = H       + CO2          5.794E+07
  36) O       + HCO     = OH      + CO           5.794E+07
  44) HCO     + HV      = H       + CO           1.145E+07
  47) HCO     + O2      = HO2     + CO           5.877E+11
  80) CH3     + HCO     = CH4     + CO           2.707E+02
  97) HCO     + NO      = HNO     + CO           2.922E+05
 114) C2H5    + HCO     = C2H6    + CO           6.577E-06
 140) HS      + HCO     = H2S     + CO           3.426E+03
 145) S       + HCO     = HS      + CO           1.595E-02
 183) SO      + HCO     = HSO     + CO           1.157E+04
 200) S       + HCO     = OCS     + H            1.276E-01

H2CO                PRODUCTION RXS              INT RX RATE    TP =  7.59E+11
  33) HCO     + HCO     = H2CO    + CO           2.715E+01
  68) CH4     + O1D     = H2CO    + H2           3.420E+07
  75) CH3     + O2      = H2CO    + OH           7.584E+11
  76) CH3     + O       = H2CO    + H            6.135E+08
 105) CH21    + CO2     = H2CO    + CO           8.864E+04
 107) CH23    + CO2     = H2CO    + CO           3.782E+08

H2CO                   LOSS RXS                INT RX RATE    TL =  7.57E+11
  42) H2CO    + HV      = H2      + CO           1.665E+11
  43) H2CO    + HV      = HCO     + H            1.861E+11
  45) H2CO    + H       = H2      + HCO          6.040E+06
  48) H2CO    + OH      = H2O     + HCO          3.966E+11
  51) H2CO    + O       = HCO     + OH           2.718E+09
  82) CH3     + H2CO    = CH4     + HCO          9.738E+00
 151) HS      + H2CO    = H2S     + HCO          1.579E+09

CH4                 PRODUCTION RXS              INT RX RATE    TP =  5.40E+06
  58) C2H6    + HV      = CH4     + CH21         1.190E+03
  79) CH3     + H       = CH4     +              5.401E+06
  80) CH3     + HCO     = CH4     + CO           2.707E+02
  81) CH3     + HNO     = CH4     + NO           1.369E-01
  82) CH3     + H2CO    = CH4     + HCO          9.738E+00

CH4                    LOSS RXS                INT RX RATE    TL =  7.60E+11
  54) CH4     + HV      = CH21    + H2           8.551E+08
  55) CH4     + HV      = CH3     + H            9.421E+08
  56) CH4     + HV      = CH23    + H       H    1.806E+08
  66) CH4     + OH      = CH3     + H2O          7.571E+11
  67) CH4     + O1D     = CH3     + OH           5.130E+08
  68) CH4     + O1D     = H2CO    + H2           3.420E+07
  69) CH21    + CH4     = CH3     + CH3          8.302E+02
  73) CH23    + CH4     = CH3     + CH3          3.168E-04
 103) CH4     + O       = CH3     + OH           4.783E+08

CH3                 PRODUCTION RXS              INT RX RATE    TP =  7.59E+11
  55) CH4     + HV      = CH3     + H            9.421E+08
  66) CH4     + OH      = CH3     + H2O          7.571E+11
  67) CH4     + O1D     = CH3     + OH           5.130E+08
  69) CH21    + CH4     = CH3     + CH3          8.302E+02
  72) CH23    + H2      = CH3     + H            6.248E+06
  73) CH23    + CH4     = CH3     + CH3          3.168E-04
 103) CH4     + O       = CH3     + OH           4.783E+08
 104) CH21    + H2      = CH3     + H            3.944E+04
 111) C2H5    + H       = CH3     + CH3          1.347E+00
 112) C2H5    + O       = CH3     + HCO     H    3.382E+01
 113) C2H5    + OH      = CH3     + HCO     H2   1.790E-02
 116) C2H5    + O2      = CH3     + HCO     OH   1.959E+03

CH3                    LOSS RXS                INT RX RATE    TL =  7.59E+11
  75) CH3     + O2      = H2CO    + OH           7.584E+11
  76) CH3     + O       = H2CO    + H            6.135E+08
  77) CH3     + CH3     = C2H6    +              3.184E+03
  78) CH3     + HV      = CH21    + H            1.188E+06
  79) CH3     + H       = CH4     +              5.401E+06
  80) CH3     + HCO     = CH4     + CO           2.707E+02
  81) CH3     + HNO     = CH4     + NO           1.369E-01
  82) CH3     + H2CO    = CH4     + HCO          9.738E+00

C2H6                PRODUCTION RXS              INT RX RATE    TP =  3.18E+03
  77) CH3     + CH3     = C2H6    +              3.184E+03
 114) C2H5    + HCO     = C2H6    + CO           6.577E-06
 115) C2H5    + HNO     = C2H6    + NO           7.473E-12

C2H6                   LOSS RXS                INT RX RATE    TL =  3.18E+03
  58) C2H6    + HV      = CH4     + CH21         1.190E+03
 108) C2H6    + OH      = C2H5    + H2O          1.970E+03
 109) C2H6    + O       = C2H5    + OH           2.152E+01
 110) C2H6    + O1D     = C2H5    + OH           1.869E+00

NO                  PRODUCTION RXS              INT RX RATE    TP =  1.45E+11
  59) HNO2    + HV      = NO      + OH           5.500E+09
  64) NO2     + HV      = NO      + O1D          2.179E+08
  65) NO2     + HV      = NO      + O            1.259E+11
  81) CH3     + HNO     = CH4     + NO           1.369E-01
  85) N       + O2      = NO      + O            7.902E+05
  86) N       + O3      = NO      + O2           1.336E+05
  87) N       + OH      = NO      + H            5.164E+07
  93) NO2     + O       = NO      + O2           1.116E+10
  95) NO2     + H       = NO      + OH           5.175E+07
  98) HNO     + HV      = NO      + H            1.035E+06
  99) H       + HNO     = H2      + NO           4.580E+02
 100) O       + HNO     = OH      + NO           6.892E+05
 101) OH      + HNO     = H2O     + NO           3.209E+05
 115) C2H5    + HNO     = C2H6    + NO           7.473E-12
 173) SO      + NO2     = SO2     + NO           1.086E+09
 177) HS      + NO2     = HSO     + NO           3.990E+08
 216) NO3     + HV      = NO      + O2           3.496E+08
 221) O1D     + N2O     = NO      + NO           2.206E+07
 223) N       + HO2     = NO      + OH           7.163E+06
 227) NO2     + NO3     = NO      + NO2     O2   1.203E+02
 237) N2O5    + HV      = NO3     + NO      O    1.428E+05

NO                     LOSS RXS                INT RX RATE    TL =  1.45E+11
  63) NO      + HV      = N       + O            2.209E+07
  83) H       + NO      = HNO     +              8.039E+05
  88) N       + NO      = N2      + O            6.091E+07
  89) NO      + O3      = NO2     + O2           4.869E+09
  90) NO      + O       = NO2     +              7.074E+09
  91) NO      + HO2     = NO2     + OH           1.272E+11
  92) NO      + OH      = HNO2    +              5.624E+09
  97) HCO     + NO      = HNO     + CO           2.922E+05
 186) HSO     + NO      = HNO     + SO           9.496E+05
 213) NO      + NO3     = NO2     + NO2          6.044E+07

NO2                 PRODUCTION RXS              INT RX RATE    TP =  1.60E+11
  60) HNO3    + HV      = NO2     + OH           2.175E+09
  89) NO      + O3      = NO2     + O2           4.869E+09
  90) NO      + O       = NO2     +              7.074E+09
  91) NO      + HO2     = NO2     + OH           1.272E+11
 102) HNO2    + OH      = H2O     + NO2          2.249E+08
 211) O       + NO3     = O2      + NO2          2.179E+07
 212) HO2     + NO3     = OH      + NO2     O2   2.362E+07
 213) NO      + NO3     = NO2     + NO2          6.044E+07
 215) OH      + NO3     = HO2     + NO2          7.624E+06
 217) NO3     + HV      = NO2     + O            2.606E+09
 224) O       + N2O5    = NO2     + NO2     O2   3.418E+01
 226) N2O5    + M       = NO3     + NO2          1.295E+05
 227) NO2     + NO3     = NO      + NO2     O2   1.203E+02
 229) NO3     + NO3     = NO2     + NO2     O2   1.789E-02
 231) O       + HO2NO2  = OH      + NO2     O2   3.227E+04
 232) OH      + HO2NO2  = H2O     + NO2     O2   1.504E+09
 233) HO2NO2  + M       = HO2     + NO2          1.149E+10
 234) HO2NO2  + HV      = HO2     + NO2          2.394E+09
 236) N2O5    + HV      = NO3     + NO2          3.698E+05

NO2                    LOSS RXS                INT RX RATE    TL =  1.60E+11
  64) NO2     + HV      = NO      + O1D          2.179E+08
  65) NO2     + HV      = NO      + O            1.259E+11
  93) NO2     + O       = NO      + O2           1.116E+10
  94) NO2     + OH      = HNO3    +              2.797E+09
  95) NO2     + H       = NO      + OH           5.175E+07
 173) SO      + NO2     = SO2     + NO           1.086E+09
 177) HS      + NO2     = HSO     + NO           3.990E+08
 214) O       + NO2     = NO3     +              2.040E+09
 218) N       + NO2     = N2O     + O            3.935E+05
 225) NO2     + NO3     = N2O5    +              6.422E+05
 227) NO2     + NO3     = NO      + NO2     O2   1.203E+02
 228) NO2     + O3      = NO3     + O2           1.572E+06
 230) HO2     + NO2     = HO2NO2  +              1.600E+10
 239) HO2     + NO2     = HNO2    + O2           6.019E+06

HNO                 PRODUCTION RXS              INT RX RATE    TP =  2.05E+06
  83) H       + NO      = HNO     +              8.039E+05
  97) HCO     + NO      = HNO     + CO           2.922E+05
 186) HSO     + NO      = HNO     + SO           9.496E+05

HNO                    LOSS RXS                INT RX RATE    TL =  2.05E+06
  81) CH3     + HNO     = CH4     + NO           1.369E-01
  98) HNO     + HV      = NO      + H            1.035E+06
  99) H       + HNO     = H2      + NO           4.580E+02
 100) O       + HNO     = OH      + NO           6.892E+05
 101) OH      + HNO     = H2O     + NO           3.209E+05
 115) C2H5    + HNO     = C2H6    + NO           7.473E-12

H2S                 PRODUCTION RXS              INT RX RATE    TP =  3.62E+09
 138) HS      + HO2     = H2S     + O2           1.658E+09
 139) HS      + HS      = H2S     + S            1.519E+06
 140) HS      + HCO     = H2S     + CO           3.426E+03
 151) HS      + H2CO    = H2S     + HCO          1.579E+09
 190) HSO     + HS      = H2S     + SO           3.815E+08

H2S                    LOSS RXS                INT RX RATE    TL =  3.82E+09
 118) H2S     + HV      = HS      + H            1.770E+09
 133) H2S     + OH      = H2O     + HS           1.906E+09
 134) H2S     + H       = H2      + HS           6.753E+05
 135) H2S     + O       = OH      + HS           2.350E+06
 205) H2S     + HO2     = H2O     + HSO          1.410E+08

HS                  PRODUCTION RXS              INT RX RATE    TP =  9.34E+09
 118) H2S     + HV      = HS      + H            1.770E+09
 133) H2S     + OH      = H2O     + HS           1.906E+09
 134) H2S     + H       = H2      + HS           6.753E+05
 135) H2S     + O       = OH      + HS           2.350E+06
 145) S       + HCO     = HS      + CO           1.595E-02
 146) S       + HO2     = HS      + O2           3.825E+03
 185) HSO     + HV      = HS      + O            5.642E+09
 188) HSO     + H       = HS      + OH           1.606E+07
 192) HSO     + S       = HS      + SO           1.432E+03
 194) H       + OCS     = CO      + HS           2.545E-04
 199) OCS     + OH      = CO2     + HS           2.348E-02

HS                     LOSS RXS                INT RX RATE    TL =  9.34E+09
 136) HS      + O       = H       + SO           4.394E+08
 137) HS      + O2      = OH      + SO           1.864E+07
 138) HS      + HO2     = H2S     + O2           1.658E+09
 139) HS      + HS      = H2S     + S            1.519E+06
 140) HS      + HCO     = H2S     + CO           3.426E+03
 141) HS      + H       = H2      + S            9.306E+04
 142) HS      + S       = H       + S2           2.200E+00
 151) HS      + H2CO    = H2S     + HCO          1.579E+09
 176) HS      + O3      = HSO     + O2           4.858E+09
 177) HS      + NO2     = HSO     + NO           3.990E+08
 190) HSO     + HS      = H2S     + SO           3.815E+08
 195) HS      + CO      = OCS     + H            2.088E-02

S                   PRODUCTION RXS              INT RX RATE    TP =  3.82E+09
 117) SO      + HV      = S       + O            3.817E+09
 139) HS      + HS      = H2S     + S            1.519E+06
 141) HS      + H       = H2      + S            9.306E+04
 150) S2      + O       = S       + SO           1.198E+00
 152) S2      + HV      = S       + S            1.002E+00
 159) S3      + HV      = S2      + S            3.562E-09
 179) SO      + SO      = SO2     + S            4.760E+05
 197) O       + OCS     = S       + CO2          9.204E-07
 202) OCS     + HV      = CO      + S            3.395E+01

S                      LOSS RXS                INT RX RATE    TL =  3.82E+09
 142) HS      + S       = H       + S2           2.200E+00
 143) S       + O2      = SO      + O            3.811E+09
 144) S       + OH      = SO      + H            1.380E+04
 145) S       + HCO     = HS      + CO           1.595E-02
 146) S       + HO2     = HS      + O2           3.825E+03
 147) S       + HO2     = SO      + OH           3.825E+03
 148) S       + S       = S2      +              3.593E-06
 154) S       + S2      = S3      +              3.562E-09
 156) S       + S3      = S4      +              3.088E-20
 178) S       + O3      = SO      + O2           7.357E+06
 181) S       + CO2     = SO      + CO           1.323E+03
 192) HSO     + S       = HS      + SO           1.432E+03
 198) OCS     + S       = CO      + S2           3.607E-07
 200) S       + HCO     = OCS     + H            1.276E-01
 201) S       + CO      = OCS     +              3.393E+01
 206) OCS     + S       = OCS2    +              9.359E-07
 207) OCS2    + S       = OCS     + S2           7.668E-16

SO                  PRODUCTION RXS              INT RX RATE    TP =  1.02E+11
 119) SO2     + HV      = SO      + O            6.873E+10
 136) HS      + O       = H       + SO           4.394E+08
 137) HS      + O2      = OH      + SO           1.864E+07
 143) S       + O2      = SO      + O            3.811E+09
 144) S       + OH      = SO      + H            1.380E+04
 147) S       + HO2     = SO      + OH           3.825E+03
 150) S2      + O       = S       + SO           1.198E+00
 169) SO21    + SO2     = SO3     + SO           1.199E+01
 172) SO23    + SO2     = SO3     + SO           1.409E+00
 178) S       + O3      = SO      + O2           7.357E+06
 181) S       + CO2     = SO      + CO           1.323E+03
 186) HSO     + NO      = HNO     + SO           9.496E+05
 187) HSO     + OH      = H2O     + SO           1.169E+10
 189) HSO     + H       = H2      + SO           8.031E+06
 190) HSO     + HS      = H2S     + SO           3.815E+08
 191) HSO     + O       = OH      + SO           1.715E+10
 192) HSO     + S       = HS      + SO           1.432E+03
 196) O       + OCS     = CO      + SO           1.022E-01

SO                     LOSS RXS                INT RX RATE    TL =  1.02E+11
 117) SO      + HV      = S       + O            3.817E+09
 122) SO      + O2      = O       + SO2          7.346E+09
 123) SO      + HO2     = SO2     + OH           2.955E+10
 124) SO      + O       = SO2     +              9.240E+09
 125) SO      + OH      = SO2     + H            1.710E+10
 173) SO      + NO2     = SO2     + NO           1.086E+09
 174) SO      + O3      = SO2     + O2           4.546E+09
 179) SO      + SO      = SO2     + S            4.760E+05
 180) SO3     + SO      = SO2     + SO2          5.819E+02
 182) SO      + HO2     = HSO     + O2           2.955E+10
 183) SO      + HCO     = HSO     + CO           1.157E+04
 184) H       + SO      = HSO     +              2.243E+05

SO2                 PRODUCTION RXS              INT RX RATE    TP =  7.59E+11
 122) SO      + O2      = O       + SO2          7.346E+09
 123) SO      + HO2     = SO2     + OH           2.955E+10
 124) SO      + O       = SO2     +              9.240E+09
 125) SO      + OH      = SO2     + H            1.710E+10
 163) SO3     + HV      = SO2     + O            4.109E+05
 165) SO21    + M       = SO2     + M            6.272E+11
 167) SO21    + HV      = SO2     + HV           1.725E+08
 170) SO23    + M       = SO2     + M            6.320E+10
 171) SO23    + HV      = SO2     + HV           5.789E+07
 173) SO      + NO2     = SO2     + NO           1.086E+09
 174) SO      + O3      = SO2     + O2           4.546E+09
 179) SO      + SO      = SO2     + S            4.760E+05
 180) SO3     + SO      = SO2     + SO2          5.819E+02

SO2                    LOSS RXS                INT RX RATE    TL =  7.68E+11
 119) SO2     + HV      = SO      + O            6.873E+10
 120) SO2     + HV      = SO21    +              6.901E+11
 121) SO2     + HV      = SO23    +              5.231E+08
 126) SO2     + OH      = HSO3    +              8.244E+09
 127) SO2     + O       = SO3     +              1.644E+08
 169) SO21    + SO2     = SO3     + SO           1.199E+01
 172) SO23    + SO2     = SO3     + SO           1.409E+00
 175) SO2     + HO2     = SO3     + OH           4.222E+05

H2SO4               PRODUCTION RXS              INT RX RATE    TP =  8.41E+09
 128) SO3     + H2O     = H2SO4   +              8.408E+09

H2SO4                  LOSS RXS                INT RX RATE    TL =  8.27E+09

HSO                 PRODUCTION RXS              INT RX RATE    TP =  3.49E+10
 176) HS      + O3      = HSO     + O2           4.858E+09
 177) HS      + NO2     = HSO     + NO           3.990E+08
 182) SO      + HO2     = HSO     + O2           2.955E+10
 183) SO      + HCO     = HSO     + CO           1.157E+04
 184) H       + SO      = HSO     +              2.243E+05
 205) H2S     + HO2     = H2O     + HSO          1.410E+08

HSO                    LOSS RXS                INT RX RATE    TL =  3.49E+10
 185) HSO     + HV      = HS      + O            5.642E+09
 186) HSO     + NO      = HNO     + SO           9.496E+05
 187) HSO     + OH      = H2O     + SO           1.169E+10
 188) HSO     + H       = HS      + OH           1.606E+07
 189) HSO     + H       = H2      + SO           8.031E+06
 190) HSO     + HS      = H2S     + SO           3.815E+08
 191) HSO     + O       = OH      + SO           1.715E+10
 192) HSO     + S       = HS      + SO           1.432E+03

S2                  PRODUCTION RXS              INT RX RATE    TP =  2.20E+00
 142) HS      + S       = H       + S2           2.200E+00
 148) S       + S       = S2      +              3.593E-06
 158) S4      + HV      = S2      + S2           1.198E-11
 159) S3      + HV      = S2      + S            3.562E-09
 198) OCS     + S       = CO      + S2           3.607E-07
 207) OCS2    + S       = OCS     + S2           7.668E-16

S2                     LOSS RXS                INT RX RATE    TL =  2.20E+00
 150) S2      + O       = S       + SO           1.198E+00
 152) S2      + HV      = S       + S            1.002E+00
 154) S       + S2      = S3      +              3.562E-09
 155) S2      + S2      = S4      +              1.198E-11

S4                  PRODUCTION RXS              INT RX RATE    TP =  1.20E-11
 155) S2      + S2      = S4      +              1.198E-11
 156) S       + S3      = S4      +              3.088E-20
 162) S8      + HV      = S4      + S4           4.348E-38

S4                     LOSS RXS                INT RX RATE    TL =  1.20E-11
 157) S4      + S4      = S8      +              4.348E-38
 158) S4      + HV      = S2      + S2           1.198E-11

S8                  PRODUCTION RXS              INT RX RATE    TP =  4.35E-38
 157) S4      + S4      = S8      +              4.348E-38

S8                     LOSS RXS                INT RX RATE    TL =  4.35E-38
 162) S8      + HV      = S4      + S4           4.348E-38

SO3                 PRODUCTION RXS              INT RX RATE    TP =  8.41E+09
 127) SO2     + O       = SO3     +              1.644E+08
 129) HSO3    + O2      = HO2     + SO3          8.244E+09
 130) HSO3    + OH      = H2O     + SO3          2.634E+04
 131) HSO3    + H       = H2      + SO3          6.426E+01
 132) HSO3    + O       = OH      + SO3          3.758E+05
 168) SO21    + O2      = SO3     + O            6.414E+01
 169) SO21    + SO2     = SO3     + SO           1.199E+01
 172) SO23    + SO2     = SO3     + SO           1.409E+00
 175) SO2     + HO2     = SO3     + OH           4.222E+05

SO3                    LOSS RXS                INT RX RATE    TL =  8.41E+09
 128) SO3     + H2O     = H2SO4   +              8.408E+09
 163) SO3     + HV      = SO2     + O            4.109E+05
 180) SO3     + SO      = SO2     + SO2          5.819E+02

OCS                 PRODUCTION RXS              INT RX RATE    TP =  3.41E+01
 195) HS      + CO      = OCS     + H            2.088E-02
 200) S       + HCO     = OCS     + H            1.276E-01
 201) S       + CO      = OCS     +              3.393E+01
 207) OCS2    + S       = OCS     + S2           7.668E-16
 210) OCS2    + CO      = OCS     + OCS          9.359E-07

OCS                    LOSS RXS                INT RX RATE    TL =  3.41E+01
 194) H       + OCS     = CO      + HS           2.545E-04
 196) O       + OCS     = CO      + SO           1.022E-01
 197) O       + OCS     = S       + CO2          9.204E-07
 198) OCS     + S       = CO      + S2           3.607E-07
 199) OCS     + OH      = CO2     + HS           2.348E-02
 202) OCS     + HV      = CO      + S            3.395E+01
 206) OCS     + S       = OCS2    +              9.359E-07

S3                  PRODUCTION RXS              INT RX RATE    TP =  3.56E-09
 154) S       + S2      = S3      +              3.562E-09

S3                     LOSS RXS                INT RX RATE    TL =  3.56E-09
 156) S       + S3      = S4      +              3.088E-20
 159) S3      + HV      = S2      + S            3.562E-09

O3                  PRODUCTION RXS              INT RX RATE    TP =  1.27E+14
  18) O       + O2      = O3      +              1.273E+14

O3                     LOSS RXS                INT RX RATE    TL =  1.27E+14
   5) H       + O3      = OH      + O2           9.587E+10
  12) OH      + O3      = HO2     + O2           7.034E+09
  14) HO2     + O3      = OH      + O2      O2   5.760E+09
  19) O       + O3      = O2      + O2           1.605E+09
  28) O3      + HV      = O2      + O1D          1.065E+14
  29) O3      + HV      = O2      + O            2.073E+13
  30) O3      + HV      = O       + O       O    1.332E+10
  86) N       + O3      = NO      + O2           1.336E+05
  89) NO      + O3      = NO2     + O2           4.869E+09
 174) SO      + O3      = SO2     + O2           4.546E+09
 176) HS      + O3      = HSO     + O2           4.858E+09
 178) S       + O3      = SO      + O2           7.357E+06
 228) NO2     + O3      = NO3     + O2           1.572E+06

HNO3                PRODUCTION RXS              INT RX RATE    TP =  2.80E+09
  94) NO2     + OH      = HNO3    +              2.797E+09

HNO3                   LOSS RXS                INT RX RATE    TL =  2.78E+09
  60) HNO3    + HV      = NO2     + OH           2.175E+09
  61) HNO3    + HV      = HNO2    + O            5.501E+07
  62) HNO3    + HV      = HNO2    + O1D          3.950E+07
  96) HNO3    + OH      = H2O     + NO3          4.220E+08
 238) O       + HNO3    = OH      + NO3          7.090E+04

N                   PRODUCTION RXS              INT RX RATE    TP =  2.21E+07
  63) NO      + HV      = N       + O            2.209E+07

N                      LOSS RXS                INT RX RATE    TL =  1.22E+08
  84) N       + N       = N2      +              5.297E+05
  85) N       + O2      = NO      + O            7.902E+05
  86) N       + O3      = NO      + O2           1.336E+05
  87) N       + OH      = NO      + H            5.164E+07
  88) N       + NO      = N2      + O            6.091E+07
 218) N       + NO2     = N2O     + O            3.935E+05
 223) N       + HO2     = NO      + OH           7.163E+06

NO3                 PRODUCTION RXS              INT RX RATE    TP =  3.07E+09
  96) HNO3    + OH      = H2O     + NO3          4.220E+08
 214) O       + NO2     = NO3     +              2.040E+09
 226) N2O5    + M       = NO3     + NO2          1.295E+05
 228) NO2     + O3      = NO3     + O2           1.572E+06
 235) HO2NO2  + HV      = OH      + NO3          6.055E+08
 236) N2O5    + HV      = NO3     + NO2          3.698E+05
 237) N2O5    + HV      = NO3     + NO      O    1.428E+05
 238) O       + HNO3    = OH      + NO3          7.090E+04

NO3                    LOSS RXS                INT RX RATE    TL =  3.07E+09
 211) O       + NO3     = O2      + NO2          2.179E+07
 212) HO2     + NO3     = OH      + NO2     O2   2.362E+07
 213) NO      + NO3     = NO2     + NO2          6.044E+07
 215) OH      + NO3     = HO2     + NO2          7.624E+06
 216) NO3     + HV      = NO      + O2           3.496E+08
 217) NO3     + HV      = NO2     + O            2.606E+09
 225) NO2     + NO3     = N2O5    +              6.422E+05
 227) NO2     + NO3     = NO      + NO2     O2   1.203E+02
 229) NO3     + NO3     = NO2     + NO2     O2   1.789E-02

N2O                 PRODUCTION RXS              INT RX RATE    TP =  3.94E+05
 218) N       + NO2     = N2O     + O            3.935E+05

N2O                    LOSS RXS                INT RX RATE    TL =  2.92E+11
 220) O1D     + N2O     = N2      + O2           1.410E+07
 221) O1D     + N2O     = NO      + NO           2.206E+07
 222) N2O     + HV      = N2      + O1D          2.918E+11

HO2NO2              PRODUCTION RXS              INT RX RATE    TP =  1.60E+10
 230) HO2     + NO2     = HO2NO2  +              1.600E+10

HO2NO2                 LOSS RXS                INT RX RATE    TL =  1.60E+10
 231) O       + HO2NO2  = OH      + NO2     O2   3.227E+04
 232) OH      + HO2NO2  = H2O     + NO2     O2   1.504E+09
 233) HO2NO2  + M       = HO2     + NO2          1.149E+10
 234) HO2NO2  + HV      = HO2     + NO2          2.394E+09
 235) HO2NO2  + HV      = OH      + NO3          6.055E+08

N2O5                PRODUCTION RXS              INT RX RATE    TP =  6.42E+05
 225) NO2     + NO3     = N2O5    +              6.422E+05

N2O5                   LOSS RXS                INT RX RATE    TL =  6.42E+05
 224) O       + N2O5    = NO2     + NO2     O2   3.418E+01
 226) N2O5    + M       = NO3     + NO2          1.295E+05
 236) N2O5    + HV      = NO3     + NO2          3.698E+05
 237) N2O5    + HV      = NO3     + NO      O    1.428E+05

CO2                 PRODUCTION RXS              INT RX RATE    TP =  1.98E+12
  35) O       + HCO     = H       + CO2          5.794E+07
  40) CO      + OH      = CO2     + H            1.984E+12
  41) CO      + O       = CO2     +              4.611E+08
 197) O       + OCS     = S       + CO2          9.204E-07
 199) OCS     + OH      = CO2     + HS           2.348E-02

CO2                    LOSS RXS                INT RX RATE    TL =  8.28E+11
  38) CO2     + HV      = CO      + O            6.569E+11
  39) CO2     + HV      = CO      + O1D          1.703E+11
 105) CH21    + CO2     = H2CO    + CO           8.864E+04
 107) CH23    + CO2     = H2CO    + CO           3.782E+08
 181) S       + CO2     = SO      + CO           1.323E+03

SO4AER              PRODUCTION RXS              INT RX RATE    TP =  8.01E+09

SO4AER                 LOSS RXS                INT RX RATE    TL =  7.91E+09

S8AER               PRODUCTION RXS              INT RX RATE    TP =  0.00E+00

S8AER                  LOSS RXS                INT RX RATE    TL =  1.70E-19

HNO2                PRODUCTION RXS              INT RX RATE    TP =  0.00E+00
  61) HNO3    + HV      = HNO2    + O            5.501E+07
  62) HNO3    + HV      = HNO2    + O1D          3.950E+07
  92) NO      + OH      = HNO2    +              5.624E+09
 239) HO2     + NO2     = HNO2    + O2           6.019E+06

HNO2                   LOSS RXS                INT RX RATE    TL =  0.00E+00
  59) HNO2    + HV      = NO      + OH           5.500E+09
 102) HNO2    + OH      = H2O     + NO2          2.249E+08

O1D                 PRODUCTION RXS              INT RX RATE    TP =  0.00E+00
  23) O2      + HV      = O       + O1D          1.705E+11
  26) H2O     + HV      = H2      + O1D          4.645E+07
  28) O3      + HV      = O2      + O1D          1.065E+14
  39) CO2     + HV      = CO      + O1D          1.703E+11
  62) HNO3    + HV      = HNO2    + O1D          3.950E+07
  64) NO2     + HV      = NO      + O1D          2.179E+08
 222) N2O     + HV      = N2      + O1D          2.918E+11

O1D                    LOSS RXS                INT RX RATE    TL =  0.00E+00
   1) H2O     + O1D     = OH      + OH           1.536E+11
   2) H2      + O1D     = OH      + H            2.024E+08
  21) O1D     + N2      = O       + N2           1.070E+14
  22) O1D     + O2      = O       + O2           1.304E+09
  67) CH4     + O1D     = CH3     + OH           5.130E+08
  68) CH4     + O1D     = H2CO    + H2           3.420E+07
 110) C2H6    + O1D     = C2H5    + OH           1.869E+00
 203) CO      + O1D     = CO      + O            1.331E+08
 220) O1D     + N2O     = N2      + O2           1.410E+07
 221) O1D     + N2O     = NO      + NO           2.206E+07

CH21                PRODUCTION RXS              INT RX RATE    TP =  0.00E+00
  54) CH4     + HV      = CH21    + H2           8.551E+08
  58) C2H6    + HV      = CH4     + CH21         1.190E+03
  78) CH3     + HV      = CH21    + H            1.188E+06

CH21                   LOSS RXS                INT RX RATE    TL =  0.00E+00
  69) CH21    + CH4     = CH3     + CH3          8.302E+02
  70) CH21    + O2      = HCO     + OH           7.865E+04
  71) CH21    + N2      = CH23    + N2           8.560E+08
 104) CH21    + H2      = CH3     + H            3.944E+04
 105) CH21    + CO2     = H2CO    + CO           8.864E+04

CH23                PRODUCTION RXS              INT RX RATE    TP =  0.00E+00
  56) CH4     + HV      = CH23    + H       H    1.806E+08
  71) CH21    + N2      = CH23    + N2           8.560E+08

CH23                   LOSS RXS                INT RX RATE    TL =  0.00E+00
  72) CH23    + H2      = CH3     + H            6.248E+06
  73) CH23    + CH4     = CH3     + CH3          3.168E-04
  74) CH23    + O2      = HCO     + OH           6.161E+08
 106) CH23    + O       = HCO     + H            3.608E+07
 107) CH23    + CO2     = H2CO    + CO           3.782E+08

C2H5                PRODUCTION RXS              INT RX RATE    TP =  0.00E+00
 108) C2H6    + OH      = C2H5    + H2O          1.970E+03
 109) C2H6    + O       = C2H5    + OH           2.152E+01
 110) C2H6    + O1D     = C2H5    + OH           1.869E+00

C2H5                   LOSS RXS                INT RX RATE    TL =  0.00E+00
 111) C2H5    + H       = CH3     + CH3          1.347E+00
 112) C2H5    + O       = CH3     + HCO     H    3.382E+01
 113) C2H5    + OH      = CH3     + HCO     H2   1.790E-02
 114) C2H5    + HCO     = C2H6    + CO           6.577E-06
 115) C2H5    + HNO     = C2H6    + NO           7.473E-12
 116) C2H5    + O2      = CH3     + HCO     OH   1.959E+03

SO21                PRODUCTION RXS              INT RX RATE    TP =  0.00E+00
 120) SO2     + HV      = SO21    +              6.901E+11

SO21                   LOSS RXS                INT RX RATE    TL =  0.00E+00
 164) SO21    + M       = SO23    + M            6.272E+10
 165) SO21    + M       = SO2     + M            6.272E+11
 166) SO21    + HV      = SO23    + HV           1.176E+07
 167) SO21    + HV      = SO2     + HV           1.725E+08
 168) SO21    + O2      = SO3     + O            6.414E+01
 169) SO21    + SO2     = SO3     + SO           1.199E+01

SO23                PRODUCTION RXS              INT RX RATE    TP =  0.00E+00
 121) SO2     + HV      = SO23    +              5.231E+08
 164) SO21    + M       = SO23    + M            6.272E+10
 166) SO21    + HV      = SO23    + HV           1.176E+07

SO23                   LOSS RXS                INT RX RATE    TL =  0.00E+00
 170) SO23    + M       = SO2     + M            6.320E+10
 171) SO23    + HV      = SO2     + HV           5.789E+07
 172) SO23    + SO2     = SO3     + SO           1.409E+00

HSO3                PRODUCTION RXS              INT RX RATE    TP =  0.00E+00
 126) SO2     + OH      = HSO3    +              8.244E+09

HSO3                   LOSS RXS                INT RX RATE    TL =  0.00E+00
 129) HSO3    + O2      = HO2     + SO3          8.244E+09
 130) HSO3    + OH      = H2O     + SO3          2.634E+04
 131) HSO3    + H       = H2      + SO3          6.426E+01
 132) HSO3    + O       = OH      + SO3          3.758E+05

OCS2                PRODUCTION RXS              INT RX RATE    TP =  0.00E+00
 206) OCS     + S       = OCS2    +              9.359E-07

OCS2                   LOSS RXS                INT RX RATE    TL =  0.00E+00
 207) OCS2    + S       = OCS     + S2           7.668E-16
 210) OCS2    + CO      = OCS     + OCS          9.359E-07

N2                  PRODUCTION RXS              INT RX RATE    TP =  0.00E+00
  21) O1D     + N2      = O       + N2           1.070E+14
  71) CH21    + N2      = CH23    + N2           8.560E+08
  84) N       + N       = N2      +              5.297E+05
  88) N       + NO      = N2      + O            6.091E+07
 220) O1D     + N2O     = N2      + O2           1.410E+07
 222) N2O     + HV      = N2      + O1D          2.918E+11

N2                     LOSS RXS                INT RX RATE    TL =  0.00E+00
  21) O1D     + N2      = O       + N2           1.070E+14
  71) CH21    + N2      = CH23    + N2           8.560E+08
