
O                   PRODUCTION RXS              INT RX RATE    TP =  2.35E+15
   8) H       + HO2     = H2O     + O            1.467E+08
  20) OH      + OH      = H2O     + O            5.137E+08
  21) O1D     + N2      = O       + N2           5.221E+14
  22) O1D     + O2      = O       + O2           1.512E+14
  23) O2      + HV      = O       + O1D          2.765E+11
  24) O2      + HV      = O       + O            6.321E+12
  27) H2O     + HV      = H       + H       O    1.480E+08
  29) O3      + HV      = O2      + O            1.634E+15
  30) O3      + HV      = O       + O       O    1.671E+11
  38) CO2     + HV      = CO      + O            5.373E+08
  53) HO2     + HV      = OH      + O            3.346E+09
  61) HNO3    + HV      = HNO2    + O            2.326E+08
  63) NO      + HV      = N       + O            1.461E+08
  65) NO2     + HV      = NO      + O            3.165E+13
  85) N       + O2      = NO      + O            1.771E+08
  88) N       + NO      = N2      + O            6.424E+07
 117) SO      + HV      = S       + O            1.227E+03
 119) SO2     + HV      = SO      + O            4.367E+07
 122) SO      + O2      = O       + SO2          2.275E+08
 143) S       + O2      = SO      + O            1.228E+03
 163) SO3     + HV      = SO2     + O            1.828E+03
 168) SO21    + O2      = SO3     + O            1.154E+06
 185) HSO     + HV      = HS      + O            1.251E+01
 203) CO      + O1D     = CO      + O            3.012E+07
 217) NO3     + HV      = NO2     + O            2.532E+10
 218) N       + NO2     = N2O     + O            4.399E+05
 237) N2O5    + HV      = NO3     + NO      O    2.952E+08

O                      LOSS RXS                INT RX RATE    TL =  2.35E+15
   3) H2      + O       = OH      + H            7.333E+07
  10) OH      + O       = H       + O2           2.930E+12
  13) HO2     + O       = OH      + O2           2.042E+12
  17) O       + O       = O2      +              2.633E+10
  18) O       + O2      = O3      +              2.343E+15
  19) O       + O3      = O2      + O2           1.073E+12
  35) O       + HCO     = H       + CO2          9.958E+05
  36) O       + HCO     = OH      + CO           9.958E+05
  41) CO      + O       = CO2     +              5.185E+05
  51) H2CO    + O       = HCO     + OH           4.472E+08
  52) H2O2    + O       = OH      + HO2          2.692E+06
  76) CH3     + O       = H2CO    + H            1.818E+07
  90) NO      + O       = NO2     +              7.148E+09
  93) NO2     + O       = NO      + O2           2.552E+12
 100) O       + HNO     = OH      + NO           7.896E+04
 103) CH4     + O       = CH3     + OH           7.735E+07
 106) CH23    + O       = HCO     + H            3.095E+05
 109) C2H6    + O       = C2H5    + OH           1.591E-03
 112) C2H5    + O       = CH3     + HCO     H    6.606E-04
 124) SO      + O       = SO2     +              1.257E+02
 127) SO2     + O       = SO3     +              1.359E+06
 132) HSO3    + O       = OH      + SO3          2.212E-02
 135) H2S     + O       = OH      + HS           5.013E+02
 136) HS      + O       = H       + SO           1.266E+01
 150) S2      + O       = S       + SO           1.641E-17
 191) HSO     + O       = OH      + SO           7.968E+04
 196) O       + OCS     = CO      + SO           4.942E-07
 197) O       + OCS     = S       + CO2          1.353E-12
 211) O       + NO3     = O2      + NO2          1.812E+08
 214) O       + NO2     = NO3     +              1.357E+10
 224) O       + N2O5    = NO2     + NO2     O2   3.975E+04
 231) O       + HO2NO2  = OH      + NO2     O2   1.043E+05
 238) O       + HNO3    = OH      + NO3          1.926E+06

O2                  PRODUCTION RXS              INT RX RATE    TP =  2.50E+15
   5) H       + O3      = OH      + O2           1.002E+12
   7) H       + HO2     = H2      + O2           6.326E+08
  10) OH      + O       = H       + O2           2.930E+12
  11) OH      + HO2     = H2O     + O2           4.890E+10
  12) OH      + O3      = HO2     + O2           4.684E+11
  13) HO2     + O       = OH      + O2           2.042E+12
  14) HO2     + O3      = OH      + O2      O2   1.223E+11
  15) HO2     + HO2     = H2O2    + O2           8.680E+10
  17) O       + O       = O2      +              2.633E+10
  19) O       + O3      = O2      + O2           1.073E+12
  22) O1D     + O2      = O       + O2           1.512E+14
  28) O3      + HV      = O2      + O1D          6.731E+14
  29) O3      + HV      = O2      + O            1.634E+15
  86) N       + O3      = NO      + O2           2.152E+04
  89) NO      + O3      = NO2     + O2           3.376E+13
  93) NO2     + O       = NO      + O2           2.552E+12
 138) HS      + HO2     = H2S     + O2           1.626E+05
 146) S       + HO2     = HS      + O2           8.175E-06
 174) SO      + O3      = SO2     + O2           2.279E+06
 176) HS      + O3      = HSO     + O2           7.029E+07
 178) S       + O3      = SO      + O2           3.061E-02
 182) SO      + HO2     = HSO     + O2           9.137E+03
 211) O       + NO3     = O2      + NO2          1.812E+08
 212) HO2     + NO3     = OH      + NO2     O2   1.141E+07
 216) NO3     + HV      = NO      + O2           3.314E+09
 220) O1D     + N2O     = N2      + O2           5.361E+07
 224) O       + N2O5    = NO2     + NO2     O2   3.975E+04
 227) NO2     + NO3     = NO      + NO2     O2   8.961E+04
 228) NO2     + O3      = NO3     + O2           2.381E+10
 229) NO3     + NO3     = NO2     + NO2     O2   5.726E-01
 231) O       + HO2NO2  = OH      + NO2     O2   1.043E+05
 232) OH      + HO2NO2  = H2O     + NO2     O2   3.722E+09
 239) HO2     + NO2     = HNO2    + O2           2.283E+07

O2                     LOSS RXS                INT RX RATE    TL =  2.50E+15
   6) H       + O2      = HO2     +              2.269E+12
  18) O       + O2      = O3      +              2.343E+15
  22) O1D     + O2      = O       + O2           1.512E+14
  23) O2      + HV      = O       + O1D          2.765E+11
  24) O2      + HV      = O       + O            6.321E+12
  47) HCO     + O2      = HO2     + CO           6.175E+10
  70) CH21    + O2      = HCO     + OH           5.820E+06
  74) CH23    + O2      = HCO     + OH           9.442E+06
  75) CH3     + O2      = H2CO    + OH           1.175E+11
  85) N       + O2      = NO      + O            1.771E+08
 116) C2H5    + O2      = CH3     + HCO     OH   5.197E-03
 122) SO      + O2      = O       + SO2          2.275E+08
 129) HSO3    + O2      = HO2     + SO3          6.890E+09
 137) HS      + O2      = OH      + SO           1.054E+08
 143) S       + O2      = SO      + O            1.228E+03
 168) SO21    + O2      = SO3     + O            1.154E+06

H2O                 PRODUCTION RXS              INT RX RATE    TP =  3.93E+10
   4) H2      + OH      = H2O     + H            3.662E+10
   8) H       + HO2     = H2O     + O            1.467E+08
  11) OH      + HO2     = H2O     + O2           4.890E+10
  16) H2O2    + OH      = HO2     + H2O          2.937E+10
  20) OH      + OH      = H2O     + O            5.137E+08
  34) OH      + HCO     = H2O     + CO           4.623E+01
  48) H2CO    + OH      = H2O     + HCO          2.951E+10
  49) H       + OH      = H2O     +              2.047E+05
  66) CH4     + OH      = CH3     + H2O          1.160E+11
  96) HNO3    + OH      = H2O     + NO3          3.778E+09
 101) OH      + HNO     = H2O     + NO           6.272E+03
 102) HNO2    + OH      = H2O     + NO2          7.216E+07
 108) C2H6    + OH      = C2H5    + H2O          3.952E-03
 130) HSO3    + OH      = H2O     + SO3          9.886E-02
 133) H2S     + OH      = H2O     + HS           1.767E+08
 187) HSO     + OH      = H2O     + SO           8.188E+07
 205) H2S     + HO2     = H2O     + HSO          2.379E+07
 232) OH      + HO2NO2  = H2O     + NO2     O2   3.722E+09

H2O                    LOSS RXS                INT RX RATE    TL =  2.92E+10
   1) H2O     + O1D     = OH      + OH           7.498E+10
  25) H2O     + HV      = H       + OH           2.173E+09
  26) H2O     + HV      = H2      + O1D          9.869E+07
  27) H2O     + HV      = H       + H       O    1.480E+08
 128) SO3     + H2O     = H2SO4   +              6.893E+09

H                   PRODUCTION RXS              INT RX RATE    TP =  3.28E+12
   2) H2      + O1D     = OH      + H            8.914E+08
   3) H2      + O       = OH      + H            7.333E+07
   4) H2      + OH      = H2O     + H            3.662E+10
  10) OH      + O       = H       + O2           2.930E+12
  25) H2O     + HV      = H       + OH           2.173E+09
  27) H2O     + HV      = H       + H       O    1.480E+08
  35) O       + HCO     = H       + CO2          9.958E+05
  40) CO      + OH      = CO2     + H            2.765E+11
  43) H2CO    + HV      = HCO     + H            3.177E+10
  44) HCO     + HV      = H       + CO           1.511E+03
  55) CH4     + HV      = CH3     + H            1.425E+07
  56) CH4     + HV      = CH23    + H       H    2.425E+06
  72) CH23    + H2      = CH3     + H            5.190E+00
  76) CH3     + O       = H2CO    + H            1.818E+07
  78) CH3     + HV      = CH21    + H            3.029E+03
  87) N       + OH      = NO      + H            3.777E+06
  98) HNO     + HV      = NO      + H            1.497E+05
 104) CH21    + H2      = CH3     + H            4.167E+02
 106) CH23    + O       = HCO     + H            3.095E+05
 112) C2H5    + O       = CH3     + HCO     H    6.606E-04
 118) H2S     + HV      = HS      + H            8.999E-01
 125) SO      + OH      = SO2     + H            5.641E+03
 136) HS      + O       = H       + SO           1.266E+01
 142) HS      + S       = H       + S2           1.054E-16
 144) S       + OH      = SO      + H            2.650E-04
 195) HS      + CO      = OCS     + H            1.091E-05
 200) S       + HCO     = OCS     + H            2.723E-11

H                      LOSS RXS                INT RX RATE    TL =  3.28E+12
   5) H       + O3      = OH      + O2           1.002E+12
   6) H       + O2      = HO2     +              2.269E+12
   7) H       + HO2     = H2      + O2           6.326E+08
   8) H       + HO2     = H2O     + O            1.467E+08
   9) H       + HO2     = OH      + OH           6.601E+09
  31) H       + CO      = HCO     +              4.905E+03
  32) H       + HCO     = H2      + CO           5.968E+03
  45) H2CO    + H       = H2      + HCO          5.840E+04
  46) H       + H       = H2      +              3.296E+05
  49) H       + OH      = H2O     +              2.047E+05
  79) CH3     + H       = CH4     +              1.497E+02
  83) H       + NO      = HNO     +              8.164E+04
  95) NO2     + H       = NO      + OH           1.713E+08
  99) H       + HNO     = H2      + NO           6.751E+00
 111) C2H5    + H       = CH3     + CH3          1.447E-06
 131) HSO3    + H       = H2      + SO3          5.123E-07
 134) H2S     + H       = H2      + HS           2.927E+00
 141) HS      + H       = H2      + S            2.288E-03
 184) H       + SO      = HSO     +              1.294E-02
 188) HSO     + H       = HS      + OH           6.357E+00
 189) HSO     + H       = H2      + SO           3.179E+00
 194) H       + OCS     = CO      + HS           4.689E-12

OH                  PRODUCTION RXS              INT RX RATE    TP =  3.97E+12
   1) H2O     + O1D     = OH      + OH           7.498E+10
   2) H2      + O1D     = OH      + H            8.914E+08
   3) H2      + O       = OH      + H            7.333E+07
   5) H       + O3      = OH      + O2           1.002E+12
   9) H       + HO2     = OH      + OH           6.601E+09
  13) HO2     + O       = OH      + O2           2.042E+12
  14) HO2     + O3      = OH      + O2      O2   1.223E+11
  25) H2O     + HV      = H       + OH           2.173E+09
  36) O       + HCO     = OH      + CO           9.958E+05
  37) H2O2    + HV      = OH      + OH           3.350E+10
  51) H2CO    + O       = HCO     + OH           4.472E+08
  52) H2O2    + O       = OH      + HO2          2.692E+06
  53) HO2     + HV      = OH      + O            3.346E+09
  59) HNO2    + HV      = NO      + OH           7.312E+09
  60) HNO3    + HV      = NO2     + OH           9.942E+09
  67) CH4     + O1D     = CH3     + OH           1.411E+09
  70) CH21    + O2      = HCO     + OH           5.820E+06
  74) CH23    + O2      = HCO     + OH           9.442E+06
  75) CH3     + O2      = H2CO    + OH           1.175E+11
  91) NO      + HO2     = NO2     + OH           4.330E+11
  95) NO2     + H       = NO      + OH           1.713E+08
 100) O       + HNO     = OH      + NO           7.896E+04
 103) CH4     + O       = CH3     + OH           7.735E+07
 109) C2H6    + O       = C2H5    + OH           1.591E-03
 110) C2H6    + O1D     = C2H5    + OH           3.167E-04
 116) C2H5    + O2      = CH3     + HCO     OH   5.197E-03
 123) SO      + HO2     = SO2     + OH           9.137E+03
 132) HSO3    + O       = OH      + SO3          2.212E-02
 135) H2S     + O       = OH      + HS           5.013E+02
 137) HS      + O2      = OH      + SO           1.054E+08
 147) S       + HO2     = SO      + OH           8.175E-06
 175) SO2     + HO2     = SO3     + OH           5.584E+05
 188) HSO     + H       = HS      + OH           6.357E+00
 191) HSO     + O       = OH      + SO           7.968E+04
 212) HO2     + NO3     = OH      + NO2     O2   1.141E+07
 223) N       + HO2     = NO      + OH           5.588E+05
 231) O       + HO2NO2  = OH      + NO2     O2   1.043E+05
 235) HO2NO2  + HV      = OH      + NO3          6.024E+08
 238) O       + HNO3    = OH      + NO3          1.926E+06

OH                     LOSS RXS                INT RX RATE    TL =  3.97E+12
   4) H2      + OH      = H2O     + H            3.662E+10
  10) OH      + O       = H       + O2           2.930E+12
  11) OH      + HO2     = H2O     + O2           4.890E+10
  12) OH      + O3      = HO2     + O2           4.684E+11
  16) H2O2    + OH      = HO2     + H2O          2.937E+10
  20) OH      + OH      = H2O     + O            5.137E+08
  34) OH      + HCO     = H2O     + CO           4.623E+01
  40) CO      + OH      = CO2     + H            2.765E+11
  48) H2CO    + OH      = H2O     + HCO          2.951E+10
  49) H       + OH      = H2O     +              2.047E+05
  50) OH      + OH      = H2O2    +              2.052E+07
  66) CH4     + OH      = CH3     + H2O          1.160E+11
  87) N       + OH      = NO      + H            3.777E+06
  92) NO      + OH      = HNO2    +              6.962E+09
  94) NO2     + OH      = HNO3    +              1.516E+10
  96) HNO3    + OH      = H2O     + NO3          3.778E+09
 101) OH      + HNO     = H2O     + NO           6.272E+03
 102) HNO2    + OH      = H2O     + NO2          7.216E+07
 108) C2H6    + OH      = C2H5    + H2O          3.952E-03
 113) C2H5    + OH      = CH3     + HCO     H2   5.435E-09
 125) SO      + OH      = SO2     + H            5.641E+03
 126) SO2     + OH      = HSO3    +              6.890E+09
 130) HSO3    + OH      = H2O     + SO3          9.886E-02
 133) H2S     + OH      = H2O     + HS           1.767E+08
 144) S       + OH      = SO      + H            2.650E-04
 187) HSO     + OH      = H2O     + SO           8.188E+07
 199) OCS     + OH      = CO2     + HS           8.568E-06
 215) OH      + NO3     = HO2     + NO2          1.888E+07
 232) OH      + HO2NO2  = H2O     + NO2     O2   3.722E+09

HO2                 PRODUCTION RXS              INT RX RATE    TP =  2.86E+12
   6) H       + O2      = HO2     +              2.269E+12
  12) OH      + O3      = HO2     + O2           4.684E+11
  16) H2O2    + OH      = HO2     + H2O          2.937E+10
  47) HCO     + O2      = HO2     + CO           6.175E+10
  52) H2O2    + O       = OH      + HO2          2.692E+06
 129) HSO3    + O2      = HO2     + SO3          6.890E+09
 215) OH      + NO3     = HO2     + NO2          1.888E+07
 233) HO2NO2  + M       = HO2     + NO2          2.501E+10
 234) HO2NO2  + HV      = HO2     + NO2          2.377E+09

HO2                    LOSS RXS                INT RX RATE    TL =  2.86E+12
   7) H       + HO2     = H2      + O2           6.326E+08
   8) H       + HO2     = H2O     + O            1.467E+08
   9) H       + HO2     = OH      + OH           6.601E+09
  11) OH      + HO2     = H2O     + O2           4.890E+10
  13) HO2     + O       = OH      + O2           2.042E+12
  14) HO2     + O3      = OH      + O2      O2   1.223E+11
  15) HO2     + HO2     = H2O2    + O2           8.680E+10
  53) HO2     + HV      = OH      + O            3.346E+09
  91) NO      + HO2     = NO2     + OH           4.330E+11
 123) SO      + HO2     = SO2     + OH           9.137E+03
 138) HS      + HO2     = H2S     + O2           1.626E+05
 146) S       + HO2     = HS      + O2           8.175E-06
 147) S       + HO2     = SO      + OH           8.175E-06
 175) SO2     + HO2     = SO3     + OH           5.584E+05
 182) SO      + HO2     = HSO     + O2           9.137E+03
 205) H2S     + HO2     = H2O     + HSO          2.379E+07
 212) HO2     + NO3     = OH      + NO2     O2   1.141E+07
 223) N       + HO2     = NO      + OH           5.588E+05
 230) HO2     + NO2     = HO2NO2  +              3.176E+10
 239) HO2     + NO2     = HNO2    + O2           2.283E+07

H2O2                PRODUCTION RXS              INT RX RATE    TP =  8.68E+10
  15) HO2     + HO2     = H2O2    + O2           8.680E+10
  50) OH      + OH      = H2O2    +              2.052E+07

H2O2                   LOSS RXS                INT RX RATE    TL =  8.12E+10
  16) H2O2    + OH      = HO2     + H2O          2.937E+10
  37) H2O2    + HV      = OH      + OH           3.350E+10
  52) H2O2    + O       = OH      + HO2          2.692E+06

H2                  PRODUCTION RXS              INT RX RATE    TP =  5.34E+10
   7) H       + HO2     = H2      + O2           6.326E+08
  26) H2O     + HV      = H2      + O1D          9.869E+07
  32) H       + HCO     = H2      + CO           5.968E+03
  42) H2CO    + HV      = H2      + CO           5.248E+10
  45) H2CO    + H       = H2      + HCO          5.840E+04
  46) H       + H       = H2      +              3.296E+05
  54) CH4     + HV      = CH21    + H2           1.314E+07
  68) CH4     + O1D     = H2CO    + H2           9.404E+07
  99) H       + HNO     = H2      + NO           6.751E+00
 113) C2H5    + OH      = CH3     + HCO     H2   5.435E-09
 131) HSO3    + H       = H2      + SO3          5.123E-07
 134) H2S     + H       = H2      + HS           2.927E+00
 141) HS      + H       = H2      + S            2.288E-03
 189) HSO     + H       = H2      + SO           3.179E+00

H2                     LOSS RXS                INT RX RATE    TL =  3.76E+10
   2) H2      + O1D     = OH      + H            8.914E+08
   3) H2      + O       = OH      + H            7.333E+07
   4) H2      + OH      = H2O     + H            3.662E+10
  72) CH23    + H2      = CH3     + H            5.190E+00
 104) CH21    + H2      = CH3     + H            4.167E+02

CO                  PRODUCTION RXS              INT RX RATE    TP =  1.15E+11
  32) H       + HCO     = H2      + CO           5.968E+03
  33) HCO     + HCO     = H2CO    + CO           2.935E-07
  34) OH      + HCO     = H2O     + CO           4.623E+01
  36) O       + HCO     = OH      + CO           9.958E+05
  38) CO2     + HV      = CO      + O            5.373E+08
  39) CO2     + HV      = CO      + O1D          4.971E+08
  42) H2CO    + HV      = H2      + CO           5.248E+10
  44) HCO     + HV      = H       + CO           1.511E+03
  47) HCO     + O2      = HO2     + CO           6.175E+10
  80) CH3     + HCO     = CH4     + CO           4.758E-05
  97) HCO     + NO      = HNO     + CO           3.133E+02
 105) CH21    + CO2     = H2CO    + CO           2.214E+02
 107) CH23    + CO2     = H2CO    + CO           7.231E+01
 114) C2H5    + HCO     = C2H6    + CO           5.280E-16
 140) HS      + HCO     = H2S     + CO           6.405E-06
 145) S       + HCO     = HS      + CO           3.404E-12
 181) S       + CO2     = SO      + CO           5.772E-09
 183) SO      + HCO     = HSO     + CO           1.023E-06
 194) H       + OCS     = CO      + HS           4.689E-12
 196) O       + OCS     = CO      + SO           4.942E-07
 198) OCS     + S       = CO      + S2           2.892E-22
 202) OCS     + HV      = CO      + S            1.827E-06
 203) CO      + O1D     = CO      + O            3.012E+07

CO                     LOSS RXS                INT RX RATE    TL =  2.77E+11
  31) H       + CO      = HCO     +              4.905E+03
  40) CO      + OH      = CO2     + H            2.765E+11
  41) CO      + O       = CO2     +              5.185E+05
 195) HS      + CO      = OCS     + H            1.091E-05
 201) S       + CO      = OCS     +              1.765E-11
 203) CO      + O1D     = CO      + O            3.012E+07
 210) OCS2    + CO      = OCS     + OCS          9.287E-23

HCO                 PRODUCTION RXS              INT RX RATE    TP =  6.17E+10
  31) H       + CO      = HCO     +              4.905E+03
  43) H2CO    + HV      = HCO     + H            3.177E+10
  45) H2CO    + H       = H2      + HCO          5.840E+04
  48) H2CO    + OH      = H2O     + HCO          2.951E+10
  51) H2CO    + O       = HCO     + OH           4.472E+08
  70) CH21    + O2      = HCO     + OH           5.820E+06
  74) CH23    + O2      = HCO     + OH           9.442E+06
  82) CH3     + H2CO    = CH4     + HCO          5.132E-05
 106) CH23    + O       = HCO     + H            3.095E+05
 112) C2H5    + O       = CH3     + HCO     H    6.606E-04
 113) C2H5    + OH      = CH3     + HCO     H2   5.435E-09
 116) C2H5    + O2      = CH3     + HCO     OH   5.197E-03
 151) HS      + H2CO    = H2S     + HCO          3.338E+05

HCO                    LOSS RXS                INT RX RATE    TL =  6.17E+10
  32) H       + HCO     = H2      + CO           5.968E+03
  33) HCO     + HCO     = H2CO    + CO           2.935E-07
  34) OH      + HCO     = H2O     + CO           4.623E+01
  35) O       + HCO     = H       + CO2          9.958E+05
  36) O       + HCO     = OH      + CO           9.958E+05
  44) HCO     + HV      = H       + CO           1.511E+03
  47) HCO     + O2      = HO2     + CO           6.175E+10
  80) CH3     + HCO     = CH4     + CO           4.758E-05
  97) HCO     + NO      = HNO     + CO           3.133E+02
 114) C2H5    + HCO     = C2H6    + CO           5.280E-16
 140) HS      + HCO     = H2S     + CO           6.405E-06
 145) S       + HCO     = HS      + CO           3.404E-12
 183) SO      + HCO     = HSO     + CO           1.023E-06
 200) S       + HCO     = OCS     + H            2.723E-11

H2CO                PRODUCTION RXS              INT RX RATE    TP =  1.18E+11
  33) HCO     + HCO     = H2CO    + CO           2.935E-07
  68) CH4     + O1D     = H2CO    + H2           9.404E+07
  75) CH3     + O2      = H2CO    + OH           1.175E+11
  76) CH3     + O       = H2CO    + H            1.818E+07
 105) CH21    + CO2     = H2CO    + CO           2.214E+02
 107) CH23    + CO2     = H2CO    + CO           7.231E+01

H2CO                   LOSS RXS                INT RX RATE    TL =  1.16E+11
  42) H2CO    + HV      = H2      + CO           5.248E+10
  43) H2CO    + HV      = HCO     + H            3.177E+10
  45) H2CO    + H       = H2      + HCO          5.840E+04
  48) H2CO    + OH      = H2O     + HCO          2.951E+10
  51) H2CO    + O       = HCO     + OH           4.472E+08
  82) CH3     + H2CO    = CH4     + HCO          5.132E-05
 151) HS      + H2CO    = H2S     + HCO          3.338E+05

CH4                 PRODUCTION RXS              INT RX RATE    TP =  1.50E+02
  58) C2H6    + HV      = CH4     + CH21         2.519E-04
  79) CH3     + H       = CH4     +              1.497E+02
  80) CH3     + HCO     = CH4     + CO           4.758E-05
  81) CH3     + HNO     = CH4     + NO           7.344E-07
  82) CH3     + H2CO    = CH4     + HCO          5.132E-05

CH4                    LOSS RXS                INT RX RATE    TL =  1.18E+11
  54) CH4     + HV      = CH21    + H2           1.314E+07
  55) CH4     + HV      = CH3     + H            1.425E+07
  56) CH4     + HV      = CH23    + H       H    2.425E+06
  66) CH4     + OH      = CH3     + H2O          1.160E+11
  67) CH4     + O1D     = CH3     + OH           1.411E+09
  68) CH4     + O1D     = H2CO    + H2           9.404E+07
  69) CH21    + CH4     = CH3     + CH3          3.661E+00
  73) CH23    + CH4     = CH3     + CH3          5.011E-09
 103) CH4     + O       = CH3     + OH           7.735E+07

CH3                 PRODUCTION RXS              INT RX RATE    TP =  1.18E+11
  55) CH4     + HV      = CH3     + H            1.425E+07
  66) CH4     + OH      = CH3     + H2O          1.160E+11
  67) CH4     + O1D     = CH3     + OH           1.411E+09
  69) CH21    + CH4     = CH3     + CH3          3.661E+00
  72) CH23    + H2      = CH3     + H            5.190E+00
  73) CH23    + CH4     = CH3     + CH3          5.011E-09
 103) CH4     + O       = CH3     + OH           7.735E+07
 104) CH21    + H2      = CH3     + H            4.167E+02
 111) C2H5    + H       = CH3     + CH3          1.447E-06
 112) C2H5    + O       = CH3     + HCO     H    6.606E-04
 113) C2H5    + OH      = CH3     + HCO     H2   5.435E-09
 116) C2H5    + O2      = CH3     + HCO     OH   5.197E-03

CH3                    LOSS RXS                INT RX RATE    TL =  1.18E+11
  75) CH3     + O2      = H2CO    + OH           1.175E+11
  76) CH3     + O       = H2CO    + H            1.818E+07
  77) CH3     + CH3     = C2H6    +              6.111E-03
  78) CH3     + HV      = CH21    + H            3.029E+03
  79) CH3     + H       = CH4     +              1.497E+02
  80) CH3     + HCO     = CH4     + CO           4.758E-05
  81) CH3     + HNO     = CH4     + NO           7.344E-07
  82) CH3     + H2CO    = CH4     + HCO          5.132E-05

C2H6                PRODUCTION RXS              INT RX RATE    TP =  6.11E-03
  77) CH3     + CH3     = C2H6    +              6.111E-03
 114) C2H5    + HCO     = C2H6    + CO           5.280E-16
 115) C2H5    + HNO     = C2H6    + NO           2.921E-20

C2H6                   LOSS RXS                INT RX RATE    TL =  6.11E-03
  58) C2H6    + HV      = CH4     + CH21         2.519E-04
 108) C2H6    + OH      = C2H5    + H2O          3.952E-03
 109) C2H6    + O       = C2H5    + OH           1.591E-03
 110) C2H6    + O1D     = C2H5    + OH           3.167E-04

NO                  PRODUCTION RXS              INT RX RATE    TP =  3.42E+13
  59) HNO2    + HV      = NO      + OH           7.312E+09
  64) NO2     + HV      = NO      + O1D          2.996E+09
  65) NO2     + HV      = NO      + O            3.165E+13
  81) CH3     + HNO     = CH4     + NO           7.344E-07
  85) N       + O2      = NO      + O            1.771E+08
  86) N       + O3      = NO      + O2           2.152E+04
  87) N       + OH      = NO      + H            3.777E+06
  93) NO2     + O       = NO      + O2           2.552E+12
  95) NO2     + H       = NO      + OH           1.713E+08
  98) HNO     + HV      = NO      + H            1.497E+05
  99) H       + HNO     = H2      + NO           6.751E+00
 100) O       + HNO     = OH      + NO           7.896E+04
 101) OH      + HNO     = H2O     + NO           6.272E+03
 115) C2H5    + HNO     = C2H6    + NO           2.921E-20
 173) SO      + NO2     = SO2     + NO           1.311E+06
 177) HS      + NO2     = HSO     + NO           5.645E+05
 216) NO3     + HV      = NO      + O2           3.314E+09
 221) O1D     + N2O     = NO      + NO           8.389E+07
 223) N       + HO2     = NO      + OH           5.588E+05
 227) NO2     + NO3     = NO      + NO2     O2   8.961E+04
 237) N2O5    + HV      = NO3     + NO      O    2.952E+08

NO                     LOSS RXS                INT RX RATE    TL =  3.42E+13
  63) NO      + HV      = N       + O            1.461E+08
  83) H       + NO      = HNO     +              8.164E+04
  88) N       + NO      = N2      + O            6.424E+07
  89) NO      + O3      = NO2     + O2           3.376E+13
  90) NO      + O       = NO2     +              7.148E+09
  91) NO      + HO2     = NO2     + OH           4.330E+11
  92) NO      + OH      = HNO2    +              6.962E+09
  97) HCO     + NO      = HNO     + CO           3.133E+02
 186) HSO     + NO      = HNO     + SO           1.533E+05
 213) NO      + NO3     = NO2     + NO2          1.291E+10

NO2                 PRODUCTION RXS              INT RX RATE    TP =  3.43E+13
  60) HNO3    + HV      = NO2     + OH           9.942E+09
  89) NO      + O3      = NO2     + O2           3.376E+13
  90) NO      + O       = NO2     +              7.148E+09
  91) NO      + HO2     = NO2     + OH           4.330E+11
 102) HNO2    + OH      = H2O     + NO2          7.216E+07
 211) O       + NO3     = O2      + NO2          1.812E+08
 212) HO2     + NO3     = OH      + NO2     O2   1.141E+07
 213) NO      + NO3     = NO2     + NO2          1.291E+10
 215) OH      + NO3     = HO2     + NO2          1.888E+07
 217) NO3     + HV      = NO2     + O            2.532E+10
 224) O       + N2O5    = NO2     + NO2     O2   3.975E+04
 226) N2O5    + M       = NO3     + NO2          3.077E+06
 227) NO2     + NO3     = NO      + NO2     O2   8.961E+04
 229) NO3     + NO3     = NO2     + NO2     O2   5.726E-01
 231) O       + HO2NO2  = OH      + NO2     O2   1.043E+05
 232) OH      + HO2NO2  = H2O     + NO2     O2   3.722E+09
 233) HO2NO2  + M       = HO2     + NO2          2.501E+10
 234) HO2NO2  + HV      = HO2     + NO2          2.377E+09
 236) N2O5    + HV      = NO3     + NO2          4.236E+07

NO2                    LOSS RXS                INT RX RATE    TL =  3.43E+13
  64) NO2     + HV      = NO      + O1D          2.996E+09
  65) NO2     + HV      = NO      + O            3.165E+13
  93) NO2     + O       = NO      + O2           2.552E+12
  94) NO2     + OH      = HNO3    +              1.516E+10
  95) NO2     + H       = NO      + OH           1.713E+08
 173) SO      + NO2     = SO2     + NO           1.311E+06
 177) HS      + NO2     = HSO     + NO           5.645E+05
 214) O       + NO2     = NO3     +              1.357E+10
 218) N       + NO2     = N2O     + O            4.399E+05
 225) NO2     + NO3     = N2O5    +              3.407E+08
 227) NO2     + NO3     = NO      + NO2     O2   8.961E+04
 228) NO2     + O3      = NO3     + O2           2.381E+10
 230) HO2     + NO2     = HO2NO2  +              3.176E+10
 239) HO2     + NO2     = HNO2    + O2           2.283E+07

HNO                 PRODUCTION RXS              INT RX RATE    TP =  2.35E+05
  83) H       + NO      = HNO     +              8.164E+04
  97) HCO     + NO      = HNO     + CO           3.133E+02
 186) HSO     + NO      = HNO     + SO           1.533E+05

HNO                    LOSS RXS                INT RX RATE    TL =  2.35E+05
  81) CH3     + HNO     = CH4     + NO           7.344E-07
  98) HNO     + HV      = NO      + H            1.497E+05
  99) H       + HNO     = H2      + NO           6.751E+00
 100) O       + HNO     = OH      + NO           7.896E+04
 101) OH      + HNO     = H2O     + NO           6.272E+03
 115) C2H5    + HNO     = C2H6    + NO           2.921E-20

H2S                 PRODUCTION RXS              INT RX RATE    TP =  5.10E+05
 138) HS      + HO2     = H2S     + O2           1.626E+05
 139) HS      + HS      = H2S     + S            2.960E-01
 140) HS      + HCO     = H2S     + CO           6.405E-06
 151) HS      + H2CO    = H2S     + HCO          3.338E+05
 190) HSO     + HS      = H2S     + SO           1.396E+04

H2S                    LOSS RXS                INT RX RATE    TL =  2.01E+08
 118) H2S     + HV      = HS      + H            8.999E-01
 133) H2S     + OH      = H2O     + HS           1.767E+08
 134) H2S     + H       = H2      + HS           2.927E+00
 135) H2S     + O       = OH      + HS           5.013E+02
 205) H2S     + HO2     = H2O     + HSO          2.379E+07

HS                  PRODUCTION RXS              INT RX RATE    TP =  1.77E+08
 118) H2S     + HV      = HS      + H            8.999E-01
 133) H2S     + OH      = H2O     + HS           1.767E+08
 134) H2S     + H       = H2      + HS           2.927E+00
 135) H2S     + O       = OH      + HS           5.013E+02
 145) S       + HCO     = HS      + CO           3.404E-12
 146) S       + HO2     = HS      + O2           8.175E-06
 185) HSO     + HV      = HS      + O            1.251E+01
 188) HSO     + H       = HS      + OH           6.357E+00
 192) HSO     + S       = HS      + SO           8.007E-12
 194) H       + OCS     = CO      + HS           4.689E-12
 199) OCS     + OH      = CO2     + HS           8.568E-06

HS                     LOSS RXS                INT RX RATE    TL =  1.77E+08
 136) HS      + O       = H       + SO           1.266E+01
 137) HS      + O2      = OH      + SO           1.054E+08
 138) HS      + HO2     = H2S     + O2           1.626E+05
 139) HS      + HS      = H2S     + S            2.960E-01
 140) HS      + HCO     = H2S     + CO           6.405E-06
 141) HS      + H       = H2      + S            2.288E-03
 142) HS      + S       = H       + S2           1.054E-16
 151) HS      + H2CO    = H2S     + HCO          3.338E+05
 176) HS      + O3      = HSO     + O2           7.029E+07
 177) HS      + NO2     = HSO     + NO           5.645E+05
 190) HSO     + HS      = H2S     + SO           1.396E+04
 195) HS      + CO      = OCS     + H            1.091E-05

S                   PRODUCTION RXS              INT RX RATE    TP =  1.23E+03
 117) SO      + HV      = S       + O            1.227E+03
 139) HS      + HS      = H2S     + S            2.960E-01
 141) HS      + H       = H2      + S            2.288E-03
 150) S2      + O       = S       + SO           1.641E-17
 152) S2      + HV      = S       + S            8.903E-17
 159) S3      + HV      = S2      + S            7.020E-37
 179) SO      + SO      = SO2     + S            2.895E-06
 197) O       + OCS     = S       + CO2          1.353E-12
 202) OCS     + HV      = CO      + S            1.827E-06

S                      LOSS RXS                INT RX RATE    TL =  1.23E+03
 142) HS      + S       = H       + S2           1.054E-16
 143) S       + O2      = SO      + O            1.228E+03
 144) S       + OH      = SO      + H            2.650E-04
 145) S       + HCO     = HS      + CO           3.404E-12
 146) S       + HO2     = HS      + O2           8.175E-06
 147) S       + HO2     = SO      + OH           8.175E-06
 148) S       + S       = S2      +              2.902E-24
 154) S       + S2      = S3      +              7.020E-37
 156) S       + S3      = S4      +              1.022E-60
 178) S       + O3      = SO      + O2           3.061E-02
 181) S       + CO2     = SO      + CO           5.772E-09
 192) HSO     + S       = HS      + SO           8.007E-12
 198) OCS     + S       = CO      + S2           2.892E-22
 200) S       + HCO     = OCS     + H            2.723E-11
 201) S       + CO      = OCS     +              1.765E-11
 206) OCS     + S       = OCS2    +              9.287E-23
 207) OCS2    + S       = OCS     + S2           4.187E-42

SO                  PRODUCTION RXS              INT RX RATE    TP =  2.31E+08
 119) SO2     + HV      = SO      + O            4.367E+07
 136) HS      + O       = H       + SO           1.266E+01
 137) HS      + O2      = OH      + SO           1.054E+08
 143) S       + O2      = SO      + O            1.228E+03
 144) S       + OH      = SO      + H            2.650E-04
 147) S       + HO2     = SO      + OH           8.175E-06
 150) S2      + O       = S       + SO           1.641E-17
 169) SO21    + SO2     = SO3     + SO           2.477E+02
 172) SO23    + SO2     = SO3     + SO           3.152E+01
 178) S       + O3      = SO      + O2           3.061E-02
 181) S       + CO2     = SO      + CO           5.772E-09
 186) HSO     + NO      = HNO     + SO           1.533E+05
 187) HSO     + OH      = H2O     + SO           8.188E+07
 189) HSO     + H       = H2      + SO           3.179E+00
 190) HSO     + HS      = H2S     + SO           1.396E+04
 191) HSO     + O       = OH      + SO           7.968E+04
 192) HSO     + S       = HS      + SO           8.007E-12
 196) O       + OCS     = CO      + SO           4.942E-07

SO                     LOSS RXS                INT RX RATE    TL =  2.31E+08
 117) SO      + HV      = S       + O            1.227E+03
 122) SO      + O2      = O       + SO2          2.275E+08
 123) SO      + HO2     = SO2     + OH           9.137E+03
 124) SO      + O       = SO2     +              1.257E+02
 125) SO      + OH      = SO2     + H            5.641E+03
 173) SO      + NO2     = SO2     + NO           1.311E+06
 174) SO      + O3      = SO2     + O2           2.279E+06
 179) SO      + SO      = SO2     + S            2.895E-06
 180) SO3     + SO      = SO2     + SO2          2.110E-04
 182) SO      + HO2     = HSO     + O2           9.137E+03
 183) SO      + HCO     = HSO     + CO           1.023E-06
 184) H       + SO      = HSO     +              1.294E-02

SO2                 PRODUCTION RXS              INT RX RATE    TP =  6.78E+11
 122) SO      + O2      = O       + SO2          2.275E+08
 123) SO      + HO2     = SO2     + OH           9.137E+03
 124) SO      + O       = SO2     +              1.257E+02
 125) SO      + OH      = SO2     + H            5.641E+03
 163) SO3     + HV      = SO2     + O            1.828E+03
 165) SO21    + M       = SO2     + M            6.107E+11
 167) SO21    + HV      = SO2     + HV           2.748E+08
 170) SO23    + M       = SO2     + M            6.692E+10
 171) SO23    + HV      = SO2     + HV           9.974E+07
 173) SO      + NO2     = SO2     + NO           1.311E+06
 174) SO      + O3      = SO2     + O2           2.279E+06
 179) SO      + SO      = SO2     + S            2.895E-06
 180) SO3     + SO      = SO2     + SO2          2.110E-04

SO2                    LOSS RXS                INT RX RATE    TL =  6.86E+11
 119) SO2     + HV      = SO      + O            4.367E+07
 120) SO2     + HV      = SO21    +              6.721E+11
 121) SO2     + HV      = SO23    +              5.931E+09
 126) SO2     + OH      = HSO3    +              6.890E+09
 127) SO2     + O       = SO3     +              1.359E+06
 169) SO21    + SO2     = SO3     + SO           2.477E+02
 172) SO23    + SO2     = SO3     + SO           3.152E+01
 175) SO2     + HO2     = SO3     + OH           5.584E+05

H2SO4               PRODUCTION RXS              INT RX RATE    TP =  6.89E+09
 128) SO3     + H2O     = H2SO4   +              6.893E+09

H2SO4                  LOSS RXS                INT RX RATE    TL =  6.79E+09

HSO                 PRODUCTION RXS              INT RX RATE    TP =  9.47E+07
 176) HS      + O3      = HSO     + O2           7.029E+07
 177) HS      + NO2     = HSO     + NO           5.645E+05
 182) SO      + HO2     = HSO     + O2           9.137E+03
 183) SO      + HCO     = HSO     + CO           1.023E-06
 184) H       + SO      = HSO     +              1.294E-02
 205) H2S     + HO2     = H2O     + HSO          2.379E+07

HSO                    LOSS RXS                INT RX RATE    TL =  8.40E+07
 185) HSO     + HV      = HS      + O            1.251E+01
 186) HSO     + NO      = HNO     + SO           1.533E+05
 187) HSO     + OH      = H2O     + SO           8.188E+07
 188) HSO     + H       = HS      + OH           6.357E+00
 189) HSO     + H       = H2      + SO           3.179E+00
 190) HSO     + HS      = H2S     + SO           1.396E+04
 191) HSO     + O       = OH      + SO           7.968E+04
 192) HSO     + S       = HS      + SO           8.007E-12

S2                  PRODUCTION RXS              INT RX RATE    TP =  1.05E-16
 142) HS      + S       = H       + S2           1.054E-16
 148) S       + S       = S2      +              2.902E-24
 158) S4      + HV      = S2      + S2           3.328E-40
 159) S3      + HV      = S2      + S            7.020E-37
 198) OCS     + S       = CO      + S2           2.892E-22
 207) OCS2    + S       = OCS     + S2           4.187E-42

S2                     LOSS RXS                INT RX RATE    TL =  1.05E-16
 150) S2      + O       = S       + SO           1.641E-17
 152) S2      + HV      = S       + S            8.903E-17
 154) S       + S2      = S3      +              7.020E-37
 155) S2      + S2      = S4      +              3.328E-40

S4                  PRODUCTION RXS              INT RX RATE    TP =  3.33E-40
 155) S2      + S2      = S4      +              3.328E-40
 156) S       + S3      = S4      +              1.022E-60
 162) S8      + HV      = S4      + S4           5.534E-94

S4                     LOSS RXS                INT RX RATE    TL =  3.33E-40
 157) S4      + S4      = S8      +              5.534E-94
 158) S4      + HV      = S2      + S2           3.328E-40

S8                  PRODUCTION RXS              INT RX RATE    TP =  5.53E-94
 157) S4      + S4      = S8      +              5.534E-94

S8                     LOSS RXS                INT RX RATE    TL =  5.53E-94
 162) S8      + HV      = S4      + S4           5.534E-94

SO3                 PRODUCTION RXS              INT RX RATE    TP =  6.89E+09
 127) SO2     + O       = SO3     +              1.359E+06
 129) HSO3    + O2      = HO2     + SO3          6.890E+09
 130) HSO3    + OH      = H2O     + SO3          9.886E-02
 131) HSO3    + H       = H2      + SO3          5.123E-07
 132) HSO3    + O       = OH      + SO3          2.212E-02
 168) SO21    + O2      = SO3     + O            1.154E+06
 169) SO21    + SO2     = SO3     + SO           2.477E+02
 172) SO23    + SO2     = SO3     + SO           3.152E+01
 175) SO2     + HO2     = SO3     + OH           5.584E+05

SO3                    LOSS RXS                INT RX RATE    TL =  6.89E+09
 128) SO3     + H2O     = H2SO4   +              6.893E+09
 163) SO3     + HV      = SO2     + O            1.828E+03
 180) SO3     + SO      = SO2     + SO2          2.110E-04

OCS                 PRODUCTION RXS              INT RX RATE    TP =  1.09E-05
 195) HS      + CO      = OCS     + H            1.091E-05
 200) S       + HCO     = OCS     + H            2.723E-11
 201) S       + CO      = OCS     +              1.765E-11
 207) OCS2    + S       = OCS     + S2           4.187E-42
 210) OCS2    + CO      = OCS     + OCS          9.287E-23

OCS                    LOSS RXS                INT RX RATE    TL =  1.09E-05
 194) H       + OCS     = CO      + HS           4.689E-12
 196) O       + OCS     = CO      + SO           4.942E-07
 197) O       + OCS     = S       + CO2          1.353E-12
 198) OCS     + S       = CO      + S2           2.892E-22
 199) OCS     + OH      = CO2     + HS           8.568E-06
 202) OCS     + HV      = CO      + S            1.827E-06
 206) OCS     + S       = OCS2    +              9.287E-23

S3                  PRODUCTION RXS              INT RX RATE    TP =  7.02E-37
 154) S       + S2      = S3      +              7.020E-37

S3                     LOSS RXS                INT RX RATE    TL =  7.02E-37
 156) S       + S3      = S4      +              1.022E-60
 159) S3      + HV      = S2      + S            7.020E-37

O3                  PRODUCTION RXS              INT RX RATE    TP =  2.34E+15
  18) O       + O2      = O3      +              2.343E+15

O3                     LOSS RXS                INT RX RATE    TL =  2.34E+15
   5) H       + O3      = OH      + O2           1.002E+12
  12) OH      + O3      = HO2     + O2           4.684E+11
  14) HO2     + O3      = OH      + O2      O2   1.223E+11
  19) O       + O3      = O2      + O2           1.073E+12
  28) O3      + HV      = O2      + O1D          6.731E+14
  29) O3      + HV      = O2      + O            1.634E+15
  30) O3      + HV      = O       + O       O    1.671E+11
  86) N       + O3      = NO      + O2           2.152E+04
  89) NO      + O3      = NO2     + O2           3.376E+13
 174) SO      + O3      = SO2     + O2           2.279E+06
 176) HS      + O3      = HSO     + O2           7.029E+07
 178) S       + O3      = SO      + O2           3.061E-02
 228) NO2     + O3      = NO3     + O2           2.381E+10

HNO3                PRODUCTION RXS              INT RX RATE    TP =  1.52E+10
  94) NO2     + OH      = HNO3    +              1.516E+10

HNO3                   LOSS RXS                INT RX RATE    TL =  1.50E+10
  60) HNO3    + HV      = NO2     + OH           9.942E+09
  61) HNO3    + HV      = HNO2    + O            2.326E+08
  62) HNO3    + HV      = HNO2    + O1D          1.670E+08
  96) HNO3    + OH      = H2O     + NO3          3.778E+09
 238) O       + HNO3    = OH      + NO3          1.926E+06

N                   PRODUCTION RXS              INT RX RATE    TP =  1.46E+08
  63) NO      + HV      = N       + O            1.461E+08

N                      LOSS RXS                INT RX RATE    TL =  2.46E+08
  84) N       + N       = N2      +              2.632E+01
  85) N       + O2      = NO      + O            1.771E+08
  86) N       + O3      = NO      + O2           2.152E+04
  87) N       + OH      = NO      + H            3.777E+06
  88) N       + NO      = N2      + O            6.424E+07
 218) N       + NO2     = N2O     + O            4.399E+05
 223) N       + HO2     = NO      + OH           5.588E+05

NO3                 PRODUCTION RXS              INT RX RATE    TP =  4.21E+10
  96) HNO3    + OH      = H2O     + NO3          3.778E+09
 214) O       + NO2     = NO3     +              1.357E+10
 226) N2O5    + M       = NO3     + NO2          3.077E+06
 228) NO2     + O3      = NO3     + O2           2.381E+10
 235) HO2NO2  + HV      = OH      + NO3          6.024E+08
 236) N2O5    + HV      = NO3     + NO2          4.236E+07
 237) N2O5    + HV      = NO3     + NO      O    2.952E+08
 238) O       + HNO3    = OH      + NO3          1.926E+06

NO3                    LOSS RXS                INT RX RATE    TL =  4.21E+10
 211) O       + NO3     = O2      + NO2          1.812E+08
 212) HO2     + NO3     = OH      + NO2     O2   1.141E+07
 213) NO      + NO3     = NO2     + NO2          1.291E+10
 215) OH      + NO3     = HO2     + NO2          1.888E+07
 216) NO3     + HV      = NO      + O2           3.314E+09
 217) NO3     + HV      = NO2     + O            2.532E+10
 225) NO2     + NO3     = N2O5    +              3.407E+08
 227) NO2     + NO3     = NO      + NO2     O2   8.961E+04
 229) NO3     + NO3     = NO2     + NO2     O2   5.726E-01

N2O                 PRODUCTION RXS              INT RX RATE    TP =  4.40E+05
 218) N       + NO2     = N2O     + O            4.399E+05

N2O                    LOSS RXS                INT RX RATE    TL =  1.13E+09
 220) O1D     + N2O     = N2      + O2           5.361E+07
 221) O1D     + N2O     = NO      + NO           8.389E+07
 222) N2O     + HV      = N2      + O1D          9.760E+08

HO2NO2              PRODUCTION RXS              INT RX RATE    TP =  3.18E+10
 230) HO2     + NO2     = HO2NO2  +              3.176E+10

HO2NO2                 LOSS RXS                INT RX RATE    TL =  3.18E+10
 231) O       + HO2NO2  = OH      + NO2     O2   1.043E+05
 232) OH      + HO2NO2  = H2O     + NO2     O2   3.722E+09
 233) HO2NO2  + M       = HO2     + NO2          2.501E+10
 234) HO2NO2  + HV      = HO2     + NO2          2.377E+09
 235) HO2NO2  + HV      = OH      + NO3          6.024E+08

N2O5                PRODUCTION RXS              INT RX RATE    TP =  3.41E+08
 225) NO2     + NO3     = N2O5    +              3.407E+08

N2O5                   LOSS RXS                INT RX RATE    TL =  3.41E+08
 224) O       + N2O5    = NO2     + NO2     O2   3.975E+04
 226) N2O5    + M       = NO3     + NO2          3.077E+06
 236) N2O5    + HV      = NO3     + NO2          4.236E+07
 237) N2O5    + HV      = NO3     + NO      O    2.952E+08

CO2                 PRODUCTION RXS              INT RX RATE    TP =  2.77E+11
  35) O       + HCO     = H       + CO2          9.958E+05
  40) CO      + OH      = CO2     + H            2.765E+11
  41) CO      + O       = CO2     +              5.185E+05
 197) O       + OCS     = S       + CO2          1.353E-12
 199) OCS     + OH      = CO2     + HS           8.568E-06

CO2                    LOSS RXS                INT RX RATE    TL =  1.03E+09
  38) CO2     + HV      = CO      + O            5.373E+08
  39) CO2     + HV      = CO      + O1D          4.971E+08
 105) CH21    + CO2     = H2CO    + CO           2.214E+02
 107) CH23    + CO2     = H2CO    + CO           7.231E+01
 181) S       + CO2     = SO      + CO           5.772E-09

SO4AER              PRODUCTION RXS              INT RX RATE    TP =  6.58E+09

SO4AER                 LOSS RXS                INT RX RATE    TL =  6.51E+09

S8AER               PRODUCTION RXS              INT RX RATE    TP =  0.00E+00

S8AER                  LOSS RXS                INT RX RATE    TL =  1.70E-19

HNO2                PRODUCTION RXS              INT RX RATE    TP =  0.00E+00
  61) HNO3    + HV      = HNO2    + O            2.326E+08
  62) HNO3    + HV      = HNO2    + O1D          1.670E+08
  92) NO      + OH      = HNO2    +              6.962E+09
 239) HO2     + NO2     = HNO2    + O2           2.283E+07

HNO2                   LOSS RXS                INT RX RATE    TL =  0.00E+00
  59) HNO2    + HV      = NO      + OH           7.312E+09
 102) HNO2    + OH      = H2O     + NO2          7.216E+07

O1D                 PRODUCTION RXS              INT RX RATE    TP =  0.00E+00
  23) O2      + HV      = O       + O1D          2.765E+11
  26) H2O     + HV      = H2      + O1D          9.869E+07
  28) O3      + HV      = O2      + O1D          6.731E+14
  39) CO2     + HV      = CO      + O1D          4.971E+08
  62) HNO3    + HV      = HNO2    + O1D          1.670E+08
  64) NO2     + HV      = NO      + O1D          2.996E+09
 222) N2O     + HV      = N2      + O1D          9.760E+08

O1D                    LOSS RXS                INT RX RATE    TL =  0.00E+00
   1) H2O     + O1D     = OH      + OH           7.498E+10
   2) H2      + O1D     = OH      + H            8.914E+08
  21) O1D     + N2      = O       + N2           5.221E+14
  22) O1D     + O2      = O       + O2           1.512E+14
  67) CH4     + O1D     = CH3     + OH           1.411E+09
  68) CH4     + O1D     = H2CO    + H2           9.404E+07
 110) C2H6    + O1D     = C2H5    + OH           3.167E-04
 203) CO      + O1D     = CO      + O            3.012E+07
 220) O1D     + N2O     = N2      + O2           5.361E+07
 221) O1D     + N2O     = NO      + NO           8.389E+07

CH21                PRODUCTION RXS              INT RX RATE    TP =  0.00E+00
  54) CH4     + HV      = CH21    + H2           1.314E+07
  58) C2H6    + HV      = CH4     + CH21         2.519E-04
  78) CH3     + HV      = CH21    + H            3.029E+03

CH21                   LOSS RXS                INT RX RATE    TL =  0.00E+00
  69) CH21    + CH4     = CH3     + CH3          3.661E+00
  70) CH21    + O2      = HCO     + OH           5.820E+06
  71) CH21    + N2      = CH23    + N2           7.327E+06
 104) CH21    + H2      = CH3     + H            4.167E+02
 105) CH21    + CO2     = H2CO    + CO           2.214E+02

CH23                PRODUCTION RXS              INT RX RATE    TP =  0.00E+00
  56) CH4     + HV      = CH23    + H       H    2.425E+06
  71) CH21    + N2      = CH23    + N2           7.327E+06

CH23                   LOSS RXS                INT RX RATE    TL =  0.00E+00
  72) CH23    + H2      = CH3     + H            5.190E+00
  73) CH23    + CH4     = CH3     + CH3          5.011E-09
  74) CH23    + O2      = HCO     + OH           9.442E+06
 106) CH23    + O       = HCO     + H            3.095E+05
 107) CH23    + CO2     = H2CO    + CO           7.231E+01

C2H5                PRODUCTION RXS              INT RX RATE    TP =  0.00E+00
 108) C2H6    + OH      = C2H5    + H2O          3.952E-03
 109) C2H6    + O       = C2H5    + OH           1.591E-03
 110) C2H6    + O1D     = C2H5    + OH           3.167E-04

C2H5                   LOSS RXS                INT RX RATE    TL =  0.00E+00
 111) C2H5    + H       = CH3     + CH3          1.447E-06
 112) C2H5    + O       = CH3     + HCO     H    6.606E-04
 113) C2H5    + OH      = CH3     + HCO     H2   5.435E-09
 114) C2H5    + HCO     = C2H6    + CO           5.280E-16
 115) C2H5    + HNO     = C2H6    + NO           2.921E-20
 116) C2H5    + O2      = CH3     + HCO     OH   5.197E-03

SO21                PRODUCTION RXS              INT RX RATE    TP =  0.00E+00
 120) SO2     + HV      = SO21    +              6.721E+11

SO21                   LOSS RXS                INT RX RATE    TL =  0.00E+00
 164) SO21    + M       = SO23    + M            6.107E+10
 165) SO21    + M       = SO2     + M            6.107E+11
 166) SO21    + HV      = SO23    + HV           1.874E+07
 167) SO21    + HV      = SO2     + HV           2.748E+08
 168) SO21    + O2      = SO3     + O            1.154E+06
 169) SO21    + SO2     = SO3     + SO           2.477E+02

SO23                PRODUCTION RXS              INT RX RATE    TP =  0.00E+00
 121) SO2     + HV      = SO23    +              5.931E+09
 164) SO21    + M       = SO23    + M            6.107E+10
 166) SO21    + HV      = SO23    + HV           1.874E+07

SO23                   LOSS RXS                INT RX RATE    TL =  0.00E+00
 170) SO23    + M       = SO2     + M            6.692E+10
 171) SO23    + HV      = SO2     + HV           9.974E+07
 172) SO23    + SO2     = SO3     + SO           3.152E+01

HSO3                PRODUCTION RXS              INT RX RATE    TP =  0.00E+00
 126) SO2     + OH      = HSO3    +              6.890E+09

HSO3                   LOSS RXS                INT RX RATE    TL =  0.00E+00
 129) HSO3    + O2      = HO2     + SO3          6.890E+09
 130) HSO3    + OH      = H2O     + SO3          9.886E-02
 131) HSO3    + H       = H2      + SO3          5.123E-07
 132) HSO3    + O       = OH      + SO3          2.212E-02

OCS2                PRODUCTION RXS              INT RX RATE    TP =  0.00E+00
 206) OCS     + S       = OCS2    +              9.287E-23

OCS2                   LOSS RXS                INT RX RATE    TL =  0.00E+00
 207) OCS2    + S       = OCS     + S2           4.187E-42
 210) OCS2    + CO      = OCS     + OCS          9.287E-23

N2                  PRODUCTION RXS              INT RX RATE    TP =  0.00E+00
  21) O1D     + N2      = O       + N2           5.221E+14
  71) CH21    + N2      = CH23    + N2           7.327E+06
  84) N       + N       = N2      +              2.632E+01
  88) N       + NO      = N2      + O            6.424E+07
 220) O1D     + N2O     = N2      + O2           5.361E+07
 222) N2O     + HV      = N2      + O1D          9.760E+08

N2                     LOSS RXS                INT RX RATE    TL =  0.00E+00
  21) O1D     + N2      = O       + N2           5.221E+14
  71) CH21    + N2      = CH23    + N2           7.327E+06
