
O                   PRODUCTION RXS              INT RX RATE    TP =  2.03E+15
   8) H       + HO2     = H2O     + O            3.989E+08
  20) OH      + OH      = H2O     + O            8.494E+08
  21) O1D     + N2      = O       + N2           6.469E+14
  22) O1D     + O2      = O       + O2           8.318E+12
  23) O2      + HV      = O       + O1D          2.920E+11
  24) O2      + HV      = O       + O            2.380E+12
  27) H2O     + HV      = H       + H       O    2.157E+09
  29) O3      + HV      = O2      + O            1.362E+15
  30) O3      + HV      = O       + O       O    4.008E+11
  38) CO2     + HV      = CO      + O            4.297E+09
  53) HO2     + HV      = OH      + O            5.936E+09
  61) HNO3    + HV      = HNO2    + O            4.035E+08
  63) NO      + HV      = N       + O            5.654E+07
  65) NO2     + HV      = NO      + O            5.439E+12
  85) N       + O2      = NO      + O            3.225E+07
  88) N       + NO      = N2      + O            6.428E+07
 117) SO      + HV      = S       + O            3.900E+04
 119) SO2     + HV      = SO      + O            2.695E+09
 122) SO      + O2      = O       + SO2          2.148E+09
 143) S       + O2      = SO      + O            3.898E+04
 163) SO3     + HV      = SO2     + O            9.820E+02
 168) SO21    + O2      = SO3     + O            6.188E+04
 185) HSO     + HV      = HS      + O            4.851E+04
 203) CO      + O1D     = CO      + O            2.570E+07
 217) NO3     + HV      = NO2     + O            1.409E+10
 218) N       + NO2     = N2O     + O            3.286E+06
 237) N2O5    + HV      = NO3     + NO      O    5.996E+07

O                      LOSS RXS                INT RX RATE    TL =  2.03E+15
   3) H2      + O       = OH      + H            2.842E+07
  10) OH      + O       = H       + O2           1.894E+12
  13) HO2     + O       = OH      + O2           1.664E+12
  17) O       + O       = O2      +              5.876E+10
  18) O       + O2      = O3      +              2.024E+15
  19) O       + O3      = O2      + O2           3.453E+11
  35) O       + HCO     = H       + CO2          1.248E+06
  36) O       + HCO     = OH      + CO           1.248E+06
  41) CO      + O       = CO2     +              3.993E+06
  51) H2CO    + O       = HCO     + OH           3.410E+08
  52) H2O2    + O       = OH      + HO2          1.909E+06
  76) CH3     + O       = H2CO    + H            3.198E+07
  90) NO      + O       = NO2     +              5.928E+09
  93) NO2     + O       = NO      + O2           4.881E+11
 100) O       + HNO     = OH      + NO           2.765E+04
 103) CH4     + O       = CH3     + OH           3.175E+07
 106) CH23    + O       = HCO     + H            1.103E+06
 109) C2H6    + O       = C2H5    + OH           2.647E-02
 112) C2H5    + O       = CH3     + HCO     H    2.211E-02
 124) SO      + O       = SO2     +              1.186E+05
 127) SO2     + O       = SO3     +              1.334E+07
 132) HSO3    + O       = OH      + SO3          4.824E+00
 135) H2S     + O       = OH      + HS           7.654E+03
 136) HS      + O       = H       + SO           4.603E+02
 150) S2      + O       = S       + SO           7.045E-15
 191) HSO     + O       = OH      + SO           4.840E+06
 196) O       + OCS     = CO      + SO           3.024E-06
 197) O       + OCS     = S       + CO2          1.691E-11
 211) O       + NO3     = O2      + NO2          1.089E+08
 214) O       + NO2     = NO3     +              1.346E+10
 224) O       + N2O5    = NO2     + NO2     O2   1.710E+04
 231) O       + HO2NO2  = OH      + NO2     O2   4.423E+04
 238) O       + HNO3    = OH      + NO3          1.048E+06

O2                  PRODUCTION RXS              INT RX RATE    TP =  2.04E+15
   5) H       + O3      = OH      + O2           4.066E+11
   7) H       + HO2     = H2      + O2           1.720E+09
  10) OH      + O       = H       + O2           1.894E+12
  11) OH      + HO2     = H2O     + O2           7.246E+10
  12) OH      + O3      = HO2     + O2           3.806E+11
  13) HO2     + O       = OH      + O2           1.664E+12
  14) HO2     + O3      = OH      + O2      O2   1.286E+11
  15) HO2     + HO2     = H2O2    + O2           9.660E+10
  17) O       + O       = O2      +              5.876E+10
  19) O       + O3      = O2      + O2           3.453E+11
  22) O1D     + O2      = O       + O2           8.318E+12
  28) O3      + HV      = O2      + O1D          6.550E+14
  29) O3      + HV      = O2      + O            1.362E+15
  86) N       + O3      = NO      + O2           3.896E+05
  89) NO      + O3      = NO2     + O2           5.751E+12
  93) NO2     + O       = NO      + O2           4.881E+11
 138) HS      + HO2     = H2S     + O2           5.281E+05
 146) S       + HO2     = HS      + O2           2.232E-05
 174) SO      + O3      = SO2     + O2           6.229E+08
 176) HS      + O3      = HSO     + O2           1.504E+08
 178) S       + O3      = SO      + O2           1.994E+01
 182) SO      + HO2     = HSO     + O2           4.512E+06
 211) O       + NO3     = O2      + NO2          1.089E+08
 212) HO2     + NO3     = OH      + NO2     O2   7.324E+06
 216) NO3     + HV      = NO      + O2           1.882E+09
 220) O1D     + N2O     = N2      + O2           3.366E+07
 224) O       + N2O5    = NO2     + NO2     O2   1.710E+04
 227) NO2     + NO3     = NO      + NO2     O2   9.881E+03
 228) NO2     + O3      = NO3     + O2           2.867E+09
 229) NO3     + NO3     = NO2     + NO2     O2   1.292E-01
 231) O       + HO2NO2  = OH      + NO2     O2   4.423E+04
 232) OH      + HO2NO2  = H2O     + NO2     O2   3.151E+09
 239) HO2     + NO2     = HNO2    + O2           7.646E+06

O2                     LOSS RXS                INT RX RATE    TL =  2.04E+15
   6) H       + O2      = HO2     +              1.797E+12
  18) O       + O2      = O3      +              2.024E+15
  22) O1D     + O2      = O       + O2           8.318E+12
  23) O2      + HV      = O       + O1D          2.920E+11
  24) O2      + HV      = O       + O            2.380E+12
  47) HCO     + O2      = HO2     + CO           4.881E+10
  70) CH21    + O2      = HCO     + OH           6.273E+06
  74) CH23    + O2      = HCO     + OH           2.034E+08
  75) CH3     + O2      = H2CO    + OH           9.507E+10
  85) N       + O2      = NO      + O            3.225E+07
 116) C2H5    + O2      = CH3     + HCO     OH   1.578E+00
 122) SO      + O2      = O       + SO2          2.148E+09
 129) HSO3    + O2      = HO2     + SO3          6.482E+09
 137) HS      + O2      = OH      + SO           1.955E+07
 143) S       + O2      = SO      + O            3.898E+04
 168) SO21    + O2      = SO3     + O            6.188E+04

H2O                 PRODUCTION RXS              INT RX RATE    TP =  7.40E+10
   4) H2      + OH      = H2O     + H            3.132E+10
   8) H       + HO2     = H2O     + O            3.989E+08
  11) OH      + HO2     = H2O     + O2           7.246E+10
  16) H2O2    + OH      = HO2     + H2O          2.666E+10
  20) OH      + OH      = H2O     + O            8.494E+08
  34) OH      + HCO     = H2O     + CO           1.637E+03
  48) H2CO    + OH      = H2O     + HCO          2.009E+10
  49) H       + OH      = H2O     +              2.814E+06
  66) CH4     + OH      = CH3     + H2O          9.320E+10
  96) HNO3    + OH      = H2O     + NO3          1.675E+09
 101) OH      + HNO     = H2O     + NO           4.715E+03
 102) HNO2    + OH      = H2O     + NO2          5.021E+07
 108) C2H6    + OH      = C2H5    + H2O          1.551E+00
 130) HSO3    + OH      = H2O     + SO3          1.863E+00
 133) H2S     + OH      = H2O     + HS           1.719E+08
 187) HSO     + OH      = H2O     + SO           1.525E+08
 205) H2S     + HO2     = H2O     + HSO          2.952E+07
 232) OH      + HO2NO2  = H2O     + NO2     O2   3.151E+09

H2O                    LOSS RXS                INT RX RATE    TL =  5.68E+10
   1) H2O     + O1D     = OH      + OH           7.153E+10
  25) H2O     + HV      = H       + OH           2.737E+10
  26) H2O     + HV      = H2      + O1D          1.438E+09
  27) H2O     + HV      = H       + H       O    2.157E+09
 128) SO3     + H2O     = H2SO4   +              6.496E+09

H                   PRODUCTION RXS              INT RX RATE    TP =  2.22E+12
   2) H2      + O1D     = OH      + H            1.385E+09
   3) H2      + O       = OH      + H            2.842E+07
   4) H2      + OH      = H2O     + H            3.132E+10
  10) OH      + O       = H       + O2           1.894E+12
  25) H2O     + HV      = H       + OH           2.737E+10
  27) H2O     + HV      = H       + H       O    2.157E+09
  35) O       + HCO     = H       + CO2          1.248E+06
  40) CO      + OH      = CO2     + H            2.371E+11
  43) H2CO    + HV      = HCO     + H            2.818E+10
  44) HCO     + HV      = H       + CO           1.971E+04
  55) CH4     + HV      = CH3     + H            1.932E+08
  56) CH4     + HV      = CH23    + H       H    3.253E+07
  72) CH23    + H2      = CH3     + H            6.340E+03
  76) CH3     + O       = H2CO    + H            3.198E+07
  78) CH3     + HV      = CH21    + H            2.868E+04
  87) N       + OH      = NO      + H            5.245E+07
  98) HNO     + HV      = NO      + H            1.541E+05
 104) CH21    + H2      = CH3     + H            8.881E+03
 106) CH23    + O       = HCO     + H            1.103E+06
 112) C2H5    + O       = CH3     + HCO     H    2.211E-02
 118) H2S     + HV      = HS      + H            7.725E+04
 125) SO      + OH      = SO2     + H            1.637E+06
 136) HS      + O       = H       + SO           4.603E+02
 142) HS      + S       = H       + S2           8.245E-14
 144) S       + OH      = SO      + H            4.787E-05
 195) HS      + CO      = OCS     + H            3.580E-05
 200) S       + HCO     = OCS     + H            5.502E-13

H                      LOSS RXS                INT RX RATE    TL =  2.22E+12
   5) H       + O3      = OH      + O2           4.066E+11
   6) H       + O2      = HO2     +              1.797E+12
   7) H       + HO2     = H2      + O2           1.720E+09
   8) H       + HO2     = H2O     + O            3.989E+08
   9) H       + HO2     = OH      + OH           1.795E+10
  31) H       + CO      = HCO     +              4.936E+04
  32) H       + HCO     = H2      + CO           4.235E+04
  45) H2CO    + H       = H2      + HCO          7.505E+04
  46) H       + H       = H2      +              2.159E+06
  49) H       + OH      = H2O     +              2.814E+06
  79) CH3     + H       = CH4     +              9.422E+03
  83) H       + NO      = HNO     +              2.871E+04
  95) NO2     + H       = NO      + OH           1.406E+07
  99) H       + HNO     = H2      + NO           4.568E+01
 111) C2H5    + H       = CH3     + CH3          1.222E-04
 131) HSO3    + H       = H2      + SO3          3.529E-06
 134) H2S     + H       = H2      + HS           5.151E+01
 141) HS      + H       = H2      + S            7.650E-03
 184) H       + SO      = HSO     +              7.743E-03
 188) HSO     + H       = HS      + OH           1.978E+02
 189) HSO     + H       = H2      + SO           9.890E+01
 194) H       + OCS     = CO      + HS           9.990E-11

OH                  PRODUCTION RXS              INT RX RATE    TP =  2.78E+12
   1) H2O     + O1D     = OH      + OH           7.153E+10
   2) H2      + O1D     = OH      + H            1.385E+09
   3) H2      + O       = OH      + H            2.842E+07
   5) H       + O3      = OH      + O2           4.066E+11
   9) H       + HO2     = OH      + OH           1.795E+10
  13) HO2     + O       = OH      + O2           1.664E+12
  14) HO2     + O3      = OH      + O2      O2   1.286E+11
  25) H2O     + HV      = H       + OH           2.737E+10
  36) O       + HCO     = OH      + CO           1.248E+06
  37) H2O2    + HV      = OH      + OH           4.437E+10
  51) H2CO    + O       = HCO     + OH           3.410E+08
  52) H2O2    + O       = OH      + HO2          1.909E+06
  53) HO2     + HV      = OH      + O            5.936E+09
  59) HNO2    + HV      = NO      + OH           4.626E+09
  60) HNO3    + HV      = NO2     + OH           5.035E+09
  67) CH4     + O1D     = CH3     + OH           1.672E+09
  70) CH21    + O2      = HCO     + OH           6.273E+06
  74) CH23    + O2      = HCO     + OH           2.034E+08
  75) CH3     + O2      = H2CO    + OH           9.507E+10
  91) NO      + HO2     = NO2     + OH           1.717E+11
  95) NO2     + H       = NO      + OH           1.406E+07
 100) O       + HNO     = OH      + NO           2.765E+04
 103) CH4     + O       = CH3     + OH           3.175E+07
 109) C2H6    + O       = C2H5    + OH           2.647E-02
 110) C2H6    + O1D     = C2H5    + OH           2.286E-02
 116) C2H5    + O2      = CH3     + HCO     OH   1.578E+00
 123) SO      + HO2     = SO2     + OH           4.512E+06
 132) HSO3    + O       = OH      + SO3          4.824E+00
 135) H2S     + O       = OH      + HS           7.654E+03
 137) HS      + O2      = OH      + SO           1.955E+07
 147) S       + HO2     = SO      + OH           2.232E-05
 175) SO2     + HO2     = SO3     + OH           7.868E+05
 188) HSO     + H       = HS      + OH           1.978E+02
 191) HSO     + O       = OH      + SO           4.840E+06
 212) HO2     + NO3     = OH      + NO2     O2   7.324E+06
 223) N       + HO2     = NO      + OH           3.862E+06
 231) O       + HO2NO2  = OH      + NO2     O2   4.423E+04
 235) HO2NO2  + HV      = OH      + NO3          5.894E+08
 238) O       + HNO3    = OH      + NO3          1.048E+06

OH                     LOSS RXS                INT RX RATE    TL =  2.78E+12
   4) H2      + OH      = H2O     + H            3.132E+10
  10) OH      + O       = H       + O2           1.894E+12
  11) OH      + HO2     = H2O     + O2           7.246E+10
  12) OH      + O3      = HO2     + O2           3.806E+11
  16) H2O2    + OH      = HO2     + H2O          2.666E+10
  20) OH      + OH      = H2O     + O            8.494E+08
  34) OH      + HCO     = H2O     + CO           1.637E+03
  40) CO      + OH      = CO2     + H            2.371E+11
  48) H2CO    + OH      = H2O     + HCO          2.009E+10
  49) H       + OH      = H2O     +              2.814E+06
  50) OH      + OH      = H2O2    +              6.214E+07
  66) CH4     + OH      = CH3     + H2O          9.320E+10
  87) N       + OH      = NO      + H            5.245E+07
  92) NO      + OH      = HNO2    +              3.975E+09
  94) NO2     + OH      = HNO3    +              7.642E+09
  96) HNO3    + OH      = H2O     + NO3          1.675E+09
 101) OH      + HNO     = H2O     + NO           4.715E+03
 102) HNO2    + OH      = H2O     + NO2          5.021E+07
 108) C2H6    + OH      = C2H5    + H2O          1.551E+00
 113) C2H5    + OH      = CH3     + HCO     H2   4.070E-06
 125) SO      + OH      = SO2     + H            1.637E+06
 126) SO2     + OH      = HSO3    +              6.482E+09
 130) HSO3    + OH      = H2O     + SO3          1.863E+00
 133) H2S     + OH      = H2O     + HS           1.719E+08
 144) S       + OH      = SO      + H            4.787E-05
 187) HSO     + OH      = H2O     + SO           1.525E+08
 199) OCS     + OH      = CO2     + HS           1.034E-05
 215) OH      + NO3     = HO2     + NO2          1.121E+07
 232) OH      + HO2NO2  = H2O     + NO2     O2   3.151E+09

HO2                 PRODUCTION RXS              INT RX RATE    TP =  2.27E+12
   6) H       + O2      = HO2     +              1.797E+12
  12) OH      + O3      = HO2     + O2           3.806E+11
  16) H2O2    + OH      = HO2     + H2O          2.666E+10
  47) HCO     + O2      = HO2     + CO           4.881E+10
  52) H2O2    + O       = OH      + HO2          1.909E+06
 129) HSO3    + O2      = HO2     + SO3          6.482E+09
 215) OH      + NO3     = HO2     + NO2          1.121E+07
 233) HO2NO2  + M       = HO2     + NO2          7.753E+09
 234) HO2NO2  + HV      = HO2     + NO2          2.239E+09

HO2                    LOSS RXS                INT RX RATE    TL =  2.27E+12
   7) H       + HO2     = H2      + O2           1.720E+09
   8) H       + HO2     = H2O     + O            3.989E+08
   9) H       + HO2     = OH      + OH           1.795E+10
  11) OH      + HO2     = H2O     + O2           7.246E+10
  13) HO2     + O       = OH      + O2           1.664E+12
  14) HO2     + O3      = OH      + O2      O2   1.286E+11
  15) HO2     + HO2     = H2O2    + O2           9.660E+10
  53) HO2     + HV      = OH      + O            5.936E+09
  91) NO      + HO2     = NO2     + OH           1.717E+11
 123) SO      + HO2     = SO2     + OH           4.512E+06
 138) HS      + HO2     = H2S     + O2           5.281E+05
 146) S       + HO2     = HS      + O2           2.232E-05
 147) S       + HO2     = SO      + OH           2.232E-05
 175) SO2     + HO2     = SO3     + OH           7.868E+05
 182) SO      + HO2     = HSO     + O2           4.512E+06
 205) H2S     + HO2     = H2O     + HSO          2.952E+07
 212) HO2     + NO3     = OH      + NO2     O2   7.324E+06
 223) N       + HO2     = NO      + OH           3.862E+06
 230) HO2     + NO2     = HO2NO2  +              1.375E+10
 239) HO2     + NO2     = HNO2    + O2           7.646E+06

H2O2                PRODUCTION RXS              INT RX RATE    TP =  9.67E+10
  15) HO2     + HO2     = H2O2    + O2           9.660E+10
  50) OH      + OH      = H2O2    +              6.214E+07

H2O2                   LOSS RXS                INT RX RATE    TL =  9.10E+10
  16) H2O2    + OH      = HO2     + H2O          2.666E+10
  37) H2O2    + HV      = OH      + OH           4.437E+10
  52) H2O2    + O       = OH      + HO2          1.909E+06

H2                  PRODUCTION RXS              INT RX RATE    TP =  4.76E+10
   7) H       + HO2     = H2      + O2           1.720E+09
  26) H2O     + HV      = H2      + O1D          1.438E+09
  32) H       + HCO     = H2      + CO           4.235E+04
  42) H2CO    + HV      = H2      + CO           4.391E+10
  45) H2CO    + H       = H2      + HCO          7.505E+04
  46) H       + H       = H2      +              2.159E+06
  54) CH4     + HV      = CH21    + H2           1.783E+08
  68) CH4     + O1D     = H2CO    + H2           1.115E+08
  99) H       + HNO     = H2      + NO           4.568E+01
 113) C2H5    + OH      = CH3     + HCO     H2   4.070E-06
 131) HSO3    + H       = H2      + SO3          3.529E-06
 134) H2S     + H       = H2      + HS           5.151E+01
 141) HS      + H       = H2      + S            7.650E-03
 189) HSO     + H       = H2      + SO           9.890E+01

H2                     LOSS RXS                INT RX RATE    TL =  3.27E+10
   2) H2      + O1D     = OH      + H            1.385E+09
   3) H2      + O       = OH      + H            2.842E+07
   4) H2      + OH      = H2O     + H            3.132E+10
  72) CH23    + H2      = CH3     + H            6.340E+03
 104) CH21    + H2      = CH3     + H            8.881E+03

CO                  PRODUCTION RXS              INT RX RATE    TP =  1.03E+11
  32) H       + HCO     = H2      + CO           4.235E+04
  33) HCO     + HCO     = H2CO    + CO           7.238E-05
  34) OH      + HCO     = H2O     + CO           1.637E+03
  36) O       + HCO     = OH      + CO           1.248E+06
  38) CO2     + HV      = CO      + O            4.297E+09
  39) CO2     + HV      = CO      + O1D          6.209E+09
  42) H2CO    + HV      = H2      + CO           4.391E+10
  44) HCO     + HV      = H       + CO           1.971E+04
  47) HCO     + O2      = HO2     + CO           4.881E+10
  80) CH3     + HCO     = CH4     + CO           1.734E-02
  97) HCO     + NO      = HNO     + CO           4.881E+02
 105) CH21    + CO2     = H2CO    + CO           3.635E+03
 107) CH23    + CO2     = H2CO    + CO           6.580E+04
 114) C2H5    + HCO     = C2H6    + CO           1.234E-12
 140) HS      + HCO     = H2S     + CO           2.723E-04
 145) S       + HCO     = HS      + CO           6.878E-14
 181) S       + CO2     = SO      + CO           2.641E-06
 183) SO      + HCO     = HSO     + CO           7.414E-04
 194) H       + OCS     = CO      + HS           9.990E-11
 196) O       + OCS     = CO      + SO           3.024E-06
 198) OCS     + S       = CO      + S2           7.479E-18
 202) OCS     + HV      = CO      + S            2.249E-05
 203) CO      + O1D     = CO      + O            2.570E+07

CO                     LOSS RXS                INT RX RATE    TL =  2.37E+11
  31) H       + CO      = HCO     +              4.936E+04
  40) CO      + OH      = CO2     + H            2.371E+11
  41) CO      + O       = CO2     +              3.993E+06
 195) HS      + CO      = OCS     + H            3.580E-05
 201) S       + CO      = OCS     +              9.181E-08
 203) CO      + O1D     = CO      + O            2.570E+07
 210) OCS2    + CO      = OCS     + OCS          8.757E-18

HCO                 PRODUCTION RXS              INT RX RATE    TP =  4.88E+10
  31) H       + CO      = HCO     +              4.936E+04
  43) H2CO    + HV      = HCO     + H            2.818E+10
  45) H2CO    + H       = H2      + HCO          7.505E+04
  48) H2CO    + OH      = H2O     + HCO          2.009E+10
  51) H2CO    + O       = HCO     + OH           3.410E+08
  70) CH21    + O2      = HCO     + OH           6.273E+06
  74) CH23    + O2      = HCO     + OH           2.034E+08
  82) CH3     + H2CO    = CH4     + HCO          4.936E-04
 106) CH23    + O       = HCO     + H            1.103E+06
 112) C2H5    + O       = CH3     + HCO     H    2.211E-02
 113) C2H5    + OH      = CH3     + HCO     H2   4.070E-06
 116) C2H5    + O2      = CH3     + HCO     OH   1.578E+00
 151) HS      + H2CO    = H2S     + HCO          8.697E+05

HCO                    LOSS RXS                INT RX RATE    TL =  4.88E+10
  32) H       + HCO     = H2      + CO           4.235E+04
  33) HCO     + HCO     = H2CO    + CO           7.238E-05
  34) OH      + HCO     = H2O     + CO           1.637E+03
  35) O       + HCO     = H       + CO2          1.248E+06
  36) O       + HCO     = OH      + CO           1.248E+06
  44) HCO     + HV      = H       + CO           1.971E+04
  47) HCO     + O2      = HO2     + CO           4.881E+10
  80) CH3     + HCO     = CH4     + CO           1.734E-02
  97) HCO     + NO      = HNO     + CO           4.881E+02
 114) C2H5    + HCO     = C2H6    + CO           1.234E-12
 140) HS      + HCO     = H2S     + CO           2.723E-04
 145) S       + HCO     = HS      + CO           6.878E-14
 183) SO      + HCO     = HSO     + CO           7.414E-04
 200) S       + HCO     = OCS     + H            5.502E-13

H2CO                PRODUCTION RXS              INT RX RATE    TP =  9.52E+10
  33) HCO     + HCO     = H2CO    + CO           7.238E-05
  68) CH4     + O1D     = H2CO    + H2           1.115E+08
  75) CH3     + O2      = H2CO    + OH           9.507E+10
  76) CH3     + O       = H2CO    + H            3.198E+07
 105) CH21    + CO2     = H2CO    + CO           3.635E+03
 107) CH23    + CO2     = H2CO    + CO           6.580E+04

H2CO                   LOSS RXS                INT RX RATE    TL =  9.42E+10
  42) H2CO    + HV      = H2      + CO           4.391E+10
  43) H2CO    + HV      = HCO     + H            2.818E+10
  45) H2CO    + H       = H2      + HCO          7.505E+04
  48) H2CO    + OH      = H2O     + HCO          2.009E+10
  51) H2CO    + O       = HCO     + OH           3.410E+08
  82) CH3     + H2CO    = CH4     + HCO          4.936E-04
 151) HS      + H2CO    = H2S     + HCO          8.697E+05

CH4                 PRODUCTION RXS              INT RX RATE    TP =  9.42E+03
  58) C2H6    + HV      = CH4     + CH21         6.690E-01
  79) CH3     + H       = CH4     +              9.422E+03
  80) CH3     + HCO     = CH4     + CO           1.734E-02
  81) CH3     + HNO     = CH4     + NO           4.749E-06
  82) CH3     + H2CO    = CH4     + HCO          4.936E-04

CH4                    LOSS RXS                INT RX RATE    TL =  9.54E+10
  54) CH4     + HV      = CH21    + H2           1.783E+08
  55) CH4     + HV      = CH3     + H            1.932E+08
  56) CH4     + HV      = CH23    + H       H    3.253E+07
  66) CH4     + OH      = CH3     + H2O          9.320E+10
  67) CH4     + O1D     = CH3     + OH           1.672E+09
  68) CH4     + O1D     = H2CO    + H2           1.115E+08
  69) CH21    + CH4     = CH3     + CH3          8.044E+01
  73) CH23    + CH4     = CH3     + CH3          1.982E-08
 103) CH4     + O       = CH3     + OH           3.175E+07

CH3                 PRODUCTION RXS              INT RX RATE    TP =  9.51E+10
  55) CH4     + HV      = CH3     + H            1.932E+08
  66) CH4     + OH      = CH3     + H2O          9.320E+10
  67) CH4     + O1D     = CH3     + OH           1.672E+09
  69) CH21    + CH4     = CH3     + CH3          8.044E+01
  72) CH23    + H2      = CH3     + H            6.340E+03
  73) CH23    + CH4     = CH3     + CH3          1.982E-08
 103) CH4     + O       = CH3     + OH           3.175E+07
 104) CH21    + H2      = CH3     + H            8.881E+03
 111) C2H5    + H       = CH3     + CH3          1.222E-04
 112) C2H5    + O       = CH3     + HCO     H    2.211E-02
 113) C2H5    + OH      = CH3     + HCO     H2   4.070E-06
 116) C2H5    + O2      = CH3     + HCO     OH   1.578E+00

CH3                    LOSS RXS                INT RX RATE    TL =  9.51E+10
  75) CH3     + O2      = H2CO    + OH           9.507E+10
  76) CH3     + O       = H2CO    + H            3.198E+07
  77) CH3     + CH3     = C2H6    +              2.269E+00
  78) CH3     + HV      = CH21    + H            2.868E+04
  79) CH3     + H       = CH4     +              9.422E+03
  80) CH3     + HCO     = CH4     + CO           1.734E-02
  81) CH3     + HNO     = CH4     + NO           4.749E-06
  82) CH3     + H2CO    = CH4     + HCO          4.936E-04

C2H6                PRODUCTION RXS              INT RX RATE    TP =  2.27E+00
  77) CH3     + CH3     = C2H6    +              2.269E+00
 114) C2H5    + HCO     = C2H6    + CO           1.234E-12
 115) C2H5    + HNO     = C2H6    + NO           1.275E-17

C2H6                   LOSS RXS                INT RX RATE    TL =  2.27E+00
  58) C2H6    + HV      = CH4     + CH21         6.690E-01
 108) C2H6    + OH      = C2H5    + H2O          1.551E+00
 109) C2H6    + O       = C2H5    + OH           2.647E-02
 110) C2H6    + O1D     = C2H5    + OH           2.286E-02

NO                  PRODUCTION RXS              INT RX RATE    TP =  5.93E+12
  59) HNO2    + HV      = NO      + OH           4.626E+09
  64) NO2     + HV      = NO      + O1D          4.520E+08
  65) NO2     + HV      = NO      + O            5.439E+12
  81) CH3     + HNO     = CH4     + NO           4.749E-06
  85) N       + O2      = NO      + O            3.225E+07
  86) N       + O3      = NO      + O2           3.896E+05
  87) N       + OH      = NO      + H            5.245E+07
  93) NO2     + O       = NO      + O2           4.881E+11
  95) NO2     + H       = NO      + OH           1.406E+07
  98) HNO     + HV      = NO      + H            1.541E+05
  99) H       + HNO     = H2      + NO           4.568E+01
 100) O       + HNO     = OH      + NO           2.765E+04
 101) OH      + HNO     = H2O     + NO           4.715E+03
 115) C2H5    + HNO     = C2H6    + NO           1.275E-17
 173) SO      + NO2     = SO2     + NO           9.090E+07
 177) HS      + NO2     = HSO     + NO           5.424E+05
 216) NO3     + HV      = NO      + O2           1.882E+09
 221) O1D     + N2O     = NO      + NO           5.267E+07
 223) N       + HO2     = NO      + OH           3.862E+06
 227) NO2     + NO3     = NO      + NO2     O2   9.881E+03
 237) N2O5    + HV      = NO3     + NO      O    5.996E+07

NO                     LOSS RXS                INT RX RATE    TL =  5.93E+12
  63) NO      + HV      = N       + O            5.654E+07
  83) H       + NO      = HNO     +              2.871E+04
  88) N       + NO      = N2      + O            6.428E+07
  89) NO      + O3      = NO2     + O2           5.751E+12
  90) NO      + O       = NO2     +              5.928E+09
  91) NO      + HO2     = NO2     + OH           1.717E+11
  92) NO      + OH      = HNO2    +              3.975E+09
  97) HCO     + NO      = HNO     + CO           4.881E+02
 186) HSO     + NO      = HNO     + SO           1.577E+05
 213) NO      + NO3     = NO2     + NO2          2.486E+09

NO2                 PRODUCTION RXS              INT RX RATE    TP =  5.97E+12
  60) HNO3    + HV      = NO2     + OH           5.035E+09
  89) NO      + O3      = NO2     + O2           5.751E+12
  90) NO      + O       = NO2     +              5.928E+09
  91) NO      + HO2     = NO2     + OH           1.717E+11
 102) HNO2    + OH      = H2O     + NO2          5.021E+07
 211) O       + NO3     = O2      + NO2          1.089E+08
 212) HO2     + NO3     = OH      + NO2     O2   7.324E+06
 213) NO      + NO3     = NO2     + NO2          2.486E+09
 215) OH      + NO3     = HO2     + NO2          1.121E+07
 217) NO3     + HV      = NO2     + O            1.409E+10
 224) O       + N2O5    = NO2     + NO2     O2   1.710E+04
 226) N2O5    + M       = NO3     + NO2          1.053E+05
 227) NO2     + NO3     = NO      + NO2     O2   9.881E+03
 229) NO3     + NO3     = NO2     + NO2     O2   1.292E-01
 231) O       + HO2NO2  = OH      + NO2     O2   4.423E+04
 232) OH      + HO2NO2  = H2O     + NO2     O2   3.151E+09
 233) HO2NO2  + M       = HO2     + NO2          7.753E+09
 234) HO2NO2  + HV      = HO2     + NO2          2.239E+09
 236) N2O5    + HV      = NO3     + NO2          1.932E+07

NO2                    LOSS RXS                INT RX RATE    TL =  5.97E+12
  64) NO2     + HV      = NO      + O1D          4.520E+08
  65) NO2     + HV      = NO      + O            5.439E+12
  93) NO2     + O       = NO      + O2           4.881E+11
  94) NO2     + OH      = HNO3    +              7.642E+09
  95) NO2     + H       = NO      + OH           1.406E+07
 173) SO      + NO2     = SO2     + NO           9.090E+07
 177) HS      + NO2     = HSO     + NO           5.424E+05
 214) O       + NO2     = NO3     +              1.346E+10
 218) N       + NO2     = N2O     + O            3.286E+06
 225) NO2     + NO3     = N2O5    +              7.940E+07
 227) NO2     + NO3     = NO      + NO2     O2   9.881E+03
 228) NO2     + O3      = NO3     + O2           2.867E+09
 230) HO2     + NO2     = HO2NO2  +              1.375E+10
 239) HO2     + NO2     = HNO2    + O2           7.646E+06

HNO                 PRODUCTION RXS              INT RX RATE    TP =  1.87E+05
  83) H       + NO      = HNO     +              2.871E+04
  97) HCO     + NO      = HNO     + CO           4.881E+02
 186) HSO     + NO      = HNO     + SO           1.577E+05

HNO                    LOSS RXS                INT RX RATE    TL =  1.87E+05
  81) CH3     + HNO     = CH4     + NO           4.749E-06
  98) HNO     + HV      = NO      + H            1.541E+05
  99) H       + HNO     = H2      + NO           4.568E+01
 100) O       + HNO     = OH      + NO           2.765E+04
 101) OH      + HNO     = H2O     + NO           4.715E+03
 115) C2H5    + HNO     = C2H6    + NO           1.275E-17

H2S                 PRODUCTION RXS              INT RX RATE    TP =  1.50E+06
 138) HS      + HO2     = H2S     + O2           5.281E+05
 139) HS      + HS      = H2S     + S            3.241E+00
 140) HS      + HCO     = H2S     + CO           2.723E-04
 151) HS      + H2CO    = H2S     + HCO          8.697E+05
 190) HSO     + HS      = H2S     + SO           1.057E+05

H2S                    LOSS RXS                INT RX RATE    TL =  2.02E+08
 118) H2S     + HV      = HS      + H            7.725E+04
 133) H2S     + OH      = H2O     + HS           1.719E+08
 134) H2S     + H       = H2      + HS           5.151E+01
 135) H2S     + O       = OH      + HS           7.654E+03
 205) H2S     + HO2     = H2O     + HSO          2.952E+07

HS                  PRODUCTION RXS              INT RX RATE    TP =  1.72E+08
 118) H2S     + HV      = HS      + H            7.725E+04
 133) H2S     + OH      = H2O     + HS           1.719E+08
 134) H2S     + H       = H2      + HS           5.151E+01
 135) H2S     + O       = OH      + HS           7.654E+03
 145) S       + HCO     = HS      + CO           6.878E-14
 146) S       + HO2     = HS      + O2           2.232E-05
 185) HSO     + HV      = HS      + O            4.851E+04
 188) HSO     + H       = HS      + OH           1.978E+02
 192) HSO     + S       = HS      + SO           2.488E-07
 194) H       + OCS     = CO      + HS           9.990E-11
 199) OCS     + OH      = CO2     + HS           1.034E-05

HS                     LOSS RXS                INT RX RATE    TL =  1.72E+08
 136) HS      + O       = H       + SO           4.603E+02
 137) HS      + O2      = OH      + SO           1.955E+07
 138) HS      + HO2     = H2S     + O2           5.281E+05
 139) HS      + HS      = H2S     + S            3.241E+00
 140) HS      + HCO     = H2S     + CO           2.723E-04
 141) HS      + H       = H2      + S            7.650E-03
 142) HS      + S       = H       + S2           8.245E-14
 151) HS      + H2CO    = H2S     + HCO          8.697E+05
 176) HS      + O3      = HSO     + O2           1.504E+08
 177) HS      + NO2     = HSO     + NO           5.424E+05
 190) HSO     + HS      = H2S     + SO           1.057E+05
 195) HS      + CO      = OCS     + H            3.580E-05

S                   PRODUCTION RXS              INT RX RATE    TP =  3.90E+04
 117) SO      + HV      = S       + O            3.900E+04
 139) HS      + HS      = H2S     + S            3.241E+00
 141) HS      + H       = H2      + S            7.650E-03
 150) S2      + O       = S       + SO           7.045E-15
 152) S2      + HV      = S       + S            7.541E-14
 159) S3      + HV      = S2      + S            9.794E-30
 179) SO      + SO      = SO2     + S            4.158E-01
 197) O       + OCS     = S       + CO2          1.691E-11
 202) OCS     + HV      = CO      + S            2.249E-05

S                      LOSS RXS                INT RX RATE    TL =  3.90E+04
 142) HS      + S       = H       + S2           8.245E-14
 143) S       + O2      = SO      + O            3.898E+04
 144) S       + OH      = SO      + H            4.787E-05
 145) S       + HCO     = HS      + CO           6.878E-14
 146) S       + HO2     = HS      + O2           2.232E-05
 147) S       + HO2     = SO      + OH           2.232E-05
 148) S       + S       = S2      +              7.879E-22
 154) S       + S2      = S3      +              9.794E-30
 156) S       + S3      = S4      +              1.304E-48
 178) S       + O3      = SO      + O2           1.994E+01
 181) S       + CO2     = SO      + CO           2.641E-06
 192) HSO     + S       = HS      + SO           2.488E-07
 198) OCS     + S       = CO      + S2           7.479E-18
 200) S       + HCO     = OCS     + H            5.502E-13
 201) S       + CO      = OCS     +              9.181E-08
 206) OCS     + S       = OCS2    +              8.757E-18
 207) OCS2    + S       = OCS     + S2           7.035E-34

SO                  PRODUCTION RXS              INT RX RATE    TP =  2.87E+09
 119) SO2     + HV      = SO      + O            2.695E+09
 136) HS      + O       = H       + SO           4.603E+02
 137) HS      + O2      = OH      + SO           1.955E+07
 143) S       + O2      = SO      + O            3.898E+04
 144) S       + OH      = SO      + H            4.787E-05
 147) S       + HO2     = SO      + OH           2.232E-05
 150) S2      + O       = S       + SO           7.045E-15
 169) SO21    + SO2     = SO3     + SO           1.299E+02
 172) SO23    + SO2     = SO3     + SO           1.637E+01
 178) S       + O3      = SO      + O2           1.994E+01
 181) S       + CO2     = SO      + CO           2.641E-06
 186) HSO     + NO      = HNO     + SO           1.577E+05
 187) HSO     + OH      = H2O     + SO           1.525E+08
 189) HSO     + H       = H2      + SO           9.890E+01
 190) HSO     + HS      = H2S     + SO           1.057E+05
 191) HSO     + O       = OH      + SO           4.840E+06
 192) HSO     + S       = HS      + SO           2.488E-07
 196) O       + OCS     = CO      + SO           3.024E-06

SO                     LOSS RXS                INT RX RATE    TL =  2.87E+09
 117) SO      + HV      = S       + O            3.900E+04
 122) SO      + O2      = O       + SO2          2.148E+09
 123) SO      + HO2     = SO2     + OH           4.512E+06
 124) SO      + O       = SO2     +              1.186E+05
 125) SO      + OH      = SO2     + H            1.637E+06
 173) SO      + NO2     = SO2     + NO           9.090E+07
 174) SO      + O3      = SO2     + O2           6.229E+08
 179) SO      + SO      = SO2     + S            4.158E-01
 180) SO3     + SO      = SO2     + SO2          9.055E-02
 182) SO      + HO2     = HSO     + O2           4.512E+06
 183) SO      + HCO     = HSO     + CO           7.414E-04
 184) H       + SO      = HSO     +              7.743E-03

SO2                 PRODUCTION RXS              INT RX RATE    TP =  6.56E+11
 122) SO      + O2      = O       + SO2          2.148E+09
 123) SO      + HO2     = SO2     + OH           4.512E+06
 124) SO      + O       = SO2     +              1.186E+05
 125) SO      + OH      = SO2     + H            1.637E+06
 163) SO3     + HV      = SO2     + O            9.820E+02
 165) SO21    + M       = SO2     + M            5.893E+11
 167) SO21    + HV      = SO2     + HV           1.797E+08
 170) SO23    + M       = SO2     + M            6.379E+10
 171) SO23    + HV      = SO2     + HV           6.449E+07
 173) SO      + NO2     = SO2     + NO           9.090E+07
 174) SO      + O3      = SO2     + O2           6.229E+08
 179) SO      + SO      = SO2     + S            4.158E-01
 180) SO3     + SO      = SO2     + SO2          9.055E-02

SO2                    LOSS RXS                INT RX RATE    TL =  6.63E+11
 119) SO2     + HV      = SO      + O            2.695E+09
 120) SO2     + HV      = SO21    +              6.484E+11
 121) SO2     + HV      = SO23    +              4.913E+09
 126) SO2     + OH      = HSO3    +              6.482E+09
 127) SO2     + O       = SO3     +              1.334E+07
 169) SO21    + SO2     = SO3     + SO           1.299E+02
 172) SO23    + SO2     = SO3     + SO           1.637E+01
 175) SO2     + HO2     = SO3     + OH           7.868E+05

H2SO4               PRODUCTION RXS              INT RX RATE    TP =  6.50E+09
 128) SO3     + H2O     = H2SO4   +              6.496E+09

H2SO4                  LOSS RXS                INT RX RATE    TL =  6.41E+09

HSO                 PRODUCTION RXS              INT RX RATE    TP =  1.85E+08
 176) HS      + O3      = HSO     + O2           1.504E+08
 177) HS      + NO2     = HSO     + NO           5.424E+05
 182) SO      + HO2     = HSO     + O2           4.512E+06
 183) SO      + HCO     = HSO     + CO           7.414E-04
 184) H       + SO      = HSO     +              7.743E-03
 205) H2S     + HO2     = H2O     + HSO          2.952E+07

HSO                    LOSS RXS                INT RX RATE    TL =  1.62E+08
 185) HSO     + HV      = HS      + O            4.851E+04
 186) HSO     + NO      = HNO     + SO           1.577E+05
 187) HSO     + OH      = H2O     + SO           1.525E+08
 188) HSO     + H       = HS      + OH           1.978E+02
 189) HSO     + H       = H2      + SO           9.890E+01
 190) HSO     + HS      = H2S     + SO           1.057E+05
 191) HSO     + O       = OH      + SO           4.840E+06
 192) HSO     + S       = HS      + SO           2.488E-07

S2                  PRODUCTION RXS              INT RX RATE    TP =  8.25E-14
 142) HS      + S       = H       + S2           8.245E-14
 148) S       + S       = S2      +              7.879E-22
 158) S4      + HV      = S2      + S2           1.055E-34
 159) S3      + HV      = S2      + S            9.794E-30
 198) OCS     + S       = CO      + S2           7.479E-18
 207) OCS2    + S       = OCS     + S2           7.035E-34

S2                     LOSS RXS                INT RX RATE    TL =  8.25E-14
 150) S2      + O       = S       + SO           7.045E-15
 152) S2      + HV      = S       + S            7.541E-14
 154) S       + S2      = S3      +              9.794E-30
 155) S2      + S2      = S4      +              1.055E-34

S4                  PRODUCTION RXS              INT RX RATE    TP =  1.06E-34
 155) S2      + S2      = S4      +              1.055E-34
 156) S       + S3      = S4      +              1.304E-48
 162) S8      + HV      = S4      + S4           5.622E-83

S4                     LOSS RXS                INT RX RATE    TL =  1.06E-34
 157) S4      + S4      = S8      +              5.622E-83
 158) S4      + HV      = S2      + S2           1.055E-34

S8                  PRODUCTION RXS              INT RX RATE    TP =  5.62E-83
 157) S4      + S4      = S8      +              5.622E-83

S8                     LOSS RXS                INT RX RATE    TL =  5.62E-83
 162) S8      + HV      = S4      + S4           5.622E-83

SO3                 PRODUCTION RXS              INT RX RATE    TP =  6.50E+09
 127) SO2     + O       = SO3     +              1.334E+07
 129) HSO3    + O2      = HO2     + SO3          6.482E+09
 130) HSO3    + OH      = H2O     + SO3          1.863E+00
 131) HSO3    + H       = H2      + SO3          3.529E-06
 132) HSO3    + O       = OH      + SO3          4.824E+00
 168) SO21    + O2      = SO3     + O            6.188E+04
 169) SO21    + SO2     = SO3     + SO           1.299E+02
 172) SO23    + SO2     = SO3     + SO           1.637E+01
 175) SO2     + HO2     = SO3     + OH           7.868E+05

SO3                    LOSS RXS                INT RX RATE    TL =  6.50E+09
 128) SO3     + H2O     = H2SO4   +              6.496E+09
 163) SO3     + HV      = SO2     + O            9.820E+02
 180) SO3     + SO      = SO2     + SO2          9.055E-02

OCS                 PRODUCTION RXS              INT RX RATE    TP =  3.59E-05
 195) HS      + CO      = OCS     + H            3.580E-05
 200) S       + HCO     = OCS     + H            5.502E-13
 201) S       + CO      = OCS     +              9.181E-08
 207) OCS2    + S       = OCS     + S2           7.035E-34
 210) OCS2    + CO      = OCS     + OCS          8.757E-18

OCS                    LOSS RXS                INT RX RATE    TL =  3.59E-05
 194) H       + OCS     = CO      + HS           9.990E-11
 196) O       + OCS     = CO      + SO           3.024E-06
 197) O       + OCS     = S       + CO2          1.691E-11
 198) OCS     + S       = CO      + S2           7.479E-18
 199) OCS     + OH      = CO2     + HS           1.034E-05
 202) OCS     + HV      = CO      + S            2.249E-05
 206) OCS     + S       = OCS2    +              8.757E-18

S3                  PRODUCTION RXS              INT RX RATE    TP =  9.79E-30
 154) S       + S2      = S3      +              9.794E-30

S3                     LOSS RXS                INT RX RATE    TL =  9.79E-30
 156) S       + S3      = S4      +              1.304E-48
 159) S3      + HV      = S2      + S            9.794E-30

O3                  PRODUCTION RXS              INT RX RATE    TP =  2.02E+15
  18) O       + O2      = O3      +              2.024E+15

O3                     LOSS RXS                INT RX RATE    TL =  2.02E+15
   5) H       + O3      = OH      + O2           4.066E+11
  12) OH      + O3      = HO2     + O2           3.806E+11
  14) HO2     + O3      = OH      + O2      O2   1.286E+11
  19) O       + O3      = O2      + O2           3.453E+11
  28) O3      + HV      = O2      + O1D          6.550E+14
  29) O3      + HV      = O2      + O            1.362E+15
  30) O3      + HV      = O       + O       O    4.008E+11
  86) N       + O3      = NO      + O2           3.896E+05
  89) NO      + O3      = NO2     + O2           5.751E+12
 174) SO      + O3      = SO2     + O2           6.229E+08
 176) HS      + O3      = HSO     + O2           1.504E+08
 178) S       + O3      = SO      + O2           1.994E+01
 228) NO2     + O3      = NO3     + O2           2.867E+09

HNO3                PRODUCTION RXS              INT RX RATE    TP =  7.64E+09
  94) NO2     + OH      = HNO3    +              7.642E+09

HNO3                   LOSS RXS                INT RX RATE    TL =  7.61E+09
  60) HNO3    + HV      = NO2     + OH           5.035E+09
  61) HNO3    + HV      = HNO2    + O            4.035E+08
  62) HNO3    + HV      = HNO2    + O1D          2.897E+08
  96) HNO3    + OH      = H2O     + NO3          1.675E+09
 238) O       + HNO3    = OH      + NO3          1.048E+06

N                   PRODUCTION RXS              INT RX RATE    TP =  5.65E+07
  63) NO      + HV      = N       + O            5.654E+07

N                      LOSS RXS                INT RX RATE    TL =  1.57E+08
  84) N       + N       = N2      +              1.193E+04
  85) N       + O2      = NO      + O            3.225E+07
  86) N       + O3      = NO      + O2           3.896E+05
  87) N       + OH      = NO      + H            5.245E+07
  88) N       + NO      = N2      + O            6.428E+07
 218) N       + NO2     = N2O     + O            3.286E+06
 223) N       + HO2     = NO      + OH           3.862E+06

NO3                 PRODUCTION RXS              INT RX RATE    TP =  1.87E+10
  96) HNO3    + OH      = H2O     + NO3          1.675E+09
 214) O       + NO2     = NO3     +              1.346E+10
 226) N2O5    + M       = NO3     + NO2          1.053E+05
 228) NO2     + O3      = NO3     + O2           2.867E+09
 235) HO2NO2  + HV      = OH      + NO3          5.894E+08
 236) N2O5    + HV      = NO3     + NO2          1.932E+07
 237) N2O5    + HV      = NO3     + NO      O    5.996E+07
 238) O       + HNO3    = OH      + NO3          1.048E+06

NO3                    LOSS RXS                INT RX RATE    TL =  1.87E+10
 211) O       + NO3     = O2      + NO2          1.089E+08
 212) HO2     + NO3     = OH      + NO2     O2   7.324E+06
 213) NO      + NO3     = NO2     + NO2          2.486E+09
 215) OH      + NO3     = HO2     + NO2          1.121E+07
 216) NO3     + HV      = NO      + O2           1.882E+09
 217) NO3     + HV      = NO2     + O            1.409E+10
 225) NO2     + NO3     = N2O5    +              7.940E+07
 227) NO2     + NO3     = NO      + NO2     O2   9.881E+03
 229) NO3     + NO3     = NO2     + NO2     O2   1.292E-01

N2O                 PRODUCTION RXS              INT RX RATE    TP =  3.29E+06
 218) N       + NO2     = N2O     + O            3.286E+06

N2O                    LOSS RXS                INT RX RATE    TL =  5.26E+09
 220) O1D     + N2O     = N2      + O2           3.366E+07
 221) O1D     + N2O     = NO      + NO           5.267E+07
 222) N2O     + HV      = N2      + O1D          5.158E+09

HO2NO2              PRODUCTION RXS              INT RX RATE    TP =  1.38E+10
 230) HO2     + NO2     = HO2NO2  +              1.375E+10

HO2NO2                 LOSS RXS                INT RX RATE    TL =  1.38E+10
 231) O       + HO2NO2  = OH      + NO2     O2   4.423E+04
 232) OH      + HO2NO2  = H2O     + NO2     O2   3.151E+09
 233) HO2NO2  + M       = HO2     + NO2          7.753E+09
 234) HO2NO2  + HV      = HO2     + NO2          2.239E+09
 235) HO2NO2  + HV      = OH      + NO3          5.894E+08

N2O5                PRODUCTION RXS              INT RX RATE    TP =  7.94E+07
 225) NO2     + NO3     = N2O5    +              7.940E+07

N2O5                   LOSS RXS                INT RX RATE    TL =  7.94E+07
 224) O       + N2O5    = NO2     + NO2     O2   1.710E+04
 226) N2O5    + M       = NO3     + NO2          1.053E+05
 236) N2O5    + HV      = NO3     + NO2          1.932E+07
 237) N2O5    + HV      = NO3     + NO      O    5.996E+07

CO2                 PRODUCTION RXS              INT RX RATE    TP =  2.37E+11
  35) O       + HCO     = H       + CO2          1.248E+06
  40) CO      + OH      = CO2     + H            2.371E+11
  41) CO      + O       = CO2     +              3.993E+06
 197) O       + OCS     = S       + CO2          1.691E-11
 199) OCS     + OH      = CO2     + HS           1.034E-05

CO2                    LOSS RXS                INT RX RATE    TL =  1.05E+10
  38) CO2     + HV      = CO      + O            4.297E+09
  39) CO2     + HV      = CO      + O1D          6.209E+09
 105) CH21    + CO2     = H2CO    + CO           3.635E+03
 107) CH23    + CO2     = H2CO    + CO           6.580E+04
 181) S       + CO2     = SO      + CO           2.641E-06

SO4AER              PRODUCTION RXS              INT RX RATE    TP =  6.22E+09

SO4AER                 LOSS RXS                INT RX RATE    TL =  6.15E+09

S8AER               PRODUCTION RXS              INT RX RATE    TP =  0.00E+00

S8AER                  LOSS RXS                INT RX RATE    TL =  1.71E-19

HNO2                PRODUCTION RXS              INT RX RATE    TP =  0.00E+00
  61) HNO3    + HV      = HNO2    + O            4.035E+08
  62) HNO3    + HV      = HNO2    + O1D          2.897E+08
  92) NO      + OH      = HNO2    +              3.975E+09
 239) HO2     + NO2     = HNO2    + O2           7.646E+06

HNO2                   LOSS RXS                INT RX RATE    TL =  0.00E+00
  59) HNO2    + HV      = NO      + OH           4.626E+09
 102) HNO2    + OH      = H2O     + NO2          5.021E+07

O1D                 PRODUCTION RXS              INT RX RATE    TP =  0.00E+00
  23) O2      + HV      = O       + O1D          2.920E+11
  26) H2O     + HV      = H2      + O1D          1.438E+09
  28) O3      + HV      = O2      + O1D          6.550E+14
  39) CO2     + HV      = CO      + O1D          6.209E+09
  62) HNO3    + HV      = HNO2    + O1D          2.897E+08
  64) NO2     + HV      = NO      + O1D          4.520E+08
 222) N2O     + HV      = N2      + O1D          5.158E+09

O1D                    LOSS RXS                INT RX RATE    TL =  0.00E+00
   1) H2O     + O1D     = OH      + OH           7.153E+10
   2) H2      + O1D     = OH      + H            1.385E+09
  21) O1D     + N2      = O       + N2           6.469E+14
  22) O1D     + O2      = O       + O2           8.318E+12
  67) CH4     + O1D     = CH3     + OH           1.672E+09
  68) CH4     + O1D     = H2CO    + H2           1.115E+08
 110) C2H6    + O1D     = C2H5    + OH           2.286E-02
 203) CO      + O1D     = CO      + O            2.570E+07
 220) O1D     + N2O     = N2      + O2           3.366E+07
 221) O1D     + N2O     = NO      + NO           5.267E+07

CH21                PRODUCTION RXS              INT RX RATE    TP =  0.00E+00
  54) CH4     + HV      = CH21    + H2           1.783E+08
  58) C2H6    + HV      = CH4     + CH21         6.690E-01
  78) CH3     + HV      = CH21    + H            2.868E+04

CH21                   LOSS RXS                INT RX RATE    TL =  0.00E+00
  69) CH21    + CH4     = CH3     + CH3          8.044E+01
  70) CH21    + O2      = HCO     + OH           6.273E+06
  71) CH21    + N2      = CH23    + N2           1.720E+08
 104) CH21    + H2      = CH3     + H            8.881E+03
 105) CH21    + CO2     = H2CO    + CO           3.635E+03

CH23                PRODUCTION RXS              INT RX RATE    TP =  0.00E+00
  56) CH4     + HV      = CH23    + H       H    3.253E+07
  71) CH21    + N2      = CH23    + N2           1.720E+08

CH23                   LOSS RXS                INT RX RATE    TL =  0.00E+00
  72) CH23    + H2      = CH3     + H            6.340E+03
  73) CH23    + CH4     = CH3     + CH3          1.982E-08
  74) CH23    + O2      = HCO     + OH           2.034E+08
 106) CH23    + O       = HCO     + H            1.103E+06
 107) CH23    + CO2     = H2CO    + CO           6.580E+04

C2H5                PRODUCTION RXS              INT RX RATE    TP =  0.00E+00
 108) C2H6    + OH      = C2H5    + H2O          1.551E+00
 109) C2H6    + O       = C2H5    + OH           2.647E-02
 110) C2H6    + O1D     = C2H5    + OH           2.286E-02

C2H5                   LOSS RXS                INT RX RATE    TL =  0.00E+00
 111) C2H5    + H       = CH3     + CH3          1.222E-04
 112) C2H5    + O       = CH3     + HCO     H    2.211E-02
 113) C2H5    + OH      = CH3     + HCO     H2   4.070E-06
 114) C2H5    + HCO     = C2H6    + CO           1.234E-12
 115) C2H5    + HNO     = C2H6    + NO           1.275E-17
 116) C2H5    + O2      = CH3     + HCO     OH   1.578E+00

SO21                PRODUCTION RXS              INT RX RATE    TP =  0.00E+00
 120) SO2     + HV      = SO21    +              6.484E+11

SO21                   LOSS RXS                INT RX RATE    TL =  0.00E+00
 164) SO21    + M       = SO23    + M            5.893E+10
 165) SO21    + M       = SO2     + M            5.893E+11
 166) SO21    + HV      = SO23    + HV           1.225E+07
 167) SO21    + HV      = SO2     + HV           1.797E+08
 168) SO21    + O2      = SO3     + O            6.188E+04
 169) SO21    + SO2     = SO3     + SO           1.299E+02

SO23                PRODUCTION RXS              INT RX RATE    TP =  0.00E+00
 121) SO2     + HV      = SO23    +              4.913E+09
 164) SO21    + M       = SO23    + M            5.893E+10
 166) SO21    + HV      = SO23    + HV           1.225E+07

SO23                   LOSS RXS                INT RX RATE    TL =  0.00E+00
 170) SO23    + M       = SO2     + M            6.379E+10
 171) SO23    + HV      = SO2     + HV           6.449E+07
 172) SO23    + SO2     = SO3     + SO           1.637E+01

HSO3                PRODUCTION RXS              INT RX RATE    TP =  0.00E+00
 126) SO2     + OH      = HSO3    +              6.482E+09

HSO3                   LOSS RXS                INT RX RATE    TL =  0.00E+00
 129) HSO3    + O2      = HO2     + SO3          6.482E+09
 130) HSO3    + OH      = H2O     + SO3          1.863E+00
 131) HSO3    + H       = H2      + SO3          3.529E-06
 132) HSO3    + O       = OH      + SO3          4.824E+00

OCS2                PRODUCTION RXS              INT RX RATE    TP =  0.00E+00
 206) OCS     + S       = OCS2    +              8.757E-18

OCS2                   LOSS RXS                INT RX RATE    TL =  0.00E+00
 207) OCS2    + S       = OCS     + S2           7.035E-34
 210) OCS2    + CO      = OCS     + OCS          8.757E-18

N2                  PRODUCTION RXS              INT RX RATE    TP =  0.00E+00
  21) O1D     + N2      = O       + N2           6.469E+14
  71) CH21    + N2      = CH23    + N2           1.720E+08
  84) N       + N       = N2      +              1.193E+04
  88) N       + NO      = N2      + O            6.428E+07
 220) O1D     + N2O     = N2      + O2           3.366E+07
 222) N2O     + HV      = N2      + O1D          5.158E+09

N2                     LOSS RXS                INT RX RATE    TL =  0.00E+00
  21) O1D     + N2      = O       + N2           6.469E+14
  71) CH21    + N2      = CH23    + N2           1.720E+08
