
O                   PRODUCTION RXS              INT RX RATE    TP =  2.17E+15
   8) H       + HO2     = H2O     + O            4.169E+08
  20) OH      + OH      = H2O     + O            7.255E+08
  21) O1D     + N2      = O       + N2           6.466E+14
  22) O1D     + O2      = O       + O2           1.691E+13
  23) O2      + HV      = O       + O1D          2.960E+11
  24) O2      + HV      = O       + O            2.975E+12
  27) H2O     + HV      = H       + H       O    1.460E+09
  29) O3      + HV      = O2      + O            1.492E+15
  30) O3      + HV      = O       + O       O    3.487E+11
  38) CO2     + HV      = CO      + O            2.553E+09
  53) HO2     + HV      = OH      + O            5.317E+09
  61) HNO3    + HV      = HNO2    + O            4.128E+08
  63) NO      + HV      = N       + O            7.330E+07
  65) NO2     + HV      = NO      + O            8.770E+12
  85) N       + O2      = NO      + O            5.329E+07
  88) N       + NO      = N2      + O            6.499E+07
 117) SO      + HV      = S       + O            8.066E+03
 119) SO2     + HV      = SO      + O            1.344E+09
 122) SO      + O2      = O       + SO2          1.237E+09
 143) S       + O2      = SO      + O            8.065E+03
 163) SO3     + HV      = SO2     + O            8.183E+02
 168) SO21    + O2      = SO3     + O            1.227E+05
 185) HSO     + HV      = HS      + O            6.272E+03
 203) CO      + O1D     = CO      + O            2.523E+07
 217) NO3     + HV      = NO2     + O            1.623E+10
 218) N       + NO2     = N2O     + O            2.835E+06
 237) N2O5    + HV      = NO3     + NO      O    9.416E+07

O                      LOSS RXS                INT RX RATE    TL =  2.17E+15
   3) H2      + O       = OH      + H            4.043E+07
  10) OH      + O       = H       + O2           2.111E+12
  13) HO2     + O       = OH      + O2           1.770E+12
  17) O       + O       = O2      +              5.020E+10
  18) O       + O2      = O3      +              2.166E+15
  19) O       + O3      = O2      + O2           4.533E+11
  35) O       + HCO     = H       + CO2          1.336E+06
  36) O       + HCO     = OH      + CO           1.336E+06
  41) CO      + O       = CO2     +              2.292E+06
  51) H2CO    + O       = HCO     + OH           3.917E+08
  52) H2O2    + O       = OH      + HO2          1.971E+06
  76) CH3     + O       = H2CO    + H            3.255E+07
  90) NO      + O       = NO2     +              6.382E+09
  93) NO2     + O       = NO      + O2           7.424E+11
 100) O       + HNO     = OH      + NO           3.086E+04
 103) CH4     + O       = CH3     + OH           4.152E+07
 106) CH23    + O       = HCO     + H            1.114E+06
 109) C2H6    + O       = C2H5    + OH           2.619E-02
 112) C2H5    + O       = CH3     + HCO     H    1.685E-02
 124) SO      + O       = SO2     +              2.474E+04
 127) SO2     + O       = SO3     +              8.394E+06
 132) HSO3    + O       = OH      + SO3          1.288E+00
 135) H2S     + O       = OH      + HS           4.144E+03
 136) HS      + O       = H       + SO           2.087E+02
 150) S2      + O       = S       + SO           1.669E-16
 191) HSO     + O       = OH      + SO           1.735E+06
 196) O       + OCS     = CO      + SO           2.455E-06
 197) O       + OCS     = S       + CO2          1.109E-11
 211) O       + NO3     = O2      + NO2          1.212E+08
 214) O       + NO2     = NO3     +              1.437E+10
 224) O       + N2O5    = NO2     + NO2     O2   2.165E+04
 231) O       + HO2NO2  = OH      + NO2     O2   5.514E+04
 238) O       + HNO3    = OH      + NO3          1.268E+06

O2                  PRODUCTION RXS              INT RX RATE    TP =  2.19E+15
   5) H       + O3      = OH      + O2           4.958E+11
   7) H       + HO2     = H2      + O2           1.798E+09
  10) OH      + O       = H       + O2           2.111E+12
  11) OH      + HO2     = H2O     + O2           6.118E+10
  12) OH      + O3      = HO2     + O2           4.004E+11
  13) HO2     + O       = OH      + O2           1.770E+12
  14) HO2     + O3      = OH      + O2      O2   1.223E+11
  15) HO2     + HO2     = H2O2    + O2           8.683E+10
  17) O       + O       = O2      +              5.020E+10
  19) O       + O3      = O2      + O2           4.533E+11
  22) O1D     + O2      = O       + O2           1.691E+13
  28) O3      + HV      = O2      + O1D          6.633E+14
  29) O3      + HV      = O2      + O            1.492E+15
  86) N       + O3      = NO      + O2           2.819E+05
  89) NO      + O3      = NO2     + O2           9.286E+12
  93) NO2     + O       = NO      + O2           7.424E+11
 138) HS      + HO2     = H2S     + O2           4.235E+05
 146) S       + HO2     = HS      + O2           2.180E-06
 174) SO      + O3      = SO2     + O2           2.362E+08
 176) HS      + O3      = HSO     + O2           1.384E+08
 178) S       + O3      = SO      + O2           2.640E+00
 182) SO      + HO2     = HSO     + O2           9.436E+05
 211) O       + NO3     = O2      + NO2          1.212E+08
 212) HO2     + NO3     = OH      + NO2     O2   7.597E+06
 216) NO3     + HV      = NO      + O2           2.157E+09
 220) O1D     + N2O     = N2      + O2           3.673E+07
 224) O       + N2O5    = NO2     + NO2     O2   2.165E+04
 227) NO2     + NO3     = NO      + NO2     O2   1.719E+04
 228) NO2     + O3      = NO3     + O2           5.172E+09
 229) NO3     + NO3     = NO2     + NO2     O2   1.717E-01
 231) O       + HO2NO2  = OH      + NO2     O2   5.514E+04
 232) OH      + HO2NO2  = H2O     + NO2     O2   3.433E+09
 239) HO2     + NO2     = HNO2    + O2           1.018E+07

O2                     LOSS RXS                INT RX RATE    TL =  2.19E+15
   6) H       + O2      = HO2     +              1.901E+12
  18) O       + O2      = O3      +              2.166E+15
  22) O1D     + O2      = O       + O2           1.691E+13
  23) O2      + HV      = O       + O1D          2.960E+11
  24) O2      + HV      = O       + O            2.975E+12
  47) HCO     + O2      = HO2     + CO           4.700E+10
  70) CH21    + O2      = HCO     + OH           7.321E+06
  74) CH23    + O2      = HCO     + OH           1.178E+08
  75) CH3     + O2      = H2CO    + OH           9.275E+10
  85) N       + O2      = NO      + O            5.329E+07
 116) C2H5    + O2      = CH3     + HCO     OH   8.837E-01
 122) SO      + O2      = O       + SO2          1.237E+09
 129) HSO3    + O2      = HO2     + SO3          6.454E+09
 137) HS      + O2      = OH      + SO           3.247E+07
 143) S       + O2      = SO      + O            8.065E+03
 168) SO21    + O2      = SO3     + O            1.227E+05

H2O                 PRODUCTION RXS              INT RX RATE    TP =  6.24E+10
   4) H2      + OH      = H2O     + H            3.030E+10
   8) H       + HO2     = H2O     + O            4.169E+08
  11) OH      + HO2     = H2O     + O2           6.118E+10
  16) H2O2    + OH      = HO2     + H2O          2.409E+10
  20) OH      + OH      = H2O     + O            7.255E+08
  34) OH      + HCO     = H2O     + CO           7.464E+02
  48) H2CO    + OH      = H2O     + HCO          1.947E+10
  49) H       + OH      = H2O     +              1.806E+06
  66) CH4     + OH      = CH3     + H2O          9.100E+10
  96) HNO3    + OH      = H2O     + NO3          2.078E+09
 101) OH      + HNO     = H2O     + NO           5.605E+03
 102) HNO2    + OH      = H2O     + NO2          5.701E+07
 108) C2H6    + OH      = C2H5    + H2O          8.566E-01
 130) HSO3    + OH      = H2O     + SO3          8.103E-01
 133) H2S     + OH      = H2O     + HS           1.727E+08
 187) HSO     + OH      = H2O     + SO           1.412E+08
 205) H2S     + HO2     = H2O     + HSO          2.853E+07
 232) OH      + HO2NO2  = H2O     + NO2     O2   3.433E+09

H2O                    LOSS RXS                INT RX RATE    TL =  4.74E+10
   1) H2O     + O1D     = OH      + OH           6.878E+10
  25) H2O     + HV      = H       + OH           1.731E+10
  26) H2O     + HV      = H2      + O1D          9.736E+08
  27) H2O     + HV      = H       + H       O    1.460E+09
 128) SO3     + H2O     = H2SO4   +              6.463E+09

H                   PRODUCTION RXS              INT RX RATE    TP =  2.42E+12
   2) H2      + O1D     = OH      + H            1.354E+09
   3) H2      + O       = OH      + H            4.043E+07
   4) H2      + OH      = H2O     + H            3.030E+10
  10) OH      + O       = H       + O2           2.111E+12
  25) H2O     + HV      = H       + OH           1.731E+10
  27) H2O     + HV      = H       + H       O    1.460E+09
  35) O       + HCO     = H       + CO2          1.336E+06
  40) CO      + OH      = CO2     + H            2.285E+11
  43) H2CO    + HV      = HCO     + H            2.702E+10
  44) HCO     + HV      = H       + CO           1.129E+04
  55) CH4     + HV      = CH3     + H            1.157E+08
  56) CH4     + HV      = CH23    + H       H    1.954E+07
  72) CH23    + H2      = CH3     + H            1.841E+03
  76) CH3     + O       = H2CO    + H            3.255E+07
  78) CH3     + HV      = CH21    + H            2.285E+04
  87) N       + OH      = NO      + H            4.853E+07
  98) HNO     + HV      = NO      + H            1.824E+05
 104) CH21    + H2      = CH3     + H            6.019E+03
 106) CH23    + O       = HCO     + H            1.114E+06
 112) C2H5    + O       = CH3     + HCO     H    1.685E-02
 118) H2S     + HV      = HS      + H            9.613E+03
 125) SO      + OH      = SO2     + H            4.408E+05
 136) HS      + O       = H       + SO           2.087E+02
 142) HS      + S       = H       + S2           1.623E-14
 144) S       + OH      = SO      + H            5.688E-06
 195) HS      + CO      = OCS     + H            2.902E-05
 200) S       + HCO     = OCS     + H            5.793E-14

H                      LOSS RXS                INT RX RATE    TL =  2.42E+12
   5) H       + O3      = OH      + O2           4.958E+11
   6) H       + O2      = HO2     +              1.901E+12
   7) H       + HO2     = H2      + O2           1.798E+09
   8) H       + HO2     = H2O     + O            4.169E+08
   9) H       + HO2     = OH      + OH           1.876E+10
  31) H       + CO      = HCO     +              2.445E+04
  32) H       + HCO     = H2      + CO           3.514E+04
  45) H2CO    + H       = H2      + HCO          9.291E+04
  46) H       + H       = H2      +              1.747E+06
  49) H       + OH      = H2O     +              1.806E+06
  79) CH3     + H       = CH4     +              5.739E+03
  83) H       + NO      = HNO     +              3.242E+04
  95) NO2     + H       = NO      + OH           2.270E+07
  99) H       + HNO     = H2      + NO           3.891E+01
 111) C2H5    + H       = CH3     + CH3          9.059E-05
 131) HSO3    + H       = H2      + SO3          8.085E-07
 134) H2S     + H       = H2      + HS           2.571E+01
 141) HS      + H       = H2      + S            3.187E-03
 184) H       + SO      = HSO     +              9.889E-04
 188) HSO     + H       = HS      + OH           9.114E+01
 189) HSO     + H       = H2      + SO           4.557E+01
 194) H       + OCS     = CO      + HS           5.945E-11

OH                  PRODUCTION RXS              INT RX RATE    TP =  2.99E+12
   1) H2O     + O1D     = OH      + OH           6.878E+10
   2) H2      + O1D     = OH      + H            1.354E+09
   3) H2      + O       = OH      + H            4.043E+07
   5) H       + O3      = OH      + O2           4.958E+11
   9) H       + HO2     = OH      + OH           1.876E+10
  13) HO2     + O       = OH      + O2           1.770E+12
  14) HO2     + O3      = OH      + O2      O2   1.223E+11
  25) H2O     + HV      = H       + OH           1.731E+10
  36) O       + HCO     = OH      + CO           1.336E+06
  37) H2O2    + HV      = OH      + OH           3.885E+10
  51) H2CO    + O       = HCO     + OH           3.917E+08
  52) H2O2    + O       = OH      + HO2          1.971E+06
  53) HO2     + HV      = OH      + O            5.317E+09
  59) HNO2    + HV      = NO      + OH           5.209E+09
  60) HNO3    + HV      = NO2     + OH           6.424E+09
  67) CH4     + O1D     = CH3     + OH           1.624E+09
  70) CH21    + O2      = HCO     + OH           7.321E+06
  74) CH23    + O2      = HCO     + OH           1.178E+08
  75) CH3     + O2      = H2CO    + OH           9.275E+10
  91) NO      + HO2     = NO2     + OH           2.213E+11
  95) NO2     + H       = NO      + OH           2.270E+07
 100) O       + HNO     = OH      + NO           3.086E+04
 103) CH4     + O       = CH3     + OH           4.152E+07
 109) C2H6    + O       = C2H5    + OH           2.619E-02
 110) C2H6    + O1D     = C2H5    + OH           1.786E-02
 116) C2H5    + O2      = CH3     + HCO     OH   8.837E-01
 123) SO      + HO2     = SO2     + OH           9.436E+05
 132) HSO3    + O       = OH      + SO3          1.288E+00
 135) H2S     + O       = OH      + HS           4.144E+03
 137) HS      + O2      = OH      + SO           3.247E+07
 147) S       + HO2     = SO      + OH           2.180E-06
 175) SO2     + HO2     = SO3     + OH           7.468E+05
 188) HSO     + H       = HS      + OH           9.114E+01
 191) HSO     + O       = OH      + SO           1.735E+06
 212) HO2     + NO3     = OH      + NO2     O2   7.597E+06
 223) N       + HO2     = NO      + OH           3.355E+06
 231) O       + HO2NO2  = OH      + NO2     O2   5.514E+04
 235) HO2NO2  + HV      = OH      + NO3          6.534E+08
 238) O       + HNO3    = OH      + NO3          1.268E+06

OH                     LOSS RXS                INT RX RATE    TL =  2.99E+12
   4) H2      + OH      = H2O     + H            3.030E+10
  10) OH      + O       = H       + O2           2.111E+12
  11) OH      + HO2     = H2O     + O2           6.118E+10
  12) OH      + O3      = HO2     + O2           4.004E+11
  16) H2O2    + OH      = HO2     + H2O          2.409E+10
  20) OH      + OH      = H2O     + O            7.255E+08
  34) OH      + HCO     = H2O     + CO           7.464E+02
  40) CO      + OH      = CO2     + H            2.285E+11
  48) H2CO    + OH      = H2O     + HCO          1.947E+10
  49) H       + OH      = H2O     +              1.806E+06
  50) OH      + OH      = H2O2    +              4.270E+07
  66) CH4     + OH      = CH3     + H2O          9.100E+10
  87) N       + OH      = NO      + H            4.853E+07
  92) NO      + OH      = HNO2    +              4.547E+09
  94) NO2     + OH      = HNO3    +              9.543E+09
  96) HNO3    + OH      = H2O     + NO3          2.078E+09
 101) OH      + HNO     = H2O     + NO           5.605E+03
 102) HNO2    + OH      = H2O     + NO2          5.701E+07
 108) C2H6    + OH      = C2H5    + H2O          8.566E-01
 113) C2H5    + OH      = CH3     + HCO     H2   2.234E-06
 125) SO      + OH      = SO2     + H            4.408E+05
 126) SO2     + OH      = HSO3    +              6.454E+09
 130) HSO3    + OH      = H2O     + SO3          8.103E-01
 133) H2S     + OH      = H2O     + HS           1.727E+08
 144) S       + OH      = SO      + H            5.688E-06
 187) HSO     + OH      = H2O     + SO           1.412E+08
 199) OCS     + OH      = CO2     + HS           1.233E-05
 215) OH      + NO3     = HO2     + NO2          1.248E+07
 232) OH      + HO2NO2  = H2O     + NO2     O2   3.433E+09

HO2                 PRODUCTION RXS              INT RX RATE    TP =  2.39E+12
   6) H       + O2      = HO2     +              1.901E+12
  12) OH      + O3      = HO2     + O2           4.004E+11
  16) H2O2    + OH      = HO2     + H2O          2.409E+10
  47) HCO     + O2      = HO2     + CO           4.700E+10
  52) H2O2    + O       = OH      + HO2          1.971E+06
 129) HSO3    + O2      = HO2     + SO3          6.454E+09
 215) OH      + NO3     = HO2     + NO2          1.248E+07
 233) HO2NO2  + M       = HO2     + NO2          1.017E+10
 234) HO2NO2  + HV      = HO2     + NO2          2.509E+09

HO2                    LOSS RXS                INT RX RATE    TL =  2.39E+12
   7) H       + HO2     = H2      + O2           1.798E+09
   8) H       + HO2     = H2O     + O            4.169E+08
   9) H       + HO2     = OH      + OH           1.876E+10
  11) OH      + HO2     = H2O     + O2           6.118E+10
  13) HO2     + O       = OH      + O2           1.770E+12
  14) HO2     + O3      = OH      + O2      O2   1.223E+11
  15) HO2     + HO2     = H2O2    + O2           8.683E+10
  53) HO2     + HV      = OH      + O            5.317E+09
  91) NO      + HO2     = NO2     + OH           2.213E+11
 123) SO      + HO2     = SO2     + OH           9.436E+05
 138) HS      + HO2     = H2S     + O2           4.235E+05
 146) S       + HO2     = HS      + O2           2.180E-06
 147) S       + HO2     = SO      + OH           2.180E-06
 175) SO2     + HO2     = SO3     + OH           7.468E+05
 182) SO      + HO2     = HSO     + O2           9.436E+05
 205) H2S     + HO2     = H2O     + HSO          2.853E+07
 212) HO2     + NO3     = OH      + NO2     O2   7.597E+06
 223) N       + HO2     = NO      + OH           3.355E+06
 230) HO2     + NO2     = HO2NO2  +              1.679E+10
 239) HO2     + NO2     = HNO2    + O2           1.018E+07

H2O2                PRODUCTION RXS              INT RX RATE    TP =  8.69E+10
  15) HO2     + HO2     = H2O2    + O2           8.683E+10
  50) OH      + OH      = H2O2    +              4.270E+07

H2O2                   LOSS RXS                INT RX RATE    TL =  8.15E+10
  16) H2O2    + OH      = HO2     + H2O          2.409E+10
  37) H2O2    + HV      = OH      + OH           3.885E+10
  52) H2O2    + O       = OH      + HO2          1.971E+06

H2                  PRODUCTION RXS              INT RX RATE    TP =  4.65E+10
   7) H       + HO2     = H2      + O2           1.798E+09
  26) H2O     + HV      = H2      + O1D          9.736E+08
  32) H       + HCO     = H2      + CO           3.514E+04
  42) H2CO    + HV      = H2      + CO           4.327E+10
  45) H2CO    + H       = H2      + HCO          9.291E+04
  46) H       + H       = H2      +              1.747E+06
  54) CH4     + HV      = CH21    + H2           1.067E+08
  68) CH4     + O1D     = H2CO    + H2           1.082E+08
  99) H       + HNO     = H2      + NO           3.891E+01
 113) C2H5    + OH      = CH3     + HCO     H2   2.234E-06
 131) HSO3    + H       = H2      + SO3          8.085E-07
 134) H2S     + H       = H2      + HS           2.571E+01
 141) HS      + H       = H2      + S            3.187E-03
 189) HSO     + H       = H2      + SO           4.557E+01

H2                     LOSS RXS                INT RX RATE    TL =  3.17E+10
   2) H2      + O1D     = OH      + H            1.354E+09
   3) H2      + O       = OH      + H            4.043E+07
   4) H2      + OH      = H2O     + H            3.030E+10
  72) CH23    + H2      = CH3     + H            1.841E+03
 104) CH21    + H2      = CH3     + H            6.019E+03

CO                  PRODUCTION RXS              INT RX RATE    TP =  9.62E+10
  32) H       + HCO     = H2      + CO           3.514E+04
  33) HCO     + HCO     = H2CO    + CO           2.208E-05
  34) OH      + HCO     = H2O     + CO           7.464E+02
  36) O       + HCO     = OH      + CO           1.336E+06
  38) CO2     + HV      = CO      + O            2.553E+09
  39) CO2     + HV      = CO      + O1D          3.331E+09
  42) H2CO    + HV      = H2      + CO           4.327E+10
  44) HCO     + HV      = H       + CO           1.129E+04
  47) HCO     + O2      = HO2     + CO           4.700E+10
  80) CH3     + HCO     = CH4     + CO           7.548E-03
  97) HCO     + NO      = HNO     + CO           4.448E+02
 105) CH21    + CO2     = H2CO    + CO           2.078E+03
 107) CH23    + CO2     = H2CO    + CO           1.632E+04
 114) C2H5    + HCO     = C2H6    + CO           4.701E-13
 140) HS      + HCO     = H2S     + CO           1.125E-04
 145) S       + HCO     = HS      + CO           7.242E-15
 181) S       + CO2     = SO      + CO           2.690E-07
 183) SO      + HCO     = HSO     + CO           1.021E-04
 194) H       + OCS     = CO      + HS           5.945E-11
 196) O       + OCS     = CO      + SO           2.455E-06
 198) OCS     + S       = CO      + S2           9.903E-19
 202) OCS     + HV      = CO      + S            1.421E-05
 203) CO      + O1D     = CO      + O            2.523E+07

CO                     LOSS RXS                INT RX RATE    TL =  2.29E+11
  31) H       + CO      = HCO     +              2.445E+04
  40) CO      + OH      = CO2     + H            2.285E+11
  41) CO      + O       = CO2     +              2.292E+06
 195) HS      + CO      = OCS     + H            2.902E-05
 201) S       + CO      = OCS     +              7.498E-09
 203) CO      + O1D     = CO      + O            2.523E+07
 210) OCS2    + CO      = OCS     + OCS          9.131E-19

HCO                 PRODUCTION RXS              INT RX RATE    TP =  4.70E+10
  31) H       + CO      = HCO     +              2.445E+04
  43) H2CO    + HV      = HCO     + H            2.702E+10
  45) H2CO    + H       = H2      + HCO          9.291E+04
  48) H2CO    + OH      = H2O     + HCO          1.947E+10
  51) H2CO    + O       = HCO     + OH           3.917E+08
  70) CH21    + O2      = HCO     + OH           7.321E+06
  74) CH23    + O2      = HCO     + OH           1.178E+08
  82) CH3     + H2CO    = CH4     + HCO          2.495E-04
 106) CH23    + O       = HCO     + H            1.114E+06
 112) C2H5    + O       = CH3     + HCO     H    1.685E-02
 113) C2H5    + OH      = CH3     + HCO     H2   2.234E-06
 116) C2H5    + O2      = CH3     + HCO     OH   8.837E-01
 151) HS      + H2CO    = H2S     + HCO          7.298E+05

HCO                    LOSS RXS                INT RX RATE    TL =  4.70E+10
  32) H       + HCO     = H2      + CO           3.514E+04
  33) HCO     + HCO     = H2CO    + CO           2.208E-05
  34) OH      + HCO     = H2O     + CO           7.464E+02
  35) O       + HCO     = H       + CO2          1.336E+06
  36) O       + HCO     = OH      + CO           1.336E+06
  44) HCO     + HV      = H       + CO           1.129E+04
  47) HCO     + O2      = HO2     + CO           4.700E+10
  80) CH3     + HCO     = CH4     + CO           7.548E-03
  97) HCO     + NO      = HNO     + CO           4.448E+02
 114) C2H5    + HCO     = C2H6    + CO           4.701E-13
 140) HS      + HCO     = H2S     + CO           1.125E-04
 145) S       + HCO     = HS      + CO           7.242E-15
 183) SO      + HCO     = HSO     + CO           1.021E-04
 200) S       + HCO     = OCS     + H            5.793E-14

H2CO                PRODUCTION RXS              INT RX RATE    TP =  9.29E+10
  33) HCO     + HCO     = H2CO    + CO           2.208E-05
  68) CH4     + O1D     = H2CO    + H2           1.082E+08
  75) CH3     + O2      = H2CO    + OH           9.275E+10
  76) CH3     + O       = H2CO    + H            3.255E+07
 105) CH21    + CO2     = H2CO    + CO           2.078E+03
 107) CH23    + CO2     = H2CO    + CO           1.632E+04

H2CO                   LOSS RXS                INT RX RATE    TL =  9.19E+10
  42) H2CO    + HV      = H2      + CO           4.327E+10
  43) H2CO    + HV      = HCO     + H            2.702E+10
  45) H2CO    + H       = H2      + HCO          9.291E+04
  48) H2CO    + OH      = H2O     + HCO          1.947E+10
  51) H2CO    + O       = HCO     + OH           3.917E+08
  82) CH3     + H2CO    = CH4     + HCO          2.495E-04
 151) HS      + H2CO    = H2S     + HCO          7.298E+05

CH4                 PRODUCTION RXS              INT RX RATE    TP =  5.74E+03
  58) C2H6    + HV      = CH4     + CH21         2.965E-01
  79) CH3     + H       = CH4     +              5.739E+03
  80) CH3     + HCO     = CH4     + CO           7.548E-03
  81) CH3     + HNO     = CH4     + NO           3.115E-06
  82) CH3     + H2CO    = CH4     + HCO          2.495E-04

CH4                    LOSS RXS                INT RX RATE    TL =  9.30E+10
  54) CH4     + HV      = CH21    + H2           1.067E+08
  55) CH4     + HV      = CH3     + H            1.157E+08
  56) CH4     + HV      = CH23    + H       H    1.954E+07
  66) CH4     + OH      = CH3     + H2O          9.100E+10
  67) CH4     + O1D     = CH3     + OH           1.624E+09
  68) CH4     + O1D     = H2CO    + H2           1.082E+08
  69) CH21    + CH4     = CH3     + CH3          4.730E+01
  73) CH23    + CH4     = CH3     + CH3          1.734E-08
 103) CH4     + O       = CH3     + OH           4.152E+07

CH3                 PRODUCTION RXS              INT RX RATE    TP =  9.28E+10
  55) CH4     + HV      = CH3     + H            1.157E+08
  66) CH4     + OH      = CH3     + H2O          9.100E+10
  67) CH4     + O1D     = CH3     + OH           1.624E+09
  69) CH21    + CH4     = CH3     + CH3          4.730E+01
  72) CH23    + H2      = CH3     + H            1.841E+03
  73) CH23    + CH4     = CH3     + CH3          1.734E-08
 103) CH4     + O       = CH3     + OH           4.152E+07
 104) CH21    + H2      = CH3     + H            6.019E+03
 111) C2H5    + H       = CH3     + CH3          9.059E-05
 112) C2H5    + O       = CH3     + HCO     H    1.685E-02
 113) C2H5    + OH      = CH3     + HCO     H2   2.234E-06
 116) C2H5    + O2      = CH3     + HCO     OH   8.837E-01

CH3                    LOSS RXS                INT RX RATE    TL =  9.28E+10
  75) CH3     + O2      = H2CO    + OH           9.275E+10
  76) CH3     + O       = H2CO    + H            3.255E+07
  77) CH3     + CH3     = C2H6    +              1.197E+00
  78) CH3     + HV      = CH21    + H            2.285E+04
  79) CH3     + H       = CH4     +              5.739E+03
  80) CH3     + HCO     = CH4     + CO           7.548E-03
  81) CH3     + HNO     = CH4     + NO           3.115E-06
  82) CH3     + H2CO    = CH4     + HCO          2.495E-04

C2H6                PRODUCTION RXS              INT RX RATE    TP =  1.20E+00
  77) CH3     + CH3     = C2H6    +              1.197E+00
 114) C2H5    + HCO     = C2H6    + CO           4.701E-13
 115) C2H5    + HNO     = C2H6    + NO           8.045E-18

C2H6                   LOSS RXS                INT RX RATE    TL =  1.20E+00
  58) C2H6    + HV      = CH4     + CH21         2.965E-01
 108) C2H6    + OH      = C2H5    + H2O          8.566E-01
 109) C2H6    + O       = C2H5    + OH           2.619E-02
 110) C2H6    + O1D     = C2H5    + OH           1.786E-02

NO                  PRODUCTION RXS              INT RX RATE    TP =  9.52E+12
  59) HNO2    + HV      = NO      + OH           5.209E+09
  64) NO2     + HV      = NO      + O1D          7.676E+08
  65) NO2     + HV      = NO      + O            8.770E+12
  81) CH3     + HNO     = CH4     + NO           3.115E-06
  85) N       + O2      = NO      + O            5.329E+07
  86) N       + O3      = NO      + O2           2.819E+05
  87) N       + OH      = NO      + H            4.853E+07
  93) NO2     + O       = NO      + O2           7.424E+11
  95) NO2     + H       = NO      + OH           2.270E+07
  98) HNO     + HV      = NO      + H            1.824E+05
  99) H       + HNO     = H2      + NO           3.891E+01
 100) O       + HNO     = OH      + NO           3.086E+04
 101) OH      + HNO     = H2O     + NO           5.605E+03
 115) C2H5    + HNO     = C2H6    + NO           8.045E-18
 173) SO      + NO2     = SO2     + NO           4.408E+07
 177) HS      + NO2     = HSO     + NO           6.367E+05
 216) NO3     + HV      = NO      + O2           2.157E+09
 221) O1D     + N2O     = NO      + NO           5.747E+07
 223) N       + HO2     = NO      + OH           3.355E+06
 227) NO2     + NO3     = NO      + NO2     O2   1.719E+04
 237) N2O5    + HV      = NO3     + NO      O    9.416E+07

NO                     LOSS RXS                INT RX RATE    TL =  9.52E+12
  63) NO      + HV      = N       + O            7.330E+07
  83) H       + NO      = HNO     +              3.242E+04
  88) N       + NO      = N2      + O            6.499E+07
  89) NO      + O3      = NO2     + O2           9.286E+12
  90) NO      + O       = NO2     +              6.382E+09
  91) NO      + HO2     = NO2     + OH           2.213E+11
  92) NO      + OH      = HNO2    +              4.547E+09
  97) HCO     + NO      = HNO     + CO           4.448E+02
 186) HSO     + NO      = HNO     + SO           1.864E+05
 213) NO      + NO3     = NO2     + NO2          3.747E+09

NO2                 PRODUCTION RXS              INT RX RATE    TP =  9.56E+12
  60) HNO3    + HV      = NO2     + OH           6.424E+09
  89) NO      + O3      = NO2     + O2           9.286E+12
  90) NO      + O       = NO2     +              6.382E+09
  91) NO      + HO2     = NO2     + OH           2.213E+11
 102) HNO2    + OH      = H2O     + NO2          5.701E+07
 211) O       + NO3     = O2      + NO2          1.212E+08
 212) HO2     + NO3     = OH      + NO2     O2   7.597E+06
 213) NO      + NO3     = NO2     + NO2          3.747E+09
 215) OH      + NO3     = HO2     + NO2          1.248E+07
 217) NO3     + HV      = NO2     + O            1.623E+10
 224) O       + N2O5    = NO2     + NO2     O2   2.165E+04
 226) N2O5    + M       = NO3     + NO2          2.184E+05
 227) NO2     + NO3     = NO      + NO2     O2   1.719E+04
 229) NO3     + NO3     = NO2     + NO2     O2   1.717E-01
 231) O       + HO2NO2  = OH      + NO2     O2   5.514E+04
 232) OH      + HO2NO2  = H2O     + NO2     O2   3.433E+09
 233) HO2NO2  + M       = HO2     + NO2          1.017E+10
 234) HO2NO2  + HV      = HO2     + NO2          2.509E+09
 236) N2O5    + HV      = NO3     + NO2          2.580E+07

NO2                    LOSS RXS                INT RX RATE    TL =  9.56E+12
  64) NO2     + HV      = NO      + O1D          7.676E+08
  65) NO2     + HV      = NO      + O            8.770E+12
  93) NO2     + O       = NO      + O2           7.424E+11
  94) NO2     + OH      = HNO3    +              9.543E+09
  95) NO2     + H       = NO      + OH           2.270E+07
 173) SO      + NO2     = SO2     + NO           4.408E+07
 177) HS      + NO2     = HSO     + NO           6.367E+05
 214) O       + NO2     = NO3     +              1.437E+10
 218) N       + NO2     = N2O     + O            2.835E+06
 225) NO2     + NO3     = N2O5    +              1.202E+08
 227) NO2     + NO3     = NO      + NO2     O2   1.719E+04
 228) NO2     + O3      = NO3     + O2           5.172E+09
 230) HO2     + NO2     = HO2NO2  +              1.679E+10
 239) HO2     + NO2     = HNO2    + O2           1.018E+07

HNO                 PRODUCTION RXS              INT RX RATE    TP =  2.19E+05
  83) H       + NO      = HNO     +              3.242E+04
  97) HCO     + NO      = HNO     + CO           4.448E+02
 186) HSO     + NO      = HNO     + SO           1.864E+05

HNO                    LOSS RXS                INT RX RATE    TL =  2.19E+05
  81) CH3     + HNO     = CH4     + NO           3.115E-06
  98) HNO     + HV      = NO      + H            1.824E+05
  99) H       + HNO     = H2      + NO           3.891E+01
 100) O       + HNO     = OH      + NO           3.086E+04
 101) OH      + HNO     = H2O     + NO           5.605E+03
 115) C2H5    + HNO     = C2H6    + NO           8.045E-18

H2S                 PRODUCTION RXS              INT RX RATE    TP =  1.23E+06
 138) HS      + HO2     = H2S     + O2           4.235E+05
 139) HS      + HS      = H2S     + S            2.191E+00
 140) HS      + HCO     = H2S     + CO           1.125E-04
 151) HS      + H2CO    = H2S     + HCO          7.298E+05
 190) HSO     + HS      = H2S     + SO           8.071E+04

H2S                    LOSS RXS                INT RX RATE    TL =  2.01E+08
 118) H2S     + HV      = HS      + H            9.613E+03
 133) H2S     + OH      = H2O     + HS           1.727E+08
 134) H2S     + H       = H2      + HS           2.571E+01
 135) H2S     + O       = OH      + HS           4.144E+03
 205) H2S     + HO2     = H2O     + HSO          2.853E+07

HS                  PRODUCTION RXS              INT RX RATE    TP =  1.73E+08
 118) H2S     + HV      = HS      + H            9.613E+03
 133) H2S     + OH      = H2O     + HS           1.727E+08
 134) H2S     + H       = H2      + HS           2.571E+01
 135) H2S     + O       = OH      + HS           4.144E+03
 145) S       + HCO     = HS      + CO           7.242E-15
 146) S       + HO2     = HS      + O2           2.180E-06
 185) HSO     + HV      = HS      + O            6.272E+03
 188) HSO     + H       = HS      + OH           9.114E+01
 192) HSO     + S       = HS      + SO           9.652E-09
 194) H       + OCS     = CO      + HS           5.945E-11
 199) OCS     + OH      = CO2     + HS           1.233E-05

HS                     LOSS RXS                INT RX RATE    TL =  1.73E+08
 136) HS      + O       = H       + SO           2.087E+02
 137) HS      + O2      = OH      + SO           3.247E+07
 138) HS      + HO2     = H2S     + O2           4.235E+05
 139) HS      + HS      = H2S     + S            2.191E+00
 140) HS      + HCO     = H2S     + CO           1.125E-04
 141) HS      + H       = H2      + S            3.187E-03
 142) HS      + S       = H       + S2           1.623E-14
 151) HS      + H2CO    = H2S     + HCO          7.298E+05
 176) HS      + O3      = HSO     + O2           1.384E+08
 177) HS      + NO2     = HSO     + NO           6.367E+05
 190) HSO     + HS      = H2S     + SO           8.071E+04
 195) HS      + CO      = OCS     + H            2.902E-05

S                   PRODUCTION RXS              INT RX RATE    TP =  8.07E+03
 117) SO      + HV      = S       + O            8.066E+03
 139) HS      + HS      = H2S     + S            2.191E+00
 141) HS      + H       = H2      + S            3.187E-03
 150) S2      + O       = S       + SO           1.669E-16
 152) S2      + HV      = S       + S            1.607E-14
 159) S3      + HV      = S2      + S            3.442E-32
 179) SO      + SO      = SO2     + S            4.897E-02
 197) O       + OCS     = S       + CO2          1.109E-11
 202) OCS     + HV      = CO      + S            1.421E-05

S                      LOSS RXS                INT RX RATE    TL =  8.07E+03
 142) HS      + S       = H       + S2           1.623E-14
 143) S       + O2      = SO      + O            8.065E+03
 144) S       + OH      = SO      + H            5.688E-06
 145) S       + HCO     = HS      + CO           7.242E-15
 146) S       + HO2     = HS      + O2           2.180E-06
 147) S       + HO2     = SO      + OH           2.180E-06
 148) S       + S       = S2      +              9.525E-24
 154) S       + S2      = S3      +              3.442E-32
 156) S       + S3      = S4      +              4.219E-52
 178) S       + O3      = SO      + O2           2.640E+00
 181) S       + CO2     = SO      + CO           2.690E-07
 192) HSO     + S       = HS      + SO           9.652E-09
 198) OCS     + S       = CO      + S2           9.903E-19
 200) S       + HCO     = OCS     + H            5.793E-14
 201) S       + CO      = OCS     +              7.498E-09
 206) OCS     + S       = OCS2    +              9.131E-19
 207) OCS2    + S       = OCS     + S2           1.171E-35

SO                  PRODUCTION RXS              INT RX RATE    TP =  1.52E+09
 119) SO2     + HV      = SO      + O            1.344E+09
 136) HS      + O       = H       + SO           2.087E+02
 137) HS      + O2      = OH      + SO           3.247E+07
 143) S       + O2      = SO      + O            8.065E+03
 144) S       + OH      = SO      + H            5.688E-06
 147) S       + HO2     = SO      + OH           2.180E-06
 150) S2      + O       = S       + SO           1.669E-16
 169) SO21    + SO2     = SO3     + SO           1.467E+02
 172) SO23    + SO2     = SO3     + SO           1.861E+01
 178) S       + O3      = SO      + O2           2.640E+00
 181) S       + CO2     = SO      + CO           2.690E-07
 186) HSO     + NO      = HNO     + SO           1.864E+05
 187) HSO     + OH      = H2O     + SO           1.412E+08
 189) HSO     + H       = H2      + SO           4.557E+01
 190) HSO     + HS      = H2S     + SO           8.071E+04
 191) HSO     + O       = OH      + SO           1.735E+06
 192) HSO     + S       = HS      + SO           9.652E-09
 196) O       + OCS     = CO      + SO           2.455E-06

SO                     LOSS RXS                INT RX RATE    TL =  1.52E+09
 117) SO      + HV      = S       + O            8.066E+03
 122) SO      + O2      = O       + SO2          1.237E+09
 123) SO      + HO2     = SO2     + OH           9.436E+05
 124) SO      + O       = SO2     +              2.474E+04
 125) SO      + OH      = SO2     + H            4.408E+05
 173) SO      + NO2     = SO2     + NO           4.408E+07
 174) SO      + O3      = SO2     + O2           2.362E+08
 179) SO      + SO      = SO2     + S            4.897E-02
 180) SO3     + SO      = SO2     + SO2          3.304E-02
 182) SO      + HO2     = HSO     + O2           9.436E+05
 183) SO      + HCO     = HSO     + CO           1.021E-04
 184) H       + SO      = HSO     +              9.889E-04

SO2                 PRODUCTION RXS              INT RX RATE    TP =  6.50E+11
 122) SO      + O2      = O       + SO2          1.237E+09
 123) SO      + HO2     = SO2     + OH           9.436E+05
 124) SO      + O       = SO2     +              2.474E+04
 125) SO      + OH      = SO2     + H            4.408E+05
 163) SO3     + HV      = SO2     + O            8.183E+02
 165) SO21    + M       = SO2     + M            5.843E+11
 167) SO21    + HV      = SO2     + HV           1.908E+08
 170) SO23    + M       = SO2     + M            6.371E+10
 171) SO23    + HV      = SO2     + HV           6.893E+07
 173) SO      + NO2     = SO2     + NO           4.408E+07
 174) SO      + O3      = SO2     + O2           2.362E+08
 179) SO      + SO      = SO2     + S            4.897E-02
 180) SO3     + SO      = SO2     + SO2          3.304E-02

SO2                    LOSS RXS                INT RX RATE    TL =  6.57E+11
 119) SO2     + HV      = SO      + O            1.344E+09
 120) SO2     + HV      = SO21    +              6.430E+11
 121) SO2     + HV      = SO23    +              5.339E+09
 126) SO2     + OH      = HSO3    +              6.454E+09
 127) SO2     + O       = SO3     +              8.394E+06
 169) SO21    + SO2     = SO3     + SO           1.467E+02
 172) SO23    + SO2     = SO3     + SO           1.861E+01
 175) SO2     + HO2     = SO3     + OH           7.468E+05

H2SO4               PRODUCTION RXS              INT RX RATE    TP =  6.46E+09
 128) SO3     + H2O     = H2SO4   +              6.463E+09

H2SO4                  LOSS RXS                INT RX RATE    TL =  6.37E+09

HSO                 PRODUCTION RXS              INT RX RATE    TP =  1.68E+08
 176) HS      + O3      = HSO     + O2           1.384E+08
 177) HS      + NO2     = HSO     + NO           6.367E+05
 182) SO      + HO2     = HSO     + O2           9.436E+05
 183) SO      + HCO     = HSO     + CO           1.021E-04
 184) H       + SO      = HSO     +              9.889E-04
 205) H2S     + HO2     = H2O     + HSO          2.853E+07

HSO                    LOSS RXS                INT RX RATE    TL =  1.47E+08
 185) HSO     + HV      = HS      + O            6.272E+03
 186) HSO     + NO      = HNO     + SO           1.864E+05
 187) HSO     + OH      = H2O     + SO           1.412E+08
 188) HSO     + H       = HS      + OH           9.114E+01
 189) HSO     + H       = H2      + SO           4.557E+01
 190) HSO     + HS      = H2S     + SO           8.071E+04
 191) HSO     + O       = OH      + SO           1.735E+06
 192) HSO     + S       = HS      + SO           9.652E-09

S2                  PRODUCTION RXS              INT RX RATE    TP =  1.62E-14
 142) HS      + S       = H       + S2           1.623E-14
 148) S       + S       = S2      +              9.525E-24
 158) S4      + HV      = S2      + S2           9.072E-36
 159) S3      + HV      = S2      + S            3.442E-32
 198) OCS     + S       = CO      + S2           9.903E-19
 207) OCS2    + S       = OCS     + S2           1.171E-35

S2                     LOSS RXS                INT RX RATE    TL =  1.62E-14
 150) S2      + O       = S       + SO           1.669E-16
 152) S2      + HV      = S       + S            1.607E-14
 154) S       + S2      = S3      +              3.442E-32
 155) S2      + S2      = S4      +              9.072E-36

S4                  PRODUCTION RXS              INT RX RATE    TP =  9.07E-36
 155) S2      + S2      = S4      +              9.072E-36
 156) S       + S3      = S4      +              4.219E-52
 162) S8      + HV      = S4      + S4           4.082E-85

S4                     LOSS RXS                INT RX RATE    TL =  9.07E-36
 157) S4      + S4      = S8      +              4.082E-85
 158) S4      + HV      = S2      + S2           9.072E-36

S8                  PRODUCTION RXS              INT RX RATE    TP =  4.08E-85
 157) S4      + S4      = S8      +              4.082E-85

S8                     LOSS RXS                INT RX RATE    TL =  4.08E-85
 162) S8      + HV      = S4      + S4           4.082E-85

SO3                 PRODUCTION RXS              INT RX RATE    TP =  6.46E+09
 127) SO2     + O       = SO3     +              8.394E+06
 129) HSO3    + O2      = HO2     + SO3          6.454E+09
 130) HSO3    + OH      = H2O     + SO3          8.103E-01
 131) HSO3    + H       = H2      + SO3          8.085E-07
 132) HSO3    + O       = OH      + SO3          1.288E+00
 168) SO21    + O2      = SO3     + O            1.227E+05
 169) SO21    + SO2     = SO3     + SO           1.467E+02
 172) SO23    + SO2     = SO3     + SO           1.861E+01
 175) SO2     + HO2     = SO3     + OH           7.468E+05

SO3                    LOSS RXS                INT RX RATE    TL =  6.46E+09
 128) SO3     + H2O     = H2SO4   +              6.463E+09
 163) SO3     + HV      = SO2     + O            8.183E+02
 180) SO3     + SO      = SO2     + SO2          3.304E-02

OCS                 PRODUCTION RXS              INT RX RATE    TP =  2.90E-05
 195) HS      + CO      = OCS     + H            2.902E-05
 200) S       + HCO     = OCS     + H            5.793E-14
 201) S       + CO      = OCS     +              7.498E-09
 207) OCS2    + S       = OCS     + S2           1.171E-35
 210) OCS2    + CO      = OCS     + OCS          9.131E-19

OCS                    LOSS RXS                INT RX RATE    TL =  2.90E-05
 194) H       + OCS     = CO      + HS           5.945E-11
 196) O       + OCS     = CO      + SO           2.455E-06
 197) O       + OCS     = S       + CO2          1.109E-11
 198) OCS     + S       = CO      + S2           9.903E-19
 199) OCS     + OH      = CO2     + HS           1.233E-05
 202) OCS     + HV      = CO      + S            1.421E-05
 206) OCS     + S       = OCS2    +              9.131E-19

S3                  PRODUCTION RXS              INT RX RATE    TP =  3.44E-32
 154) S       + S2      = S3      +              3.442E-32

S3                     LOSS RXS                INT RX RATE    TL =  3.44E-32
 156) S       + S3      = S4      +              4.219E-52
 159) S3      + HV      = S2      + S            3.442E-32

O3                  PRODUCTION RXS              INT RX RATE    TP =  2.17E+15
  18) O       + O2      = O3      +              2.166E+15

O3                     LOSS RXS                INT RX RATE    TL =  2.17E+15
   5) H       + O3      = OH      + O2           4.958E+11
  12) OH      + O3      = HO2     + O2           4.004E+11
  14) HO2     + O3      = OH      + O2      O2   1.223E+11
  19) O       + O3      = O2      + O2           4.533E+11
  28) O3      + HV      = O2      + O1D          6.633E+14
  29) O3      + HV      = O2      + O            1.492E+15
  30) O3      + HV      = O       + O       O    3.487E+11
  86) N       + O3      = NO      + O2           2.819E+05
  89) NO      + O3      = NO2     + O2           9.286E+12
 174) SO      + O3      = SO2     + O2           2.362E+08
 176) HS      + O3      = HSO     + O2           1.384E+08
 178) S       + O3      = SO      + O2           2.640E+00
 228) NO2     + O3      = NO3     + O2           5.172E+09

HNO3                PRODUCTION RXS              INT RX RATE    TP =  9.54E+09
  94) NO2     + OH      = HNO3    +              9.543E+09

HNO3                   LOSS RXS                INT RX RATE    TL =  9.49E+09
  60) HNO3    + HV      = NO2     + OH           6.424E+09
  61) HNO3    + HV      = HNO2    + O            4.128E+08
  62) HNO3    + HV      = HNO2    + O1D          2.964E+08
  96) HNO3    + OH      = H2O     + NO3          2.078E+09
 238) O       + HNO3    = OH      + NO3          1.268E+06

N                   PRODUCTION RXS              INT RX RATE    TP =  7.33E+07
  63) NO      + HV      = N       + O            7.330E+07

N                      LOSS RXS                INT RX RATE    TL =  1.73E+08
  84) N       + N       = N2      +              6.772E+03
  85) N       + O2      = NO      + O            5.329E+07
  86) N       + O3      = NO      + O2           2.819E+05
  87) N       + OH      = NO      + H            4.853E+07
  88) N       + NO      = N2      + O            6.499E+07
 218) N       + NO2     = N2O     + O            2.835E+06
 223) N       + HO2     = NO      + OH           3.355E+06

NO3                 PRODUCTION RXS              INT RX RATE    TP =  2.24E+10
  96) HNO3    + OH      = H2O     + NO3          2.078E+09
 214) O       + NO2     = NO3     +              1.437E+10
 226) N2O5    + M       = NO3     + NO2          2.184E+05
 228) NO2     + O3      = NO3     + O2           5.172E+09
 235) HO2NO2  + HV      = OH      + NO3          6.534E+08
 236) N2O5    + HV      = NO3     + NO2          2.580E+07
 237) N2O5    + HV      = NO3     + NO      O    9.416E+07
 238) O       + HNO3    = OH      + NO3          1.268E+06

NO3                    LOSS RXS                INT RX RATE    TL =  2.24E+10
 211) O       + NO3     = O2      + NO2          1.212E+08
 212) HO2     + NO3     = OH      + NO2     O2   7.597E+06
 213) NO      + NO3     = NO2     + NO2          3.747E+09
 215) OH      + NO3     = HO2     + NO2          1.248E+07
 216) NO3     + HV      = NO      + O2           2.157E+09
 217) NO3     + HV      = NO2     + O            1.623E+10
 225) NO2     + NO3     = N2O5    +              1.202E+08
 227) NO2     + NO3     = NO      + NO2     O2   1.719E+04
 229) NO3     + NO3     = NO2     + NO2     O2   1.717E-01

N2O                 PRODUCTION RXS              INT RX RATE    TP =  2.84E+06
 218) N       + NO2     = N2O     + O            2.835E+06

N2O                    LOSS RXS                INT RX RATE    TL =  3.34E+09
 220) O1D     + N2O     = N2      + O2           3.673E+07
 221) O1D     + N2O     = NO      + NO           5.747E+07
 222) N2O     + HV      = N2      + O1D          3.225E+09

HO2NO2              PRODUCTION RXS              INT RX RATE    TP =  1.68E+10
 230) HO2     + NO2     = HO2NO2  +              1.679E+10

HO2NO2                 LOSS RXS                INT RX RATE    TL =  1.68E+10
 231) O       + HO2NO2  = OH      + NO2     O2   5.514E+04
 232) OH      + HO2NO2  = H2O     + NO2     O2   3.433E+09
 233) HO2NO2  + M       = HO2     + NO2          1.017E+10
 234) HO2NO2  + HV      = HO2     + NO2          2.509E+09
 235) HO2NO2  + HV      = OH      + NO3          6.534E+08

N2O5                PRODUCTION RXS              INT RX RATE    TP =  1.20E+08
 225) NO2     + NO3     = N2O5    +              1.202E+08

N2O5                   LOSS RXS                INT RX RATE    TL =  1.20E+08
 224) O       + N2O5    = NO2     + NO2     O2   2.165E+04
 226) N2O5    + M       = NO3     + NO2          2.184E+05
 236) N2O5    + HV      = NO3     + NO2          2.580E+07
 237) N2O5    + HV      = NO3     + NO      O    9.416E+07

CO2                 PRODUCTION RXS              INT RX RATE    TP =  2.28E+11
  35) O       + HCO     = H       + CO2          1.336E+06
  40) CO      + OH      = CO2     + H            2.285E+11
  41) CO      + O       = CO2     +              2.292E+06
 197) O       + OCS     = S       + CO2          1.109E-11
 199) OCS     + OH      = CO2     + HS           1.233E-05

CO2                    LOSS RXS                INT RX RATE    TL =  5.88E+09
  38) CO2     + HV      = CO      + O            2.553E+09
  39) CO2     + HV      = CO      + O1D          3.331E+09
 105) CH21    + CO2     = H2CO    + CO           2.078E+03
 107) CH23    + CO2     = H2CO    + CO           1.632E+04
 181) S       + CO2     = SO      + CO           2.690E-07

SO4AER              PRODUCTION RXS              INT RX RATE    TP =  6.19E+09

SO4AER                 LOSS RXS                INT RX RATE    TL =  6.11E+09

S8AER               PRODUCTION RXS              INT RX RATE    TP =  0.00E+00

S8AER                  LOSS RXS                INT RX RATE    TL =  1.71E-19

HNO2                PRODUCTION RXS              INT RX RATE    TP =  0.00E+00
  61) HNO3    + HV      = HNO2    + O            4.128E+08
  62) HNO3    + HV      = HNO2    + O1D          2.964E+08
  92) NO      + OH      = HNO2    +              4.547E+09
 239) HO2     + NO2     = HNO2    + O2           1.018E+07

HNO2                   LOSS RXS                INT RX RATE    TL =  0.00E+00
  59) HNO2    + HV      = NO      + OH           5.209E+09
 102) HNO2    + OH      = H2O     + NO2          5.701E+07

O1D                 PRODUCTION RXS              INT RX RATE    TP =  0.00E+00
  23) O2      + HV      = O       + O1D          2.960E+11
  26) H2O     + HV      = H2      + O1D          9.736E+08
  28) O3      + HV      = O2      + O1D          6.633E+14
  39) CO2     + HV      = CO      + O1D          3.331E+09
  62) HNO3    + HV      = HNO2    + O1D          2.964E+08
  64) NO2     + HV      = NO      + O1D          7.676E+08
 222) N2O     + HV      = N2      + O1D          3.225E+09

O1D                    LOSS RXS                INT RX RATE    TL =  0.00E+00
   1) H2O     + O1D     = OH      + OH           6.878E+10
   2) H2      + O1D     = OH      + H            1.354E+09
  21) O1D     + N2      = O       + N2           6.466E+14
  22) O1D     + O2      = O       + O2           1.691E+13
  67) CH4     + O1D     = CH3     + OH           1.624E+09
  68) CH4     + O1D     = H2CO    + H2           1.082E+08
 110) C2H6    + O1D     = C2H5    + OH           1.786E-02
 203) CO      + O1D     = CO      + O            2.523E+07
 220) O1D     + N2O     = N2      + O2           3.673E+07
 221) O1D     + N2O     = NO      + NO           5.747E+07

CH21                PRODUCTION RXS              INT RX RATE    TP =  0.00E+00
  54) CH4     + HV      = CH21    + H2           1.067E+08
  58) C2H6    + HV      = CH4     + CH21         2.965E-01
  78) CH3     + HV      = CH21    + H            2.285E+04

CH21                   LOSS RXS                INT RX RATE    TL =  0.00E+00
  69) CH21    + CH4     = CH3     + CH3          4.730E+01
  70) CH21    + O2      = HCO     + OH           7.321E+06
  71) CH21    + N2      = CH23    + N2           9.940E+07
 104) CH21    + H2      = CH3     + H            6.019E+03
 105) CH21    + CO2     = H2CO    + CO           2.078E+03

CH23                PRODUCTION RXS              INT RX RATE    TP =  0.00E+00
  56) CH4     + HV      = CH23    + H       H    1.954E+07
  71) CH21    + N2      = CH23    + N2           9.940E+07

CH23                   LOSS RXS                INT RX RATE    TL =  0.00E+00
  72) CH23    + H2      = CH3     + H            1.841E+03
  73) CH23    + CH4     = CH3     + CH3          1.734E-08
  74) CH23    + O2      = HCO     + OH           1.178E+08
 106) CH23    + O       = HCO     + H            1.114E+06
 107) CH23    + CO2     = H2CO    + CO           1.632E+04

C2H5                PRODUCTION RXS              INT RX RATE    TP =  0.00E+00
 108) C2H6    + OH      = C2H5    + H2O          8.566E-01
 109) C2H6    + O       = C2H5    + OH           2.619E-02
 110) C2H6    + O1D     = C2H5    + OH           1.786E-02

C2H5                   LOSS RXS                INT RX RATE    TL =  0.00E+00
 111) C2H5    + H       = CH3     + CH3          9.059E-05
 112) C2H5    + O       = CH3     + HCO     H    1.685E-02
 113) C2H5    + OH      = CH3     + HCO     H2   2.234E-06
 114) C2H5    + HCO     = C2H6    + CO           4.701E-13
 115) C2H5    + HNO     = C2H6    + NO           8.045E-18
 116) C2H5    + O2      = CH3     + HCO     OH   8.837E-01

SO21                PRODUCTION RXS              INT RX RATE    TP =  0.00E+00
 120) SO2     + HV      = SO21    +              6.430E+11

SO21                   LOSS RXS                INT RX RATE    TL =  0.00E+00
 164) SO21    + M       = SO23    + M            5.843E+10
 165) SO21    + M       = SO2     + M            5.843E+11
 166) SO21    + HV      = SO23    + HV           1.301E+07
 167) SO21    + HV      = SO2     + HV           1.908E+08
 168) SO21    + O2      = SO3     + O            1.227E+05
 169) SO21    + SO2     = SO3     + SO           1.467E+02

SO23                PRODUCTION RXS              INT RX RATE    TP =  0.00E+00
 121) SO2     + HV      = SO23    +              5.339E+09
 164) SO21    + M       = SO23    + M            5.843E+10
 166) SO21    + HV      = SO23    + HV           1.301E+07

SO23                   LOSS RXS                INT RX RATE    TL =  0.00E+00
 170) SO23    + M       = SO2     + M            6.371E+10
 171) SO23    + HV      = SO2     + HV           6.893E+07
 172) SO23    + SO2     = SO3     + SO           1.861E+01

HSO3                PRODUCTION RXS              INT RX RATE    TP =  0.00E+00
 126) SO2     + OH      = HSO3    +              6.454E+09

HSO3                   LOSS RXS                INT RX RATE    TL =  0.00E+00
 129) HSO3    + O2      = HO2     + SO3          6.454E+09
 130) HSO3    + OH      = H2O     + SO3          8.103E-01
 131) HSO3    + H       = H2      + SO3          8.085E-07
 132) HSO3    + O       = OH      + SO3          1.288E+00

OCS2                PRODUCTION RXS              INT RX RATE    TP =  0.00E+00
 206) OCS     + S       = OCS2    +              9.131E-19

OCS2                   LOSS RXS                INT RX RATE    TL =  0.00E+00
 207) OCS2    + S       = OCS     + S2           1.171E-35
 210) OCS2    + CO      = OCS     + OCS          9.131E-19

N2                  PRODUCTION RXS              INT RX RATE    TP =  0.00E+00
  21) O1D     + N2      = O       + N2           6.466E+14
  71) CH21    + N2      = CH23    + N2           9.940E+07
  84) N       + N       = N2      +              6.772E+03
  88) N       + NO      = N2      + O            6.499E+07
 220) O1D     + N2O     = N2      + O2           3.673E+07
 222) N2O     + HV      = N2      + O1D          3.225E+09

N2                     LOSS RXS                INT RX RATE    TL =  0.00E+00
  21) O1D     + N2      = O       + N2           6.466E+14
  71) CH21    + N2      = CH23    + N2           9.940E+07
