
O                   PRODUCTION RXS              INT RX RATE    TP =  9.24E+14
   8) H       + HO2     = H2O     + O            4.168E+08
  20) OH      + OH      = H2O     + O            1.012E+09
  21) O1D     + N2      = O       + N2           5.048E+14
  22) O1D     + O2      = O       + O2           1.243E+11
  23) O2      + HV      = O       + O1D          2.361E+11
  24) O2      + HV      = O       + O            8.373E+11
  27) H2O     + HV      = H       + H       O    1.682E+09
  29) O3      + HV      = O2      + O            4.156E+14
  30) O3      + HV      = O       + O       O    3.032E+11
  38) CO2     + HV      = CO      + O            1.198E+11
  53) HO2     + HV      = OH      + O            1.040E+10
  61) HNO3    + HV      = HNO2    + O            2.833E+08
  63) NO      + HV      = N       + O            4.416E+07
  65) NO2     + HV      = NO      + O            4.400E+11
  85) N       + O2      = NO      + O            2.180E+06
  88) N       + NO      = N2      + O            7.193E+07
 117) SO      + HV      = S       + O            3.091E+07
 119) SO2     + HV      = SO      + O            2.053E+10
 122) SO      + O2      = O       + SO2          7.477E+09
 143) S       + O2      = SO      + O            3.075E+07
 163) SO3     + HV      = SO2     + O            1.428E+04
 168) SO21    + O2      = SO3     + O            8.755E+02
 185) HSO     + HV      = HS      + O            4.615E+07
 203) CO      + O1D     = CO      + O            6.134E+07
 217) NO3     + HV      = NO2     + O            7.845E+09
 218) N       + NO2     = N2O     + O            3.658E+06
 237) N2O5    + HV      = NO3     + NO      O    3.560E+06

O                      LOSS RXS                INT RX RATE    TL =  9.24E+14
   3) H2      + O       = OH      + H            2.157E+07
  10) OH      + O       = H       + O2           9.673E+11
  13) HO2     + O       = OH      + O2           1.193E+12
  17) O       + O       = O2      +              9.071E+10
  18) O       + O2      = O3      +              9.215E+14
  19) O       + O3      = O2      + O2           5.186E+10
  35) O       + HCO     = H       + CO2          3.069E+06
  36) O       + HCO     = OH      + CO           3.069E+06
  41) CO      + O       = CO2     +              9.169E+07
  51) H2CO    + O       = HCO     + OH           5.364E+08
  52) H2O2    + O       = OH      + HO2          2.723E+07
  76) CH3     + O       = H2CO    + H            8.256E+07
  90) NO      + O       = NO2     +              8.322E+09
  93) NO2     + O       = NO      + O2           7.194E+10
 100) O       + HNO     = OH      + NO           1.029E+05
 103) CH4     + O       = CH3     + OH           9.167E+07
 106) CH23    + O       = HCO     + H            1.943E+06
 109) C2H6    + O       = C2H5    + OH           1.728E-01
 112) C2H5    + O       = CH3     + HCO     H    2.764E-01
 124) SO      + O       = SO2     +              1.106E+08
 127) SO2     + O       = SO3     +              8.313E+07
 132) HSO3    + O       = OH      + SO3          8.747E+03
 135) H2S     + O       = OH      + HS           7.583E+04
 136) HS      + O       = H       + SO           8.500E+04
 150) S2      + O       = S       + SO           3.120E-07
 191) HSO     + O       = OH      + SO           9.181E+08
 196) O       + OCS     = CO      + SO           3.541E-04
 197) O       + OCS     = S       + CO2          2.572E-09
 211) O       + NO3     = O2      + NO2          9.780E+07
 214) O       + NO2     = NO3     +              8.012E+09
 224) O       + N2O5    = NO2     + NO2     O2   2.667E+03
 231) O       + HO2NO2  = OH      + NO2     O2   2.713E+04
 238) O       + HNO3    = OH      + NO3          3.556E+05

O2                  PRODUCTION RXS              INT RX RATE    TP =  9.24E+14
   5) H       + O3      = OH      + O2           1.534E+11
   7) H       + HO2     = H2      + O2           1.797E+09
  10) OH      + O       = H       + O2           9.673E+11
  11) OH      + HO2     = H2O     + O2           2.117E+11
  12) OH      + O3      = HO2     + O2           1.997E+11
  13) HO2     + O       = OH      + O2           1.193E+12
  14) HO2     + O3      = OH      + O2      O2   1.234E+11
  15) HO2     + HO2     = H2O2    + O2           3.588E+11
  17) O       + O       = O2      +              9.071E+10
  19) O       + O3      = O2      + O2           5.186E+10
  22) O1D     + O2      = O       + O2           1.243E+11
  28) O3      + HV      = O2      + O1D          5.047E+14
  29) O3      + HV      = O2      + O            4.156E+14
  86) N       + O3      = NO      + O2           7.944E+05
  89) NO      + O3      = NO2     + O2           3.899E+11
  93) NO2     + O       = NO      + O2           7.194E+10
 138) HS      + HO2     = H2S     + O2           4.070E+06
 146) S       + HO2     = HS      + O2           2.021E+00
 174) SO      + O3      = SO2     + O2           1.066E+10
 176) HS      + O3      = HSO     + O2           2.146E+08
 178) S       + O3      = SO      + O2           1.595E+05
 182) SO      + HO2     = HSO     + O2           1.443E+09
 211) O       + NO3     = O2      + NO2          9.780E+07
 212) HO2     + NO3     = OH      + NO2     O2   1.232E+07
 216) NO3     + HV      = NO      + O2           1.069E+09
 220) O1D     + N2O     = N2      + O2           3.981E+07
 224) O       + N2O5    = NO2     + NO2     O2   2.667E+03
 227) NO2     + NO3     = NO      + NO2     O2   6.580E+02
 228) NO2     + O3      = NO3     + O2           1.023E+08
 229) NO3     + NO3     = NO2     + NO2     O2   5.773E-02
 231) O       + HO2NO2  = OH      + NO2     O2   2.713E+04
 232) OH      + HO2NO2  = H2O     + NO2     O2   2.659E+09
 239) HO2     + NO2     = HNO2    + O2           4.579E+06

O2                     LOSS RXS                INT RX RATE    TL =  9.25E+14
   6) H       + O2      = HO2     +              1.876E+12
  18) O       + O2      = O3      +              9.215E+14
  22) O1D     + O2      = O       + O2           1.243E+11
  23) O2      + HV      = O       + O1D          2.361E+11
  24) O2      + HV      = O       + O            8.373E+11
  47) HCO     + O2      = HO2     + CO           1.655E+11
  70) CH21    + O2      = HCO     + OH           5.772E+05
  74) CH23    + O2      = HCO     + OH           9.228E+08
  75) CH3     + O2      = H2CO    + OH           2.559E+11
  85) N       + O2      = NO      + O            2.180E+06
 116) C2H5    + O2      = CH3     + HCO     OH   6.842E+01
 122) SO      + O2      = O       + SO2          7.477E+09
 129) HSO3    + O2      = HO2     + SO3          7.559E+09
 137) HS      + O2      = OH      + SO           1.910E+06
 143) S       + O2      = SO      + O            3.075E+07
 168) SO21    + O2      = SO3     + O            8.755E+02

H2O                 PRODUCTION RXS              INT RX RATE    TP =  1.39E+11
   4) H2      + OH      = H2O     + H            8.146E+10
   8) H       + HO2     = H2O     + O            4.168E+08
  11) OH      + HO2     = H2O     + O2           2.117E+11
  16) H2O2    + OH      = HO2     + H2O          1.510E+11
  20) OH      + OH      = H2O     + O            1.012E+09
  34) OH      + HCO     = H2O     + CO           5.365E+04
  48) H2CO    + OH      = H2O     + HCO          8.912E+10
  49) H       + OH      = H2O     +              1.570E+07
  66) CH4     + OH      = CH3     + H2O          2.531E+11
  96) HNO3    + OH      = H2O     + NO3          9.927E+08
 101) OH      + HNO     = H2O     + NO           2.068E+04
 102) HNO2    + OH      = H2O     + NO2          1.363E+08
 108) C2H6    + OH      = C2H5    + H2O          6.847E+01
 130) HSO3    + OH      = H2O     + SO3          7.624E+02
 133) H2S     + OH      = H2O     + HS           1.659E+08
 187) HSO     + OH      = H2O     + SO           6.970E+08
 205) H2S     + HO2     = H2O     + HSO          2.842E+07
 232) OH      + HO2NO2  = H2O     + NO2     O2   2.659E+09

H2O                    LOSS RXS                INT RX RATE    TL =  8.42E+10
   1) H2O     + O1D     = OH      + OH           1.325E+11
  25) H2O     + HV      = H       + OH           2.062E+11
  26) H2O     + HV      = H2      + O1D          1.122E+09
  27) H2O     + HV      = H       + H       O    1.682E+09
 128) SO3     + H2O     = H2SO4   +              7.642E+09

H                   PRODUCTION RXS              INT RX RATE    TP =  2.05E+12
   2) H2      + O1D     = OH      + H            9.440E+08
   3) H2      + O       = OH      + H            2.157E+07
   4) H2      + OH      = H2O     + H            8.146E+10
  10) OH      + O       = H       + O2           9.673E+11
  25) H2O     + HV      = H       + OH           2.062E+11
  27) H2O     + HV      = H       + H       O    1.682E+09
  35) O       + HCO     = H       + CO2          3.069E+06
  40) CO      + OH      = CO2     + H            7.140E+11
  43) H2CO    + HV      = HCO     + H            7.492E+10
  44) HCO     + HV      = H       + CO           5.739E+05
  55) CH4     + HV      = CH3     + H            8.747E+08
  56) CH4     + HV      = CH23    + H       H    1.521E+08
  72) CH23    + H2      = CH3     + H            8.388E+05
  76) CH3     + O       = H2CO    + H            8.256E+07
  78) CH3     + HV      = CH21    + H            1.782E+05
  87) N       + OH      = NO      + H            5.868E+07
  98) HNO     + HV      = NO      + H            2.107E+05
 104) CH21    + H2      = CH3     + H            2.689E+04
 106) CH23    + O       = HCO     + H            1.943E+06
 112) C2H5    + O       = CH3     + HCO     H    2.764E-01
 118) H2S     + HV      = HS      + H            1.597E+07
 125) SO      + OH      = SO2     + H            5.195E+08
 136) HS      + O       = H       + SO           8.500E+04
 142) HS      + S       = H       + S2           6.585E-07
 144) S       + OH      = SO      + H            1.016E+01
 195) HS      + CO      = OCS     + H            2.344E-04
 200) S       + HCO     = OCS     + H            5.264E-06

H                      LOSS RXS                INT RX RATE    TL =  2.05E+12
   5) H       + O3      = OH      + O2           1.534E+11
   6) H       + O2      = HO2     +              1.876E+12
   7) H       + HO2     = H2      + O2           1.797E+09
   8) H       + HO2     = H2O     + O            4.168E+08
   9) H       + HO2     = OH      + OH           1.875E+10
  31) H       + CO      = HCO     +              8.946E+06
  32) H       + HCO     = H2      + CO           3.118E+05
  45) H2CO    + H       = H2      + HCO          2.064E+05
  46) H       + H       = H2      +              4.578E+06
  49) H       + OH      = H2O     +              1.570E+07
  79) CH3     + H       = CH4     +              2.311E+05
  83) H       + NO      = HNO     +              8.239E+04
  95) NO2     + H       = NO      + OH           7.963E+06
  99) H       + HNO     = H2      + NO           1.538E+02
 111) C2H5    + H       = CH3     + CH3          6.934E-03
 131) HSO3    + H       = H2      + SO3          7.762E-02
 134) H2S     + H       = H2      + HS           3.005E+03
 141) HS      + H       = H2      + S            3.608E+00
 184) H       + SO      = HSO     +              1.655E+02
 188) HSO     + H       = HS      + OH           4.409E+04
 189) HSO     + H       = H2      + SO           2.204E+04
 194) H       + OCS     = CO      + HS           6.686E-08

OH                  PRODUCTION RXS              INT RX RATE    TP =  2.69E+12
   1) H2O     + O1D     = OH      + OH           1.325E+11
   2) H2      + O1D     = OH      + H            9.440E+08
   3) H2      + O       = OH      + H            2.157E+07
   5) H       + O3      = OH      + O2           1.534E+11
   9) H       + HO2     = OH      + OH           1.875E+10
  13) HO2     + O       = OH      + O2           1.193E+12
  14) HO2     + O3      = OH      + O2      O2   1.234E+11
  25) H2O     + HV      = H       + OH           2.062E+11
  36) O       + HCO     = OH      + CO           3.069E+06
  37) H2O2    + HV      = OH      + OH           1.583E+11
  51) H2CO    + O       = HCO     + OH           5.364E+08
  52) H2O2    + O       = OH      + HO2          2.723E+07
  53) HO2     + HV      = OH      + O            1.040E+10
  59) HNO2    + HV      = NO      + OH           5.779E+09
  60) HNO3    + HV      = NO2     + OH           2.217E+09
  67) CH4     + O1D     = CH3     + OH           1.972E+09
  70) CH21    + O2      = HCO     + OH           5.772E+05
  74) CH23    + O2      = HCO     + OH           9.228E+08
  75) CH3     + O2      = H2CO    + OH           2.559E+11
  91) NO      + HO2     = NO2     + OH           1.155E+11
  95) NO2     + H       = NO      + OH           7.963E+06
 100) O       + HNO     = OH      + NO           1.029E+05
 103) CH4     + O       = CH3     + OH           9.167E+07
 109) C2H6    + O       = C2H5    + OH           1.728E-01
 110) C2H6    + O1D     = C2H5    + OH           6.060E-02
 116) C2H5    + O2      = CH3     + HCO     OH   6.842E+01
 123) SO      + HO2     = SO2     + OH           1.443E+09
 132) HSO3    + O       = OH      + SO3          8.747E+03
 135) H2S     + O       = OH      + HS           7.583E+04
 137) HS      + O2      = OH      + SO           1.910E+06
 147) S       + HO2     = SO      + OH           2.021E+00
 175) SO2     + HO2     = SO3     + OH           6.544E+05
 188) HSO     + H       = HS      + OH           4.409E+04
 191) HSO     + O       = OH      + SO           9.181E+08
 212) HO2     + NO3     = OH      + NO2     O2   1.232E+07
 223) N       + HO2     = NO      + OH           6.407E+06
 231) O       + HO2NO2  = OH      + NO2     O2   2.713E+04
 235) HO2NO2  + HV      = OH      + NO3          4.008E+08
 238) O       + HNO3    = OH      + NO3          3.556E+05

OH                     LOSS RXS                INT RX RATE    TL =  2.69E+12
   4) H2      + OH      = H2O     + H            8.146E+10
  10) OH      + O       = H       + O2           9.673E+11
  11) OH      + HO2     = H2O     + O2           2.117E+11
  12) OH      + O3      = HO2     + O2           1.997E+11
  16) H2O2    + OH      = HO2     + H2O          1.510E+11
  20) OH      + OH      = H2O     + O            1.012E+09
  34) OH      + HCO     = H2O     + CO           5.365E+04
  40) CO      + OH      = CO2     + H            7.140E+11
  48) H2CO    + OH      = H2O     + HCO          8.912E+10
  49) H       + OH      = H2O     +              1.570E+07
  50) OH      + OH      = H2O2    +              5.006E+08
  66) CH4     + OH      = CH3     + H2O          2.531E+11
  87) N       + OH      = NO      + H            5.868E+07
  92) NO      + OH      = HNO2    +              5.424E+09
  94) NO2     + OH      = HNO3    +              3.844E+09
  96) HNO3    + OH      = H2O     + NO3          9.927E+08
 101) OH      + HNO     = H2O     + NO           2.068E+04
 102) HNO2    + OH      = H2O     + NO2          1.363E+08
 108) C2H6    + OH      = C2H5    + H2O          6.847E+01
 113) C2H5    + OH      = CH3     + HCO     H2   8.647E-04
 125) SO      + OH      = SO2     + H            5.195E+08
 126) SO2     + OH      = HSO3    +              7.559E+09
 130) HSO3    + OH      = H2O     + SO3          7.624E+02
 133) H2S     + OH      = H2O     + HS           1.659E+08
 144) S       + OH      = SO      + H            1.016E+01
 187) HSO     + OH      = H2O     + SO           6.970E+08
 199) OCS     + OH      = CO2     + HS           1.400E-04
 215) OH      + NO3     = HO2     + NO2          1.492E+07
 232) OH      + HO2NO2  = H2O     + NO2     O2   2.659E+09

HO2                 PRODUCTION RXS              INT RX RATE    TP =  2.41E+12
   6) H       + O2      = HO2     +              1.876E+12
  12) OH      + O3      = HO2     + O2           1.997E+11
  16) H2O2    + OH      = HO2     + H2O          1.510E+11
  47) HCO     + O2      = HO2     + CO           1.655E+11
  52) H2O2    + O       = OH      + HO2          2.723E+07
 129) HSO3    + O2      = HO2     + SO3          7.559E+09
 215) OH      + NO3     = HO2     + NO2          1.492E+07
 233) HO2NO2  + M       = HO2     + NO2          7.513E+09
 234) HO2NO2  + HV      = HO2     + NO2          1.477E+09

HO2                    LOSS RXS                INT RX RATE    TL =  2.41E+12
   7) H       + HO2     = H2      + O2           1.797E+09
   8) H       + HO2     = H2O     + O            4.168E+08
   9) H       + HO2     = OH      + OH           1.875E+10
  11) OH      + HO2     = H2O     + O2           2.117E+11
  13) HO2     + O       = OH      + O2           1.193E+12
  14) HO2     + O3      = OH      + O2      O2   1.234E+11
  15) HO2     + HO2     = H2O2    + O2           3.588E+11
  53) HO2     + HV      = OH      + O            1.040E+10
  91) NO      + HO2     = NO2     + OH           1.155E+11
 123) SO      + HO2     = SO2     + OH           1.443E+09
 138) HS      + HO2     = H2S     + O2           4.070E+06
 146) S       + HO2     = HS      + O2           2.021E+00
 147) S       + HO2     = SO      + OH           2.021E+00
 175) SO2     + HO2     = SO3     + OH           6.544E+05
 182) SO      + HO2     = HSO     + O2           1.443E+09
 205) H2S     + HO2     = H2O     + HSO          2.842E+07
 212) HO2     + NO3     = OH      + NO2     O2   1.232E+07
 223) N       + HO2     = NO      + OH           6.407E+06
 230) HO2     + NO2     = HO2NO2  +              1.206E+10
 239) HO2     + NO2     = HNO2    + O2           4.579E+06

H2O2                PRODUCTION RXS              INT RX RATE    TP =  3.59E+11
  15) HO2     + HO2     = H2O2    + O2           3.588E+11
  50) OH      + OH      = H2O2    +              5.006E+08

H2O2                   LOSS RXS                INT RX RATE    TL =  3.49E+11
  16) H2O2    + OH      = HO2     + H2O          1.510E+11
  37) H2O2    + HV      = OH      + OH           1.583E+11
  52) H2O2    + O       = OH      + HO2          2.723E+07

H2                  PRODUCTION RXS              INT RX RATE    TP =  9.23E+10
   7) H       + HO2     = H2      + O2           1.797E+09
  26) H2O     + HV      = H2      + O1D          1.122E+09
  32) H       + HCO     = H2      + CO           3.118E+05
  42) H2CO    + HV      = H2      + CO           8.812E+10
  45) H2CO    + H       = H2      + HCO          2.064E+05
  46) H       + H       = H2      +              4.578E+06
  54) CH4     + HV      = CH21    + H2           8.038E+08
  68) CH4     + O1D     = H2CO    + H2           1.315E+08
  99) H       + HNO     = H2      + NO           1.538E+02
 113) C2H5    + OH      = CH3     + HCO     H2   8.647E-04
 131) HSO3    + H       = H2      + SO3          7.762E-02
 134) H2S     + H       = H2      + HS           3.005E+03
 141) HS      + H       = H2      + S            3.608E+00
 189) HSO     + H       = H2      + SO           2.204E+04

H2                     LOSS RXS                INT RX RATE    TL =  8.24E+10
   2) H2      + O1D     = OH      + H            9.440E+08
   3) H2      + O       = OH      + H            2.157E+07
   4) H2      + OH      = H2O     + H            8.146E+10
  72) CH23    + H2      = CH3     + H            8.388E+05
 104) CH21    + H2      = CH3     + H            2.689E+04

CO                  PRODUCTION RXS              INT RX RATE    TP =  4.76E+11
  32) H       + HCO     = H2      + CO           3.118E+05
  33) HCO     + HCO     = H2CO    + CO           7.152E-02
  34) OH      + HCO     = H2O     + CO           5.365E+04
  36) O       + HCO     = OH      + CO           3.069E+06
  38) CO2     + HV      = CO      + O            1.198E+11
  39) CO2     + HV      = CO      + O1D          1.022E+11
  42) H2CO    + HV      = H2      + CO           8.812E+10
  44) HCO     + HV      = H       + CO           5.739E+05
  47) HCO     + O2      = HO2     + CO           1.655E+11
  80) CH3     + HCO     = CH4     + CO           3.031E+00
  97) HCO     + NO      = HNO     + CO           9.228E+03
 105) CH21    + CO2     = H2CO    + CO           3.665E+04
 107) CH23    + CO2     = H2CO    + CO           2.984E+07
 114) C2H5    + HCO     = C2H6    + CO           7.593E-09
 140) HS      + HCO     = H2S     + CO           1.373E-01
 145) S       + HCO     = HS      + CO           6.580E-07
 181) S       + CO2     = SO      + CO           2.268E-01
 183) SO      + HCO     = HSO     + CO           1.619E+01
 194) H       + OCS     = CO      + HS           6.686E-08
 196) O       + OCS     = CO      + SO           3.541E-04
 198) OCS     + S       = CO      + S2           1.971E-12
 202) OCS     + HV      = CO      + S            1.024E-02
 203) CO      + O1D     = CO      + O            6.134E+07

CO                     LOSS RXS                INT RX RATE    TL =  7.14E+11
  31) H       + CO      = HCO     +              8.946E+06
  40) CO      + OH      = CO2     + H            7.140E+11
  41) CO      + O       = CO2     +              9.169E+07
 195) HS      + CO      = OCS     + H            2.344E-04
 201) S       + CO      = OCS     +              1.050E-02
 203) CO      + O1D     = CO      + O            6.134E+07
 210) OCS2    + CO      = OCS     + OCS          3.709E-12

HCO                 PRODUCTION RXS              INT RX RATE    TP =  1.66E+11
  31) H       + CO      = HCO     +              8.946E+06
  43) H2CO    + HV      = HCO     + H            7.492E+10
  45) H2CO    + H       = H2      + HCO          2.064E+05
  48) H2CO    + OH      = H2O     + HCO          8.912E+10
  51) H2CO    + O       = HCO     + OH           5.364E+08
  70) CH21    + O2      = HCO     + OH           5.772E+05
  74) CH23    + O2      = HCO     + OH           9.228E+08
  82) CH3     + H2CO    = CH4     + HCO          8.295E-02
 106) CH23    + O       = HCO     + H            1.943E+06
 112) C2H5    + O       = CH3     + HCO     H    2.764E-01
 113) C2H5    + OH      = CH3     + HCO     H2   8.647E-04
 116) C2H5    + O2      = CH3     + HCO     OH   6.842E+01
 151) HS      + H2CO    = H2S     + HCO          5.759E+06

HCO                    LOSS RXS                INT RX RATE    TL =  1.66E+11
  32) H       + HCO     = H2      + CO           3.118E+05
  33) HCO     + HCO     = H2CO    + CO           7.152E-02
  34) OH      + HCO     = H2O     + CO           5.365E+04
  35) O       + HCO     = H       + CO2          3.069E+06
  36) O       + HCO     = OH      + CO           3.069E+06
  44) HCO     + HV      = H       + CO           5.739E+05
  47) HCO     + O2      = HO2     + CO           1.655E+11
  80) CH3     + HCO     = CH4     + CO           3.031E+00
  97) HCO     + NO      = HNO     + CO           9.228E+03
 114) C2H5    + HCO     = C2H6    + CO           7.593E-09
 140) HS      + HCO     = H2S     + CO           1.373E-01
 145) S       + HCO     = HS      + CO           6.580E-07
 183) SO      + HCO     = HSO     + CO           1.619E+01
 200) S       + HCO     = OCS     + H            5.264E-06

H2CO                PRODUCTION RXS              INT RX RATE    TP =  2.56E+11
  33) HCO     + HCO     = H2CO    + CO           7.152E-02
  68) CH4     + O1D     = H2CO    + H2           1.315E+08
  75) CH3     + O2      = H2CO    + OH           2.559E+11
  76) CH3     + O       = H2CO    + H            8.256E+07
 105) CH21    + CO2     = H2CO    + CO           3.665E+04
 107) CH23    + CO2     = H2CO    + CO           2.984E+07

H2CO                   LOSS RXS                INT RX RATE    TL =  2.55E+11
  42) H2CO    + HV      = H2      + CO           8.812E+10
  43) H2CO    + HV      = HCO     + H            7.492E+10
  45) H2CO    + H       = H2      + HCO          2.064E+05
  48) H2CO    + OH      = H2O     + HCO          8.912E+10
  51) H2CO    + O       = HCO     + OH           5.364E+08
  82) CH3     + H2CO    = CH4     + HCO          8.295E-02
 151) HS      + H2CO    = H2S     + HCO          5.759E+06

CH4                 PRODUCTION RXS              INT RX RATE    TP =  2.31E+05
  58) C2H6    + HV      = CH4     + CH21         3.895E+01
  79) CH3     + H       = CH4     +              2.311E+05
  80) CH3     + HCO     = CH4     + CO           3.031E+00
  81) CH3     + HNO     = CH4     + NO           3.356E-04
  82) CH3     + H2CO    = CH4     + HCO          8.295E-02

CH4                    LOSS RXS                INT RX RATE    TL =  2.57E+11
  54) CH4     + HV      = CH21    + H2           8.038E+08
  55) CH4     + HV      = CH3     + H            8.747E+08
  56) CH4     + HV      = CH23    + H       H    1.521E+08
  66) CH4     + OH      = CH3     + H2O          2.531E+11
  67) CH4     + O1D     = CH3     + OH           1.972E+09
  68) CH4     + O1D     = H2CO    + H2           1.315E+08
  69) CH21    + CH4     = CH3     + CH3          5.113E+02
  73) CH23    + CH4     = CH3     + CH3          3.236E-06
 103) CH4     + O       = CH3     + OH           9.167E+07

CH3                 PRODUCTION RXS              INT RX RATE    TP =  2.56E+11
  55) CH4     + HV      = CH3     + H            8.747E+08
  66) CH4     + OH      = CH3     + H2O          2.531E+11
  67) CH4     + O1D     = CH3     + OH           1.972E+09
  69) CH21    + CH4     = CH3     + CH3          5.113E+02
  72) CH23    + H2      = CH3     + H            8.388E+05
  73) CH23    + CH4     = CH3     + CH3          3.236E-06
 103) CH4     + O       = CH3     + OH           9.167E+07
 104) CH21    + H2      = CH3     + H            2.689E+04
 111) C2H5    + H       = CH3     + CH3          6.934E-03
 112) C2H5    + O       = CH3     + HCO     H    2.764E-01
 113) C2H5    + OH      = CH3     + HCO     H2   8.647E-04
 116) C2H5    + O2      = CH3     + HCO     OH   6.842E+01

CH3                    LOSS RXS                INT RX RATE    TL =  2.56E+11
  75) CH3     + O2      = H2CO    + OH           2.559E+11
  76) CH3     + O       = H2CO    + H            8.256E+07
  77) CH3     + CH3     = C2H6    +              1.076E+02
  78) CH3     + HV      = CH21    + H            1.782E+05
  79) CH3     + H       = CH4     +              2.311E+05
  80) CH3     + HCO     = CH4     + CO           3.031E+00
  81) CH3     + HNO     = CH4     + NO           3.356E-04
  82) CH3     + H2CO    = CH4     + HCO          8.295E-02

C2H6                PRODUCTION RXS              INT RX RATE    TP =  1.08E+02
  77) CH3     + CH3     = C2H6    +              1.076E+02
 114) C2H5    + HCO     = C2H6    + CO           7.593E-09
 115) C2H5    + HNO     = C2H6    + NO           1.261E-14

C2H6                   LOSS RXS                INT RX RATE    TL =  1.08E+02
  58) C2H6    + HV      = CH4     + CH21         3.895E+01
 108) C2H6    + OH      = C2H5    + H2O          6.847E+01
 109) C2H6    + O       = C2H5    + OH           1.728E-01
 110) C2H6    + O1D     = C2H5    + OH           6.060E-02

NO                  PRODUCTION RXS              INT RX RATE    TP =  5.20E+11
  59) HNO2    + HV      = NO      + OH           5.779E+09
  64) NO2     + HV      = NO      + O1D          1.073E+08
  65) NO2     + HV      = NO      + O            4.400E+11
  81) CH3     + HNO     = CH4     + NO           3.356E-04
  85) N       + O2      = NO      + O            2.180E+06
  86) N       + O3      = NO      + O2           7.944E+05
  87) N       + OH      = NO      + H            5.868E+07
  93) NO2     + O       = NO      + O2           7.194E+10
  95) NO2     + H       = NO      + OH           7.963E+06
  98) HNO     + HV      = NO      + H            2.107E+05
  99) H       + HNO     = H2      + NO           1.538E+02
 100) O       + HNO     = OH      + NO           1.029E+05
 101) OH      + HNO     = H2O     + NO           2.068E+04
 115) C2H5    + HNO     = C2H6    + NO           1.261E-14
 173) SO      + NO2     = SO2     + NO           4.960E+08
 177) HS      + NO2     = HSO     + NO           1.191E+06
 216) NO3     + HV      = NO      + O2           1.069E+09
 221) O1D     + N2O     = NO      + NO           6.230E+07
 223) N       + HO2     = NO      + OH           6.407E+06
 227) NO2     + NO3     = NO      + NO2     O2   6.580E+02
 237) N2O5    + HV      = NO3     + NO      O    3.560E+06

NO                     LOSS RXS                INT RX RATE    TL =  5.20E+11
  63) NO      + HV      = N       + O            4.416E+07
  83) H       + NO      = HNO     +              8.239E+04
  88) N       + NO      = N2      + O            7.193E+07
  89) NO      + O3      = NO2     + O2           3.899E+11
  90) NO      + O       = NO2     +              8.322E+09
  91) NO      + HO2     = NO2     + OH           1.155E+11
  92) NO      + OH      = HNO2    +              5.424E+09
  97) HCO     + NO      = HNO     + CO           9.228E+03
 186) HSO     + NO      = HNO     + SO           2.431E+05
 213) NO      + NO3     = NO2     + NO2          4.693E+08

NO2                 PRODUCTION RXS              INT RX RATE    TP =  5.37E+11
  60) HNO3    + HV      = NO2     + OH           2.217E+09
  89) NO      + O3      = NO2     + O2           3.899E+11
  90) NO      + O       = NO2     +              8.322E+09
  91) NO      + HO2     = NO2     + OH           1.155E+11
 102) HNO2    + OH      = H2O     + NO2          1.363E+08
 211) O       + NO3     = O2      + NO2          9.780E+07
 212) HO2     + NO3     = OH      + NO2     O2   1.232E+07
 213) NO      + NO3     = NO2     + NO2          4.693E+08
 215) OH      + NO3     = HO2     + NO2          1.492E+07
 217) NO3     + HV      = NO2     + O            7.845E+09
 224) O       + N2O5    = NO2     + NO2     O2   2.667E+03
 226) N2O5    + M       = NO3     + NO2          6.053E+04
 227) NO2     + NO3     = NO      + NO2     O2   6.580E+02
 229) NO3     + NO3     = NO2     + NO2     O2   5.773E-02
 231) O       + HO2NO2  = OH      + NO2     O2   2.713E+04
 232) OH      + HO2NO2  = H2O     + NO2     O2   2.659E+09
 233) HO2NO2  + M       = HO2     + NO2          7.513E+09
 234) HO2NO2  + HV      = HO2     + NO2          1.477E+09
 236) N2O5    + HV      = NO3     + NO2          3.936E+06

NO2                    LOSS RXS                INT RX RATE    TL =  5.37E+11
  64) NO2     + HV      = NO      + O1D          1.073E+08
  65) NO2     + HV      = NO      + O            4.400E+11
  93) NO2     + O       = NO      + O2           7.194E+10
  94) NO2     + OH      = HNO3    +              3.844E+09
  95) NO2     + H       = NO      + OH           7.963E+06
 173) SO      + NO2     = SO2     + NO           4.960E+08
 177) HS      + NO2     = HSO     + NO           1.191E+06
 214) O       + NO2     = NO3     +              8.012E+09
 218) N       + NO2     = N2O     + O            3.658E+06
 225) NO2     + NO3     = N2O5    +              7.559E+06
 227) NO2     + NO3     = NO      + NO2     O2   6.580E+02
 228) NO2     + O3      = NO3     + O2           1.023E+08
 230) HO2     + NO2     = HO2NO2  +              1.206E+10
 239) HO2     + NO2     = HNO2    + O2           4.579E+06

HNO                 PRODUCTION RXS              INT RX RATE    TP =  3.35E+05
  83) H       + NO      = HNO     +              8.239E+04
  97) HCO     + NO      = HNO     + CO           9.228E+03
 186) HSO     + NO      = HNO     + SO           2.431E+05

HNO                    LOSS RXS                INT RX RATE    TL =  3.35E+05
  81) CH3     + HNO     = CH4     + NO           3.356E-04
  98) HNO     + HV      = NO      + H            2.107E+05
  99) H       + HNO     = H2      + NO           1.538E+02
 100) O       + HNO     = OH      + NO           1.029E+05
 101) OH      + HNO     = H2O     + NO           2.068E+04
 115) C2H5    + HNO     = C2H6    + NO           1.261E-14

H2S                 PRODUCTION RXS              INT RX RATE    TP =  1.03E+07
 138) HS      + HO2     = H2S     + O2           4.070E+06
 139) HS      + HS      = H2S     + S            9.320E+01
 140) HS      + HCO     = H2S     + CO           1.373E-01
 151) HS      + H2CO    = H2S     + HCO          5.759E+06
 190) HSO     + HS      = H2S     + SO           4.847E+05

H2S                    LOSS RXS                INT RX RATE    TL =  2.10E+08
 118) H2S     + HV      = HS      + H            1.597E+07
 133) H2S     + OH      = H2O     + HS           1.659E+08
 134) H2S     + H       = H2      + HS           3.005E+03
 135) H2S     + O       = OH      + HS           7.583E+04
 205) H2S     + HO2     = H2O     + HSO          2.842E+07

HS                  PRODUCTION RXS              INT RX RATE    TP =  2.28E+08
 118) H2S     + HV      = HS      + H            1.597E+07
 133) H2S     + OH      = H2O     + HS           1.659E+08
 134) H2S     + H       = H2      + HS           3.005E+03
 135) H2S     + O       = OH      + HS           7.583E+04
 145) S       + HCO     = HS      + CO           6.580E-07
 146) S       + HO2     = HS      + O2           2.021E+00
 185) HSO     + HV      = HS      + O            4.615E+07
 188) HSO     + H       = HS      + OH           4.409E+04
 192) HSO     + S       = HS      + SO           1.986E-01
 194) H       + OCS     = CO      + HS           6.686E-08
 199) OCS     + OH      = CO2     + HS           1.400E-04

HS                     LOSS RXS                INT RX RATE    TL =  2.28E+08
 136) HS      + O       = H       + SO           8.500E+04
 137) HS      + O2      = OH      + SO           1.910E+06
 138) HS      + HO2     = H2S     + O2           4.070E+06
 139) HS      + HS      = H2S     + S            9.320E+01
 140) HS      + HCO     = H2S     + CO           1.373E-01
 141) HS      + H       = H2      + S            3.608E+00
 142) HS      + S       = H       + S2           6.585E-07
 151) HS      + H2CO    = H2S     + HCO          5.759E+06
 176) HS      + O3      = HSO     + O2           2.146E+08
 177) HS      + NO2     = HSO     + NO           1.191E+06
 190) HSO     + HS      = H2S     + SO           4.847E+05
 195) HS      + CO      = OCS     + H            2.344E-04

S                   PRODUCTION RXS              INT RX RATE    TP =  3.09E+07
 117) SO      + HV      = S       + O            3.091E+07
 139) HS      + HS      = H2S     + S            9.320E+01
 141) HS      + H       = H2      + S            3.608E+00
 150) S2      + O       = S       + SO           3.120E-07
 152) S2      + HV      = S       + S            3.464E-07
 159) S3      + HV      = S2      + S            2.921E-18
 179) SO      + SO      = SO2     + S            6.804E+02
 197) O       + OCS     = S       + CO2          2.572E-09
 202) OCS     + HV      = CO      + S            1.024E-02

S                      LOSS RXS                INT RX RATE    TL =  3.09E+07
 142) HS      + S       = H       + S2           6.585E-07
 143) S       + O2      = SO      + O            3.075E+07
 144) S       + OH      = SO      + H            1.016E+01
 145) S       + HCO     = HS      + CO           6.580E-07
 146) S       + HO2     = HS      + O2           2.021E+00
 147) S       + HO2     = SO      + OH           2.021E+00
 148) S       + S       = S2      +              5.138E-13
 154) S       + S2      = S3      +              2.921E-18
 156) S       + S3      = S4      +              7.886E-33
 178) S       + O3      = SO      + O2           1.595E+05
 181) S       + CO2     = SO      + CO           2.268E-01
 192) HSO     + S       = HS      + SO           1.986E-01
 198) OCS     + S       = CO      + S2           1.971E-12
 200) S       + HCO     = OCS     + H            5.264E-06
 201) S       + CO      = OCS     +              1.050E-02
 206) OCS     + S       = OCS2    +              3.709E-12
 207) OCS2    + S       = OCS     + S2           9.654E-25

SO                  PRODUCTION RXS              INT RX RATE    TP =  2.22E+10
 119) SO2     + HV      = SO      + O            2.053E+10
 136) HS      + O       = H       + SO           8.500E+04
 137) HS      + O2      = OH      + SO           1.910E+06
 143) S       + O2      = SO      + O            3.075E+07
 144) S       + OH      = SO      + H            1.016E+01
 147) S       + HO2     = SO      + OH           2.021E+00
 150) S2      + O       = S       + SO           3.120E-07
 169) SO21    + SO2     = SO3     + SO           1.952E+01
 172) SO23    + SO2     = SO3     + SO           2.346E+00
 178) S       + O3      = SO      + O2           1.595E+05
 181) S       + CO2     = SO      + CO           2.268E-01
 186) HSO     + NO      = HNO     + SO           2.431E+05
 187) HSO     + OH      = H2O     + SO           6.970E+08
 189) HSO     + H       = H2      + SO           2.204E+04
 190) HSO     + HS      = H2S     + SO           4.847E+05
 191) HSO     + O       = OH      + SO           9.181E+08
 192) HSO     + S       = HS      + SO           1.986E-01
 196) O       + OCS     = CO      + SO           3.541E-04

SO                     LOSS RXS                INT RX RATE    TL =  2.22E+10
 117) SO      + HV      = S       + O            3.091E+07
 122) SO      + O2      = O       + SO2          7.477E+09
 123) SO      + HO2     = SO2     + OH           1.443E+09
 124) SO      + O       = SO2     +              1.106E+08
 125) SO      + OH      = SO2     + H            5.195E+08
 173) SO      + NO2     = SO2     + NO           4.960E+08
 174) SO      + O3      = SO2     + O2           1.066E+10
 179) SO      + SO      = SO2     + S            6.804E+02
 180) SO3     + SO      = SO2     + SO2          2.569E+00
 182) SO      + HO2     = HSO     + O2           1.443E+09
 183) SO      + HCO     = HSO     + CO           1.619E+01
 184) H       + SO      = HSO     +              1.655E+02

SO2                 PRODUCTION RXS              INT RX RATE    TP =  4.81E+11
 122) SO      + O2      = O       + SO2          7.477E+09
 123) SO      + HO2     = SO2     + OH           1.443E+09
 124) SO      + O       = SO2     +              1.106E+08
 125) SO      + OH      = SO2     + H            5.195E+08
 163) SO3     + HV      = SO2     + O            1.428E+04
 165) SO21    + M       = SO2     + M            4.174E+11
 167) SO21    + HV      = SO2     + HV           9.361E+07
 170) SO23    + M       = SO2     + M            4.299E+10
 171) SO23    + HV      = SO2     + HV           3.203E+07
 173) SO      + NO2     = SO2     + NO           4.960E+08
 174) SO      + O3      = SO2     + O2           1.066E+10
 179) SO      + SO      = SO2     + S            6.804E+02
 180) SO3     + SO      = SO2     + SO2          2.569E+00

SO2                    LOSS RXS                INT RX RATE    TL =  4.89E+11
 119) SO2     + HV      = SO      + O            2.053E+10
 120) SO2     + HV      = SO21    +              4.593E+11
 121) SO2     + HV      = SO23    +              1.269E+09
 126) SO2     + OH      = HSO3    +              7.559E+09
 127) SO2     + O       = SO3     +              8.313E+07
 169) SO21    + SO2     = SO3     + SO           1.952E+01
 172) SO23    + SO2     = SO3     + SO           2.346E+00
 175) SO2     + HO2     = SO3     + OH           6.544E+05

H2SO4               PRODUCTION RXS              INT RX RATE    TP =  7.64E+09
 128) SO3     + H2O     = H2SO4   +              7.642E+09

H2SO4                  LOSS RXS                INT RX RATE    TL =  7.55E+09

HSO                 PRODUCTION RXS              INT RX RATE    TP =  1.69E+09
 176) HS      + O3      = HSO     + O2           2.146E+08
 177) HS      + NO2     = HSO     + NO           1.191E+06
 182) SO      + HO2     = HSO     + O2           1.443E+09
 183) SO      + HCO     = HSO     + CO           1.619E+01
 184) H       + SO      = HSO     +              1.655E+02
 205) H2S     + HO2     = H2O     + HSO          2.842E+07

HSO                    LOSS RXS                INT RX RATE    TL =  1.67E+09
 185) HSO     + HV      = HS      + O            4.615E+07
 186) HSO     + NO      = HNO     + SO           2.431E+05
 187) HSO     + OH      = H2O     + SO           6.970E+08
 188) HSO     + H       = HS      + OH           4.409E+04
 189) HSO     + H       = H2      + SO           2.204E+04
 190) HSO     + HS      = H2S     + SO           4.847E+05
 191) HSO     + O       = OH      + SO           9.181E+08
 192) HSO     + S       = HS      + SO           1.986E-01

S2                  PRODUCTION RXS              INT RX RATE    TP =  6.58E-07
 142) HS      + S       = H       + S2           6.585E-07
 148) S       + S       = S2      +              5.138E-13
 158) S4      + HV      = S2      + S2           1.528E-23
 159) S3      + HV      = S2      + S            2.921E-18
 198) OCS     + S       = CO      + S2           1.971E-12
 207) OCS2    + S       = OCS     + S2           9.654E-25

S2                     LOSS RXS                INT RX RATE    TL =  6.58E-07
 150) S2      + O       = S       + SO           3.120E-07
 152) S2      + HV      = S       + S            3.464E-07
 154) S       + S2      = S3      +              2.921E-18
 155) S2      + S2      = S4      +              1.528E-23

S4                  PRODUCTION RXS              INT RX RATE    TP =  1.53E-23
 155) S2      + S2      = S4      +              1.528E-23
 156) S       + S3      = S4      +              7.886E-33
 162) S8      + HV      = S4      + S4           7.791E-62

S4                     LOSS RXS                INT RX RATE    TL =  1.53E-23
 157) S4      + S4      = S8      +              7.791E-62
 158) S4      + HV      = S2      + S2           1.528E-23

S8                  PRODUCTION RXS              INT RX RATE    TP =  7.79E-62
 157) S4      + S4      = S8      +              7.791E-62

S8                     LOSS RXS                INT RX RATE    TL =  7.79E-62
 162) S8      + HV      = S4      + S4           7.791E-62

SO3                 PRODUCTION RXS              INT RX RATE    TP =  7.64E+09
 127) SO2     + O       = SO3     +              8.313E+07
 129) HSO3    + O2      = HO2     + SO3          7.559E+09
 130) HSO3    + OH      = H2O     + SO3          7.624E+02
 131) HSO3    + H       = H2      + SO3          7.762E-02
 132) HSO3    + O       = OH      + SO3          8.747E+03
 168) SO21    + O2      = SO3     + O            8.755E+02
 169) SO21    + SO2     = SO3     + SO           1.952E+01
 172) SO23    + SO2     = SO3     + SO           2.346E+00
 175) SO2     + HO2     = SO3     + OH           6.544E+05

SO3                    LOSS RXS                INT RX RATE    TL =  7.64E+09
 128) SO3     + H2O     = H2SO4   +              7.642E+09
 163) SO3     + HV      = SO2     + O            1.428E+04
 180) SO3     + SO      = SO2     + SO2          2.569E+00

OCS                 PRODUCTION RXS              INT RX RATE    TP =  1.07E-02
 195) HS      + CO      = OCS     + H            2.344E-04
 200) S       + HCO     = OCS     + H            5.264E-06
 201) S       + CO      = OCS     +              1.050E-02
 207) OCS2    + S       = OCS     + S2           9.654E-25
 210) OCS2    + CO      = OCS     + OCS          3.709E-12

OCS                    LOSS RXS                INT RX RATE    TL =  1.07E-02
 194) H       + OCS     = CO      + HS           6.686E-08
 196) O       + OCS     = CO      + SO           3.541E-04
 197) O       + OCS     = S       + CO2          2.572E-09
 198) OCS     + S       = CO      + S2           1.971E-12
 199) OCS     + OH      = CO2     + HS           1.400E-04
 202) OCS     + HV      = CO      + S            1.024E-02
 206) OCS     + S       = OCS2    +              3.709E-12

S3                  PRODUCTION RXS              INT RX RATE    TP =  2.92E-18
 154) S       + S2      = S3      +              2.921E-18

S3                     LOSS RXS                INT RX RATE    TL =  2.92E-18
 156) S       + S3      = S4      +              7.886E-33
 159) S3      + HV      = S2      + S            2.921E-18

O3                  PRODUCTION RXS              INT RX RATE    TP =  9.21E+14
  18) O       + O2      = O3      +              9.215E+14

O3                     LOSS RXS                INT RX RATE    TL =  9.21E+14
   5) H       + O3      = OH      + O2           1.534E+11
  12) OH      + O3      = HO2     + O2           1.997E+11
  14) HO2     + O3      = OH      + O2      O2   1.234E+11
  19) O       + O3      = O2      + O2           5.186E+10
  28) O3      + HV      = O2      + O1D          5.047E+14
  29) O3      + HV      = O2      + O            4.156E+14
  30) O3      + HV      = O       + O       O    3.032E+11
  86) N       + O3      = NO      + O2           7.944E+05
  89) NO      + O3      = NO2     + O2           3.899E+11
 174) SO      + O3      = SO2     + O2           1.066E+10
 176) HS      + O3      = HSO     + O2           2.146E+08
 178) S       + O3      = SO      + O2           1.595E+05
 228) NO2     + O3      = NO3     + O2           1.023E+08

HNO3                PRODUCTION RXS              INT RX RATE    TP =  3.84E+09
  94) NO2     + OH      = HNO3    +              3.844E+09

HNO3                   LOSS RXS                INT RX RATE    TL =  3.82E+09
  60) HNO3    + HV      = NO2     + OH           2.217E+09
  61) HNO3    + HV      = HNO2    + O            2.833E+08
  62) HNO3    + HV      = HNO2    + O1D          2.034E+08
  96) HNO3    + OH      = H2O     + NO3          9.927E+08
 238) O       + HNO3    = OH      + NO3          3.556E+05

N                   PRODUCTION RXS              INT RX RATE    TP =  4.42E+07
  63) NO      + HV      = N       + O            4.416E+07

N                      LOSS RXS                INT RX RATE    TL =  1.44E+08
  84) N       + N       = N2      +              2.570E+05
  85) N       + O2      = NO      + O            2.180E+06
  86) N       + O3      = NO      + O2           7.944E+05
  87) N       + OH      = NO      + H            5.868E+07
  88) N       + NO      = N2      + O            7.193E+07
 218) N       + NO2     = N2O     + O            3.658E+06
 223) N       + HO2     = NO      + OH           6.407E+06

NO3                 PRODUCTION RXS              INT RX RATE    TP =  9.52E+09
  96) HNO3    + OH      = H2O     + NO3          9.927E+08
 214) O       + NO2     = NO3     +              8.012E+09
 226) N2O5    + M       = NO3     + NO2          6.053E+04
 228) NO2     + O3      = NO3     + O2           1.023E+08
 235) HO2NO2  + HV      = OH      + NO3          4.008E+08
 236) N2O5    + HV      = NO3     + NO2          3.936E+06
 237) N2O5    + HV      = NO3     + NO      O    3.560E+06
 238) O       + HNO3    = OH      + NO3          3.556E+05

NO3                    LOSS RXS                INT RX RATE    TL =  9.52E+09
 211) O       + NO3     = O2      + NO2          9.780E+07
 212) HO2     + NO3     = OH      + NO2     O2   1.232E+07
 213) NO      + NO3     = NO2     + NO2          4.693E+08
 215) OH      + NO3     = HO2     + NO2          1.492E+07
 216) NO3     + HV      = NO      + O2           1.069E+09
 217) NO3     + HV      = NO2     + O            7.845E+09
 225) NO2     + NO3     = N2O5    +              7.559E+06
 227) NO2     + NO3     = NO      + NO2     O2   6.580E+02
 229) NO3     + NO3     = NO2     + NO2     O2   5.773E-02

N2O                 PRODUCTION RXS              INT RX RATE    TP =  3.66E+06
 218) N       + NO2     = N2O     + O            3.658E+06

N2O                    LOSS RXS                INT RX RATE    TL =  8.59E+10
 220) O1D     + N2O     = N2      + O2           3.981E+07
 221) O1D     + N2O     = NO      + NO           6.230E+07
 222) N2O     + HV      = N2      + O1D          8.575E+10

HO2NO2              PRODUCTION RXS              INT RX RATE    TP =  1.21E+10
 230) HO2     + NO2     = HO2NO2  +              1.206E+10

HO2NO2                 LOSS RXS                INT RX RATE    TL =  1.21E+10
 231) O       + HO2NO2  = OH      + NO2     O2   2.713E+04
 232) OH      + HO2NO2  = H2O     + NO2     O2   2.659E+09
 233) HO2NO2  + M       = HO2     + NO2          7.513E+09
 234) HO2NO2  + HV      = HO2     + NO2          1.477E+09
 235) HO2NO2  + HV      = OH      + NO3          4.008E+08

N2O5                PRODUCTION RXS              INT RX RATE    TP =  7.56E+06
 225) NO2     + NO3     = N2O5    +              7.559E+06

N2O5                   LOSS RXS                INT RX RATE    TL =  7.56E+06
 224) O       + N2O5    = NO2     + NO2     O2   2.667E+03
 226) N2O5    + M       = NO3     + NO2          6.053E+04
 236) N2O5    + HV      = NO3     + NO2          3.936E+06
 237) N2O5    + HV      = NO3     + NO      O    3.560E+06

CO2                 PRODUCTION RXS              INT RX RATE    TP =  7.14E+11
  35) O       + HCO     = H       + CO2          3.069E+06
  40) CO      + OH      = CO2     + H            7.140E+11
  41) CO      + O       = CO2     +              9.169E+07
 197) O       + OCS     = S       + CO2          2.572E-09
 199) OCS     + OH      = CO2     + HS           1.400E-04

CO2                    LOSS RXS                INT RX RATE    TL =  2.22E+11
  38) CO2     + HV      = CO      + O            1.198E+11
  39) CO2     + HV      = CO      + O1D          1.022E+11
 105) CH21    + CO2     = H2CO    + CO           3.665E+04
 107) CH23    + CO2     = H2CO    + CO           2.984E+07
 181) S       + CO2     = SO      + CO           2.268E-01

SO4AER              PRODUCTION RXS              INT RX RATE    TP =  7.34E+09

SO4AER                 LOSS RXS                INT RX RATE    TL =  7.26E+09

S8AER               PRODUCTION RXS              INT RX RATE    TP =  0.00E+00

S8AER                  LOSS RXS                INT RX RATE    TL =  1.70E-19

HNO2                PRODUCTION RXS              INT RX RATE    TP =  0.00E+00
  61) HNO3    + HV      = HNO2    + O            2.833E+08
  62) HNO3    + HV      = HNO2    + O1D          2.034E+08
  92) NO      + OH      = HNO2    +              5.424E+09
 239) HO2     + NO2     = HNO2    + O2           4.579E+06

HNO2                   LOSS RXS                INT RX RATE    TL =  0.00E+00
  59) HNO2    + HV      = NO      + OH           5.779E+09
 102) HNO2    + OH      = H2O     + NO2          1.363E+08

O1D                 PRODUCTION RXS              INT RX RATE    TP =  0.00E+00
  23) O2      + HV      = O       + O1D          2.361E+11
  26) H2O     + HV      = H2      + O1D          1.122E+09
  28) O3      + HV      = O2      + O1D          5.047E+14
  39) CO2     + HV      = CO      + O1D          1.022E+11
  62) HNO3    + HV      = HNO2    + O1D          2.034E+08
  64) NO2     + HV      = NO      + O1D          1.073E+08
 222) N2O     + HV      = N2      + O1D          8.575E+10

O1D                    LOSS RXS                INT RX RATE    TL =  0.00E+00
   1) H2O     + O1D     = OH      + OH           1.325E+11
   2) H2      + O1D     = OH      + H            9.440E+08
  21) O1D     + N2      = O       + N2           5.048E+14
  22) O1D     + O2      = O       + O2           1.243E+11
  67) CH4     + O1D     = CH3     + OH           1.972E+09
  68) CH4     + O1D     = H2CO    + H2           1.315E+08
 110) C2H6    + O1D     = C2H5    + OH           6.060E-02
 203) CO      + O1D     = CO      + O            6.134E+07
 220) O1D     + N2O     = N2      + O2           3.981E+07
 221) O1D     + N2O     = NO      + NO           6.230E+07

CH21                PRODUCTION RXS              INT RX RATE    TP =  0.00E+00
  54) CH4     + HV      = CH21    + H2           8.038E+08
  58) C2H6    + HV      = CH4     + CH21         3.895E+01
  78) CH3     + HV      = CH21    + H            1.782E+05

CH21                   LOSS RXS                INT RX RATE    TL =  0.00E+00
  69) CH21    + CH4     = CH3     + CH3          5.113E+02
  70) CH21    + O2      = HCO     + OH           5.772E+05
  71) CH21    + N2      = CH23    + N2           8.034E+08
 104) CH21    + H2      = CH3     + H            2.689E+04
 105) CH21    + CO2     = H2CO    + CO           3.665E+04

CH23                PRODUCTION RXS              INT RX RATE    TP =  0.00E+00
  56) CH4     + HV      = CH23    + H       H    1.521E+08
  71) CH21    + N2      = CH23    + N2           8.034E+08

CH23                   LOSS RXS                INT RX RATE    TL =  0.00E+00
  72) CH23    + H2      = CH3     + H            8.388E+05
  73) CH23    + CH4     = CH3     + CH3          3.236E-06
  74) CH23    + O2      = HCO     + OH           9.228E+08
 106) CH23    + O       = HCO     + H            1.943E+06
 107) CH23    + CO2     = H2CO    + CO           2.984E+07

C2H5                PRODUCTION RXS              INT RX RATE    TP =  0.00E+00
 108) C2H6    + OH      = C2H5    + H2O          6.847E+01
 109) C2H6    + O       = C2H5    + OH           1.728E-01
 110) C2H6    + O1D     = C2H5    + OH           6.060E-02

C2H5                   LOSS RXS                INT RX RATE    TL =  0.00E+00
 111) C2H5    + H       = CH3     + CH3          6.934E-03
 112) C2H5    + O       = CH3     + HCO     H    2.764E-01
 113) C2H5    + OH      = CH3     + HCO     H2   8.647E-04
 114) C2H5    + HCO     = C2H6    + CO           7.593E-09
 115) C2H5    + HNO     = C2H6    + NO           1.261E-14
 116) C2H5    + O2      = CH3     + HCO     OH   6.842E+01

SO21                PRODUCTION RXS              INT RX RATE    TP =  0.00E+00
 120) SO2     + HV      = SO21    +              4.593E+11

SO21                   LOSS RXS                INT RX RATE    TL =  0.00E+00
 164) SO21    + M       = SO23    + M            4.174E+10
 165) SO21    + M       = SO2     + M            4.174E+11
 166) SO21    + HV      = SO23    + HV           6.383E+06
 167) SO21    + HV      = SO2     + HV           9.361E+07
 168) SO21    + O2      = SO3     + O            8.755E+02
 169) SO21    + SO2     = SO3     + SO           1.952E+01

SO23                PRODUCTION RXS              INT RX RATE    TP =  0.00E+00
 121) SO2     + HV      = SO23    +              1.269E+09
 164) SO21    + M       = SO23    + M            4.174E+10
 166) SO21    + HV      = SO23    + HV           6.383E+06

SO23                   LOSS RXS                INT RX RATE    TL =  0.00E+00
 170) SO23    + M       = SO2     + M            4.299E+10
 171) SO23    + HV      = SO2     + HV           3.203E+07
 172) SO23    + SO2     = SO3     + SO           2.346E+00

HSO3                PRODUCTION RXS              INT RX RATE    TP =  0.00E+00
 126) SO2     + OH      = HSO3    +              7.559E+09

HSO3                   LOSS RXS                INT RX RATE    TL =  0.00E+00
 129) HSO3    + O2      = HO2     + SO3          7.559E+09
 130) HSO3    + OH      = H2O     + SO3          7.624E+02
 131) HSO3    + H       = H2      + SO3          7.762E-02
 132) HSO3    + O       = OH      + SO3          8.747E+03

OCS2                PRODUCTION RXS              INT RX RATE    TP =  0.00E+00
 206) OCS     + S       = OCS2    +              3.709E-12

OCS2                   LOSS RXS                INT RX RATE    TL =  0.00E+00
 207) OCS2    + S       = OCS     + S2           9.654E-25
 210) OCS2    + CO      = OCS     + OCS          3.709E-12

N2                  PRODUCTION RXS              INT RX RATE    TP =  0.00E+00
  21) O1D     + N2      = O       + N2           5.048E+14
  71) CH21    + N2      = CH23    + N2           8.034E+08
  84) N       + N       = N2      +              2.570E+05
  88) N       + NO      = N2      + O            7.193E+07
 220) O1D     + N2O     = N2      + O2           3.981E+07
 222) N2O     + HV      = N2      + O1D          8.575E+10

N2                     LOSS RXS                INT RX RATE    TL =  0.00E+00
  21) O1D     + N2      = O       + N2           5.048E+14
  71) CH21    + N2      = CH23    + N2           8.034E+08
